../_Library/Arduino_STM32-master/STM32F1/variants/generic_stm32f103r8/wirish/syscalls.c:60:7:_sbrk	24	static
../_Library/Arduino_STM32-master/STM32F1/variants/generic_stm32f103r8/wirish/syscalls.c:79:12:_open	12	static
../_Library/Arduino_STM32-master/STM32F1/variants/generic_stm32f103r8/wirish/syscalls.c:83:12:_close	16	static
../_Library/Arduino_STM32-master/STM32F1/variants/generic_stm32f103r8/wirish/syscalls.c:87:12:_fstat	16	static
../_Library/Arduino_STM32-master/STM32F1/variants/generic_stm32f103r8/wirish/syscalls.c:92:12:_isatty	16	static
../_Library/Arduino_STM32-master/STM32F1/variants/generic_stm32f103r8/wirish/syscalls.c:96:12:isatty	16	static
../_Library/Arduino_STM32-master/STM32F1/variants/generic_stm32f103r8/wirish/syscalls.c:100:12:_lseek	24	static
../_Library/Arduino_STM32-master/STM32F1/variants/generic_stm32f103r8/wirish/syscalls.c:104:22:getch	4	static
../_Library/Arduino_STM32-master/STM32F1/variants/generic_stm32f103r8/wirish/syscalls.c:109:12:_read	24	static
../_Library/Arduino_STM32-master/STM32F1/variants/generic_stm32f103r8/wirish/syscalls.c:115:13:putch	16	static
../_Library/Arduino_STM32-master/STM32F1/variants/generic_stm32f103r8/wirish/syscalls.c:118:13:cgets	32	static
../_Library/Arduino_STM32-master/STM32F1/variants/generic_stm32f103r8/wirish/syscalls.c:158:12:_write	32	static
../_Library/Arduino_STM32-master/STM32F1/variants/generic_stm32f103r8/wirish/syscalls.c:168:14:fgets	24	static
../_Library/Arduino_STM32-master/STM32F1/variants/generic_stm32f103r8/wirish/syscalls.c:173:13:_exit	16	static
