D:/projects/STM32Wheel/STM32Wheel/_Library/tinyusb-master/src/device/dcd.h:219:20:dcd_event_sof	32	static
../Drivers/CMSIS/Include/core_cm3.h:1511:22:__NVIC_EnableIRQ	16	static
../Drivers/CMSIS/Include/core_cm3.h:1547:22:__NVIC_DisableIRQ	16	static,ignoring_inline_asm
../_Library/tinyusb-master/src/portable/st/stm32_fsdev/dcd_stm32_fsdev.c:227:6:dcd_init	56	static,ignoring_inline_asm
../_Library/tinyusb-master/src/portable/st/stm32_fsdev/dcd_stm32_fsdev.c:304:6:dcd_sof_enable	16	static
../_Library/tinyusb-master/src/portable/st/stm32_fsdev/dcd_stm32_fsdev.c:320:6:dcd_int_enable	16	static,ignoring_inline_asm
../_Library/tinyusb-master/src/portable/st/stm32_fsdev/dcd_stm32_fsdev.c:371:6:dcd_int_disable	16	static
../_Library/tinyusb-master/src/portable/st/stm32_fsdev/dcd_stm32_fsdev.c:420:6:dcd_set_address	16	static
../_Library/tinyusb-master/src/portable/st/stm32_fsdev/dcd_stm32_fsdev.c:432:6:dcd_remote_wakeup	16	static
../_Library/tinyusb-master/src/portable/st/stm32_fsdev/dcd_stm32_fsdev.c:462:13:dcd_handle_bus_reset	32	static
../_Library/tinyusb-master/src/portable/st/stm32_fsdev/dcd_stm32_fsdev.c:490:13:dcd_ep_ctr_tx_handler	120	static,ignoring_inline_asm
../_Library/tinyusb-master/src/portable/st/stm32_fsdev/dcd_stm32_fsdev.c:520:13:dcd_ep_ctr_rx_handler	664	static,ignoring_inline_asm
../_Library/tinyusb-master/src/portable/st/stm32_fsdev/dcd_stm32_fsdev.c:620:13:dcd_ep_ctr_handler	16	static
../_Library/tinyusb-master/src/portable/st/stm32_fsdev/dcd_stm32_fsdev.c:639:6:dcd_int_handler	96	static
../_Library/tinyusb-master/src/portable/st/stm32_fsdev/dcd_stm32_fsdev.c:714:6:dcd_edpt0_status_complete	32	static
../_Library/tinyusb-master/src/portable/st/stm32_fsdev/dcd_stm32_fsdev.c:730:13:dcd_pma_alloc_reset	80	static,ignoring_inline_asm
../_Library/tinyusb-master/src/portable/st/stm32_fsdev/dcd_stm32_fsdev.c:753:17:dcd_pma_alloc	48	static,ignoring_inline_asm
../_Library/tinyusb-master/src/portable/st/stm32_fsdev/dcd_stm32_fsdev.c:783:13:dcd_pma_free	104	static,ignoring_inline_asm
../_Library/tinyusb-master/src/portable/st/stm32_fsdev/dcd_stm32_fsdev.c:810:16:dcd_ep_alloc	32	static,ignoring_inline_asm
../_Library/tinyusb-master/src/portable/st/stm32_fsdev/dcd_stm32_fsdev.c:855:13:dcd_ep_free	24	static
../_Library/tinyusb-master/src/portable/st/stm32_fsdev/dcd_stm32_fsdev.c:883:6:dcd_edpt_open	680	static,ignoring_inline_asm
../_Library/tinyusb-master/src/portable/st/stm32_fsdev/dcd_stm32_fsdev.c:963:6:dcd_edpt_close_all	16	static
../_Library/tinyusb-master/src/portable/st/stm32_fsdev/dcd_stm32_fsdev.c:976:6:dcd_edpt_close	128	static,ignoring_inline_asm
../_Library/tinyusb-master/src/portable/st/stm32_fsdev/dcd_stm32_fsdev.c:998:6:dcd_edpt_iso_alloc	136	static,ignoring_inline_asm
../_Library/tinyusb-master/src/portable/st/stm32_fsdev/dcd_stm32_fsdev.c:1021:6:dcd_edpt_iso_activate	488	static,ignoring_inline_asm
../_Library/tinyusb-master/src/portable/st/stm32_fsdev/dcd_stm32_fsdev.c:1056:13:dcd_transmit_packet	176	static
../_Library/tinyusb-master/src/portable/st/stm32_fsdev/dcd_stm32_fsdev.c:1088:6:dcd_edpt_xfer	200	static,ignoring_inline_asm
../_Library/tinyusb-master/src/portable/st/stm32_fsdev/dcd_stm32_fsdev.c:1125:6:dcd_edpt_xfer_fifo	200	static,ignoring_inline_asm
../_Library/tinyusb-master/src/portable/st/stm32_fsdev/dcd_stm32_fsdev.c:1155:6:dcd_edpt_stall	128	static,ignoring_inline_asm
../_Library/tinyusb-master/src/portable/st/stm32_fsdev/dcd_stm32_fsdev.c:1173:6:dcd_edpt_clear_stall	304	static,ignoring_inline_asm
../_Library/tinyusb-master/src/portable/st/stm32_fsdev/dcd_stm32_fsdev.c:1211:13:dcd_write_packet_memory	40	static
../_Library/tinyusb-master/src/portable/st/stm32_fsdev/dcd_stm32_fsdev.c:1249:13:dcd_write_packet_memory_ff	40	static
../_Library/tinyusb-master/src/portable/st/stm32_fsdev/dcd_stm32_fsdev.c:1299:13:dcd_read_packet_memory	40	static
../_Library/tinyusb-master/src/portable/st/stm32_fsdev/dcd_stm32_fsdev.c:1333:13:dcd_read_packet_memory_ff	40	static
