../Core/Src/main.c:70:5:main	8	static
../Core/Src/main.c:121:6:SystemClock_Config	72	static
../Core/Src/main.c:161:13:MX_GPIO_Init	16	static
../Core/Src/main.c:181:6:tud_mount_cb	4	static
../Core/Src/main.c:187:6:tud_umount_cb	4	static
../Core/Src/main.c:195:6:tud_suspend_cb	16	static
../Core/Src/main.c:201:6:tud_resume_cb	4	static
../Core/Src/main.c:209:10:tud_hid_get_report_cb	16	static
../Core/Src/main.c:223:6:tud_hid_set_report_cb	16	static
../Core/Src/main.c:236:6:Error_Handler	4	static,ignoring_inline_asm
