Archive member included to satisfy reference by file (symbol)

c:/st/stm32cubeide_1.12.0/stm32cubeide/plugins/com.st.stm32cube.ide.mcu.externaltools.gnu-tools-for-stm32.10.3-2021.10.win32_1.0.200.202301161003/tools/bin/../lib/gcc/arm-none-eabi/10.3.1/../../../../arm-none-eabi/lib/thumb/v7-m/nofp\libc_nano.a(lib_a-errno.o)
                              ./Core/Src/syscalls.o (__errno)
c:/st/stm32cubeide_1.12.0/stm32cubeide/plugins/com.st.stm32cube.ide.mcu.externaltools.gnu-tools-for-stm32.10.3-2021.10.win32_1.0.200.202301161003/tools/bin/../lib/gcc/arm-none-eabi/10.3.1/../../../../arm-none-eabi/lib/thumb/v7-m/nofp\libc_nano.a(lib_a-exit.o)
                              c:/st/stm32cubeide_1.12.0/stm32cubeide/plugins/com.st.stm32cube.ide.mcu.externaltools.gnu-tools-for-stm32.10.3-2021.10.win32_1.0.200.202301161003/tools/bin/../lib/gcc/arm-none-eabi/10.3.1/../../../../arm-none-eabi/lib/thumb/v7-m/nofp/crt0.o (exit)
c:/st/stm32cubeide_1.12.0/stm32cubeide/plugins/com.st.stm32cube.ide.mcu.externaltools.gnu-tools-for-stm32.10.3-2021.10.win32_1.0.200.202301161003/tools/bin/../lib/gcc/arm-none-eabi/10.3.1/../../../../arm-none-eabi/lib/thumb/v7-m/nofp\libc_nano.a(lib_a-impure.o)
                              c:/st/stm32cubeide_1.12.0/stm32cubeide/plugins/com.st.stm32cube.ide.mcu.externaltools.gnu-tools-for-stm32.10.3-2021.10.win32_1.0.200.202301161003/tools/bin/../lib/gcc/arm-none-eabi/10.3.1/../../../../arm-none-eabi/lib/thumb/v7-m/nofp\libc_nano.a(lib_a-exit.o) (_global_impure_ptr)
c:/st/stm32cubeide_1.12.0/stm32cubeide/plugins/com.st.stm32cube.ide.mcu.externaltools.gnu-tools-for-stm32.10.3-2021.10.win32_1.0.200.202301161003/tools/bin/../lib/gcc/arm-none-eabi/10.3.1/../../../../arm-none-eabi/lib/thumb/v7-m/nofp\libc_nano.a(lib_a-init.o)
                              c:/st/stm32cubeide_1.12.0/stm32cubeide/plugins/com.st.stm32cube.ide.mcu.externaltools.gnu-tools-for-stm32.10.3-2021.10.win32_1.0.200.202301161003/tools/bin/../lib/gcc/arm-none-eabi/10.3.1/../../../../arm-none-eabi/lib/thumb/v7-m/nofp/crt0.o (__libc_init_array)
c:/st/stm32cubeide_1.12.0/stm32cubeide/plugins/com.st.stm32cube.ide.mcu.externaltools.gnu-tools-for-stm32.10.3-2021.10.win32_1.0.200.202301161003/tools/bin/../lib/gcc/arm-none-eabi/10.3.1/../../../../arm-none-eabi/lib/thumb/v7-m/nofp\libc_nano.a(lib_a-memcpy-stub.o)
                              ./_Library/tinyusb-master/src/class/hid/hid_device.o (memcpy)
c:/st/stm32cubeide_1.12.0/stm32cubeide/plugins/com.st.stm32cube.ide.mcu.externaltools.gnu-tools-for-stm32.10.3-2021.10.win32_1.0.200.202301161003/tools/bin/../lib/gcc/arm-none-eabi/10.3.1/../../../../arm-none-eabi/lib/thumb/v7-m/nofp\libc_nano.a(lib_a-memset.o)
                              c:/st/stm32cubeide_1.12.0/stm32cubeide/plugins/com.st.stm32cube.ide.mcu.externaltools.gnu-tools-for-stm32.10.3-2021.10.win32_1.0.200.202301161003/tools/bin/../lib/gcc/arm-none-eabi/10.3.1/../../../../arm-none-eabi/lib/thumb/v7-m/nofp/crt0.o (memset)
c:/st/stm32cubeide_1.12.0/stm32cubeide/plugins/com.st.stm32cube.ide.mcu.externaltools.gnu-tools-for-stm32.10.3-2021.10.win32_1.0.200.202301161003/tools/bin/../lib/gcc/arm-none-eabi/10.3.1/../../../../arm-none-eabi/lib/thumb/v7-m/nofp\libc_nano.a(lib_a-strlen.o)
                              ./Core/Src/usb_descriptors.o (strlen)

Discarded input sections

 .text          0x0000000000000000        0x0 c:/st/stm32cubeide_1.12.0/stm32cubeide/plugins/com.st.stm32cube.ide.mcu.externaltools.gnu-tools-for-stm32.10.3-2021.10.win32_1.0.200.202301161003/tools/bin/../lib/gcc/arm-none-eabi/10.3.1/thumb/v7-m/nofp/crti.o
 .data          0x0000000000000000        0x0 c:/st/stm32cubeide_1.12.0/stm32cubeide/plugins/com.st.stm32cube.ide.mcu.externaltools.gnu-tools-for-stm32.10.3-2021.10.win32_1.0.200.202301161003/tools/bin/../lib/gcc/arm-none-eabi/10.3.1/thumb/v7-m/nofp/crti.o
 .bss           0x0000000000000000        0x0 c:/st/stm32cubeide_1.12.0/stm32cubeide/plugins/com.st.stm32cube.ide.mcu.externaltools.gnu-tools-for-stm32.10.3-2021.10.win32_1.0.200.202301161003/tools/bin/../lib/gcc/arm-none-eabi/10.3.1/thumb/v7-m/nofp/crti.o
 .data          0x0000000000000000        0x4 c:/st/stm32cubeide_1.12.0/stm32cubeide/plugins/com.st.stm32cube.ide.mcu.externaltools.gnu-tools-for-stm32.10.3-2021.10.win32_1.0.200.202301161003/tools/bin/../lib/gcc/arm-none-eabi/10.3.1/thumb/v7-m/nofp/crtbegin.o
 .rodata        0x0000000000000000       0x24 c:/st/stm32cubeide_1.12.0/stm32cubeide/plugins/com.st.stm32cube.ide.mcu.externaltools.gnu-tools-for-stm32.10.3-2021.10.win32_1.0.200.202301161003/tools/bin/../lib/gcc/arm-none-eabi/10.3.1/thumb/v7-m/nofp/crtbegin.o
 .text          0x0000000000000000       0x7c c:/st/stm32cubeide_1.12.0/stm32cubeide/plugins/com.st.stm32cube.ide.mcu.externaltools.gnu-tools-for-stm32.10.3-2021.10.win32_1.0.200.202301161003/tools/bin/../lib/gcc/arm-none-eabi/10.3.1/../../../../arm-none-eabi/lib/thumb/v7-m/nofp/crt0.o
[...]
Memory Configuration

Name             Origin             Length             Attributes
RAM              0x0000000020000000 0x0000000000005000 xrw
FLASH            0x0000000008000000 0x0000000000010000 xr
*default*        0x0000000000000000 0xffffffffffffffff

Linker script and memory map

LOAD c:/st/stm32cubeide_1.12.0/stm32cubeide/plugins/com.st.stm32cube.ide.mcu.externaltools.gnu-tools-for-stm32.10.3-2021.10.win32_1.0.200.202301161003/tools/bin/../lib/gcc/arm-none-eabi/10.3.1/thumb/v7-m/nofp/crti.o
LOAD c:/st/stm32cubeide_1.12.0/stm32cubeide/plugins/com.st.stm32cube.ide.mcu.externaltools.gnu-tools-for-stm32.10.3-2021.10.win32_1.0.200.202301161003/tools/bin/../lib/gcc/arm-none-eabi/10.3.1/thumb/v7-m/nofp/crtbegin.o
LOAD c:/st/stm32cubeide_1.12.0/stm32cubeide/plugins/com.st.stm32cube.ide.mcu.externaltools.gnu-tools-for-stm32.10.3-2021.10.win32_1.0.200.202301161003/tools/bin/../lib/gcc/arm-none-eabi/10.3.1/../../../../arm-none-eabi/lib/thumb/v7-m/nofp/crt0.o
LOAD ./Core/Src/main.o
LOAD ./Core/Src/stm32f1xx_hal_msp.o
LOAD ./Core/Src/stm32f1xx_it.o
LOAD ./Core/Src/syscalls.o
LOAD ./Core/Src/sysmem.o
LOAD ./Core/Src/system_stm32f1xx.o
LOAD ./Core/Src/usb_descriptors.o
LOAD ./Core/Startup/startup_stm32f103c8tx.o
LOAD ./Drivers/STM32F1xx_HAL_Driver/Src/stm32f1xx_hal.o
LOAD ./Drivers/STM32F1xx_HAL_Driver/Src/stm32f1xx_hal_cortex.o
LOAD ./Drivers/STM32F1xx_HAL_Driver/Src/stm32f1xx_hal_dma.o
LOAD ./Drivers/STM32F1xx_HAL_Driver/Src/stm32f1xx_hal_exti.o
LOAD ./Drivers/STM32F1xx_HAL_Driver/Src/stm32f1xx_hal_flash.o
LOAD ./Drivers/STM32F1xx_HAL_Driver/Src/stm32f1xx_hal_flash_ex.o
LOAD ./Drivers/STM32F1xx_HAL_Driver/Src/stm32f1xx_hal_gpio.o
LOAD ./Drivers/STM32F1xx_HAL_Driver/Src/stm32f1xx_hal_gpio_ex.o
LOAD ./Drivers/STM32F1xx_HAL_Driver/Src/stm32f1xx_hal_pwr.o
LOAD ./Drivers/STM32F1xx_HAL_Driver/Src/stm32f1xx_hal_rcc.o
LOAD ./Drivers/STM32F1xx_HAL_Driver/Src/stm32f1xx_hal_rcc_ex.o
LOAD ./Drivers/STM32F1xx_HAL_Driver/Src/stm32f1xx_hal_tim.o
LOAD ./Drivers/STM32F1xx_HAL_Driver/Src/stm32f1xx_hal_tim_ex.o
LOAD ./_Library/tinyusb-master/src/class/audio/audio_device.o
LOAD ./_Library/tinyusb-master/src/class/bth/bth_device.o
LOAD ./_Library/tinyusb-master/src/class/cdc/cdc_device.o
LOAD ./_Library/tinyusb-master/src/class/cdc/cdc_host.o
LOAD ./_Library/tinyusb-master/src/class/cdc/cdc_rndis_host.o
LOAD ./_Library/tinyusb-master/src/class/dfu/dfu_device.o
LOAD ./_Library/tinyusb-master/src/class/dfu/dfu_rt_device.o
LOAD ./_Library/tinyusb-master/src/class/hid/hid_device.o
LOAD ./_Library/tinyusb-master/src/class/hid/hid_host.o
LOAD ./_Library/tinyusb-master/src/class/midi/midi_device.o
LOAD ./_Library/tinyusb-master/src/class/msc/msc_device.o
LOAD ./_Library/tinyusb-master/src/class/msc/msc_host.o
LOAD ./_Library/tinyusb-master/src/class/net/ecm_rndis_device.o
LOAD ./_Library/tinyusb-master/src/class/net/ncm_device.o
LOAD ./_Library/tinyusb-master/src/class/usbtmc/usbtmc_device.o
LOAD ./_Library/tinyusb-master/src/class/vendor/vendor_device.o
LOAD ./_Library/tinyusb-master/src/class/vendor/vendor_host.o
LOAD ./_Library/tinyusb-master/src/class/video/video_device.o
LOAD ./_Library/tinyusb-master/src/common/tusb_fifo.o
LOAD ./_Library/tinyusb-master/src/device/usbd.o
LOAD ./_Library/tinyusb-master/src/device/usbd_control.o
LOAD ./_Library/tinyusb-master/src/host/hub.o
LOAD ./_Library/tinyusb-master/src/host/usbh.o
LOAD ./_Library/tinyusb-master/src/portable/bridgetek/ft9xx/dcd_ft9xx.o
LOAD ./_Library/tinyusb-master/src/portable/chipidea/ci_hs/dcd_ci_hs.o
LOAD ./_Library/tinyusb-master/src/portable/chipidea/ci_hs/hcd_ci_hs.o
LOAD ./_Library/tinyusb-master/src/portable/dialog/da146xx/dcd_da146xx.o
LOAD ./_Library/tinyusb-master/src/portable/ehci/ehci.o
LOAD ./_Library/tinyusb-master/src/portable/espressif/esp32sx/dcd_esp32sx.o
LOAD ./_Library/tinyusb-master/src/portable/mentor/musb/dcd_musb.o
LOAD ./_Library/tinyusb-master/src/portable/mentor/musb/hcd_musb.o
LOAD ./_Library/tinyusb-master/src/portable/microchip/pic/dcd_pic.o
LOAD ./_Library/tinyusb-master/src/portable/microchip/pic32mz/dcd_pic32mz.o
LOAD ./_Library/tinyusb-master/src/portable/microchip/samd/dcd_samd.o
LOAD ./_Library/tinyusb-master/src/portable/microchip/samg/dcd_samg.o
LOAD ./_Library/tinyusb-master/src/portable/microchip/samx7x/dcd_samx7x.o
LOAD ./_Library/tinyusb-master/src/portable/mindmotion/mm32/dcd_mm32f327x_otg.o
LOAD ./_Library/tinyusb-master/src/portable/nordic/nrf5x/dcd_nrf5x.o
LOAD ./_Library/tinyusb-master/src/portable/nuvoton/nuc120/dcd_nuc120.o
LOAD ./_Library/tinyusb-master/src/portable/nuvoton/nuc121/dcd_nuc121.o
LOAD ./_Library/tinyusb-master/src/portable/nuvoton/nuc505/dcd_nuc505.o
LOAD ./_Library/tinyusb-master/src/portable/nxp/khci/dcd_khci.o
LOAD ./_Library/tinyusb-master/src/portable/nxp/khci/hcd_khci.o
LOAD ./_Library/tinyusb-master/src/portable/nxp/lpc17_40/dcd_lpc17_40.o
LOAD ./_Library/tinyusb-master/src/portable/nxp/lpc17_40/hcd_lpc17_40.o
LOAD ./_Library/tinyusb-master/src/portable/nxp/lpc_ip3511/dcd_lpc_ip3511.o
LOAD ./_Library/tinyusb-master/src/portable/nxp/transdimension/dcd_transdimension.o
LOAD ./_Library/tinyusb-master/src/portable/nxp/transdimension/hcd_transdimension.o
LOAD ./_Library/tinyusb-master/src/portable/ohci/ohci.o
LOAD ./_Library/tinyusb-master/src/portable/raspberrypi/pio_usb/dcd_pio_usb.o
LOAD ./_Library/tinyusb-master/src/portable/raspberrypi/pio_usb/hcd_pio_usb.o
LOAD ./_Library/tinyusb-master/src/portable/raspberrypi/rp2040/dcd_rp2040.o
LOAD ./_Library/tinyusb-master/src/portable/raspberrypi/rp2040/hcd_rp2040.o
LOAD ./_Library/tinyusb-master/src/portable/raspberrypi/rp2040/rp2040_usb.o
LOAD ./_Library/tinyusb-master/src/portable/renesas/rusb2/dcd_rusb2.o
LOAD ./_Library/tinyusb-master/src/portable/renesas/rusb2/hcd_rusb2.o
LOAD ./_Library/tinyusb-master/src/portable/sony/cxd56/dcd_cxd56.o
LOAD ./_Library/tinyusb-master/src/portable/st/stm32_fsdev/dcd_stm32_fsdev.o
LOAD ./_Library/tinyusb-master/src/portable/st/synopsys/dcd_synopsys.o
LOAD ./_Library/tinyusb-master/src/portable/sunxi/dcd_sunxi_musb.o
LOAD ./_Library/tinyusb-master/src/portable/synopsys/dwc2/dcd_dwc2.o
LOAD ./_Library/tinyusb-master/src/portable/template/dcd_template.o
LOAD ./_Library/tinyusb-master/src/portable/ti/msp430x5xx/dcd_msp430x5xx.o
LOAD ./_Library/tinyusb-master/src/portable/valentyusb/eptri/dcd_eptri.o
LOAD ./_Library/tinyusb-master/src/portable/wch/ch32v307/dcd_usbhs.o
LOAD ./_Library/tinyusb-master/src/tusb.o
START GROUP
LOAD c:/st/stm32cubeide_1.12.0/stm32cubeide/plugins/com.st.stm32cube.ide.mcu.externaltools.gnu-tools-for-stm32.10.3-2021.10.win32_1.0.200.202301161003/tools/bin/../lib/gcc/arm-none-eabi/10.3.1/../../../../arm-none-eabi/lib/thumb/v7-m/nofp\libc_nano.a
LOAD c:/st/stm32cubeide_1.12.0/stm32cubeide/plugins/com.st.stm32cube.ide.mcu.externaltools.gnu-tools-for-stm32.10.3-2021.10.win32_1.0.200.202301161003/tools/bin/../lib/gcc/arm-none-eabi/10.3.1/../../../../arm-none-eabi/lib/thumb/v7-m/nofp\libm.a
END GROUP
START GROUP
LOAD c:/st/stm32cubeide_1.12.0/stm32cubeide/plugins/com.st.stm32cube.ide.mcu.externaltools.gnu-tools-for-stm32.10.3-2021.10.win32_1.0.200.202301161003/tools/bin/../lib/gcc/arm-none-eabi/10.3.1/thumb/v7-m/nofp\libgcc.a
LOAD c:/st/stm32cubeide_1.12.0/stm32cubeide/plugins/com.st.stm32cube.ide.mcu.externaltools.gnu-tools-for-stm32.10.3-2021.10.win32_1.0.200.202301161003/tools/bin/../lib/gcc/arm-none-eabi/10.3.1/../../../../arm-none-eabi/lib/thumb/v7-m/nofp\libc_nano.a
END GROUP
START GROUP
LOAD c:/st/stm32cubeide_1.12.0/stm32cubeide/plugins/com.st.stm32cube.ide.mcu.externaltools.gnu-tools-for-stm32.10.3-2021.10.win32_1.0.200.202301161003/tools/bin/../lib/gcc/arm-none-eabi/10.3.1/thumb/v7-m/nofp\libgcc.a
LOAD c:/st/stm32cubeide_1.12.0/stm32cubeide/plugins/com.st.stm32cube.ide.mcu.externaltools.gnu-tools-for-stm32.10.3-2021.10.win32_1.0.200.202301161003/tools/bin/../lib/gcc/arm-none-eabi/10.3.1/../../../../arm-none-eabi/lib/thumb/v7-m/nofp\libc_nano.a
LOAD c:/st/stm32cubeide_1.12.0/stm32cubeide/plugins/com.st.stm32cube.ide.mcu.externaltools.gnu-tools-for-stm32.10.3-2021.10.win32_1.0.200.202301161003/tools/bin/../lib/gcc/arm-none-eabi/10.3.1/../../../../arm-none-eabi/lib/thumb/v7-m/nofp\libnosys.a
END GROUP
START GROUP
LOAD c:/st/stm32cubeide_1.12.0/stm32cubeide/plugins/com.st.stm32cube.ide.mcu.externaltools.gnu-tools-for-stm32.10.3-2021.10.win32_1.0.200.202301161003/tools/bin/../lib/gcc/arm-none-eabi/10.3.1/thumb/v7-m/nofp\libgcc.a
LOAD c:/st/stm32cubeide_1.12.0/stm32cubeide/plugins/com.st.stm32cube.ide.mcu.externaltools.gnu-tools-for-stm32.10.3-2021.10.win32_1.0.200.202301161003/tools/bin/../lib/gcc/arm-none-eabi/10.3.1/../../../../arm-none-eabi/lib/thumb/v7-m/nofp\libc_nano.a
LOAD c:/st/stm32cubeide_1.12.0/stm32cubeide/plugins/com.st.stm32cube.ide.mcu.externaltools.gnu-tools-for-stm32.10.3-2021.10.win32_1.0.200.202301161003/tools/bin/../lib/gcc/arm-none-eabi/10.3.1/../../../../arm-none-eabi/lib/thumb/v7-m/nofp\libnosys.a
END GROUP
LOAD c:/st/stm32cubeide_1.12.0/stm32cubeide/plugins/com.st.stm32cube.ide.mcu.externaltools.gnu-tools-for-stm32.10.3-2021.10.win32_1.0.200.202301161003/tools/bin/../lib/gcc/arm-none-eabi/10.3.1/thumb/v7-m/nofp/crtend.o
LOAD c:/st/stm32cubeide_1.12.0/stm32cubeide/plugins/com.st.stm32cube.ide.mcu.externaltools.gnu-tools-for-stm32.10.3-2021.10.win32_1.0.200.202301161003/tools/bin/../lib/gcc/arm-none-eabi/10.3.1/thumb/v7-m/nofp/crtn.o
                0x0000000020005000                _estack = (ORIGIN (RAM) + LENGTH (RAM))
                0x0000000000000200                _Min_Heap_Size = 0x200
                0x0000000000000400                _Min_Stack_Size = 0x400

.isr_vector     0x0000000008000000      0x10c
                0x0000000008000000                . = ALIGN (0x4)
 *(.isr_vector)
 .isr_vector    0x0000000008000000      0x10c ./Core/Startup/startup_stm32f103c8tx.o
                0x0000000008000000                g_pfnVectors
                0x000000000800010c                . = ALIGN (0x4)

.text           0x000000000800010c     0x5a90
                0x000000000800010c                . = ALIGN (0x4)
 *(.text)
 .text          0x000000000800010c       0x40 c:/st/stm32cubeide_1.12.0/stm32cubeide/plugins/com.st.stm32cube.ide.mcu.externaltools.gnu-tools-for-stm32.10.3-2021.10.win32_1.0.200.202301161003/tools/bin/../lib/gcc/arm-none-eabi/10.3.1/thumb/v7-m/nofp/crtbegin.o
 .text          0x000000000800014c       0x10 c:/st/stm32cubeide_1.12.0/stm32cubeide/plugins/com.st.stm32cube.ide.mcu.externaltools.gnu-tools-for-stm32.10.3-2021.10.win32_1.0.200.202301161003/tools/bin/../lib/gcc/arm-none-eabi/10.3.1/../../../../arm-none-eabi/lib/thumb/v7-m/nofp\libc_nano.a(lib_a-strlen.o)
                0x000000000800014c                strlen
 *(.text*)
 .text.main     0x000000000800015c       0x24 ./Core/Src/main.o
                0x000000000800015c                main
 .text.SystemClock_Config
                0x0000000008000180       0x8a ./Core/Src/main.o
                0x0000000008000180                SystemClock_Config
 *fill*         0x000000000800020a        0x2 
 .text.MX_GPIO_Init
                0x000000000800020c       0x44 ./Core/Src/main.o
 .text.tud_mount_cb
                0x0000000008000250        0xc ./Core/Src/main.o
                0x0000000008000250                tud_mount_cb
 .text.tud_umount_cb
                0x000000000800025c        0xc ./Core/Src/main.o
                0x000000000800025c                tud_umount_cb
 .text.tud_suspend_cb
                0x0000000008000268       0x14 ./Core/Src/main.o
                0x0000000008000268                tud_suspend_cb
 .text.tud_resume_cb
                0x000000000800027c        0xc ./Core/Src/main.o
                0x000000000800027c                tud_resume_cb
 .text.tud_hid_get_report_cb
                0x0000000008000288       0x20 ./Core/Src/main.o
                0x0000000008000288                tud_hid_get_report_cb
 .text.tud_hid_set_report_cb
                0x00000000080002a8       0x1e ./Core/Src/main.o
                0x00000000080002a8                tud_hid_set_report_cb
 .text.Error_Handler
                0x00000000080002c6        0xa ./Core/Src/main.o
                0x00000000080002c6                Error_Handler
 .text.HAL_MspInit
                0x00000000080002d0       0x64 ./Core/Src/stm32f1xx_hal_msp.o
                0x00000000080002d0                HAL_MspInit
 .text.NMI_Handler
                0x0000000008000334        0x6 ./Core/Src/stm32f1xx_it.o
                0x0000000008000334                NMI_Handler
 .text.HardFault_Handler
                0x000000000800033a        0x6 ./Core/Src/stm32f1xx_it.o
                0x000000000800033a                HardFault_Handler
 .text.MemManage_Handler
                0x0000000008000340        0x6 ./Core/Src/stm32f1xx_it.o
                0x0000000008000340                MemManage_Handler
 .text.BusFault_Handler
                0x0000000008000346        0x6 ./Core/Src/stm32f1xx_it.o
                0x0000000008000346                BusFault_Handler
 .text.UsageFault_Handler
                0x000000000800034c        0x6 ./Core/Src/stm32f1xx_it.o
                0x000000000800034c                UsageFault_Handler
 .text.SVC_Handler
                0x0000000008000352        0xc ./Core/Src/stm32f1xx_it.o
                0x0000000008000352                SVC_Handler
 .text.DebugMon_Handler
                0x000000000800035e        0xc ./Core/Src/stm32f1xx_it.o
                0x000000000800035e                DebugMon_Handler
 .text.PendSV_Handler
                0x000000000800036a        0xc ./Core/Src/stm32f1xx_it.o
                0x000000000800036a                PendSV_Handler
 .text.SysTick_Handler
                0x0000000008000376        0xc ./Core/Src/stm32f1xx_it.o
                0x0000000008000376                SysTick_Handler
 .text.SystemInit
                0x0000000008000382        0xc ./Core/Src/system_stm32f1xx.o
                0x0000000008000382                SystemInit
 *fill*         0x000000000800038e        0x2 
 .text.tud_descriptor_device_cb
                0x0000000008000390       0x14 ./Core/Src/usb_descriptors.o
                0x0000000008000390                tud_descriptor_device_cb
 .text.tud_hid_descriptor_report_cb
                0x00000000080003a4       0x1c ./Core/Src/usb_descriptors.o
                0x00000000080003a4                tud_hid_descriptor_report_cb
 .text.tud_descriptor_configuration_cb
                0x00000000080003c0       0x1c ./Core/Src/usb_descriptors.o
                0x00000000080003c0                tud_descriptor_configuration_cb
 .text.tud_descriptor_string_cb
                0x00000000080003dc       0xa4 ./Core/Src/usb_descriptors.o
                0x00000000080003dc                tud_descriptor_string_cb
 .text.Reset_Handler
                0x0000000008000480       0x48 ./Core/Startup/startup_stm32f103c8tx.o
                0x0000000008000480                Reset_Handler
 .text.Default_Handler
                0x00000000080004c8        0x2 ./Core/Startup/startup_stm32f103c8tx.o
                0x00000000080004c8                RTC_Alarm_IRQHandler
                0x00000000080004c8                EXTI2_IRQHandler
                0x00000000080004c8                TIM1_CC_IRQHandler
                0x00000000080004c8                PVD_IRQHandler
                0x00000000080004c8                EXTI3_IRQHandler
                0x00000000080004c8                EXTI0_IRQHandler
                0x00000000080004c8                I2C2_EV_IRQHandler
                0x00000000080004c8                ADC1_2_IRQHandler
                0x00000000080004c8                SPI1_IRQHandler
                0x00000000080004c8                TAMPER_IRQHandler
                0x00000000080004c8                DMA1_Channel4_IRQHandler
                0x00000000080004c8                USART3_IRQHandler
                0x00000000080004c8                RTC_IRQHandler
                0x00000000080004c8                DMA1_Channel7_IRQHandler
                0x00000000080004c8                CAN1_RX1_IRQHandler
                0x00000000080004c8                TIM4_IRQHandler
                0x00000000080004c8                I2C1_EV_IRQHandler
                0x00000000080004c8                DMA1_Channel6_IRQHandler
                0x00000000080004c8                TIM3_IRQHandler
                0x00000000080004c8                RCC_IRQHandler
                0x00000000080004c8                TIM1_TRG_COM_IRQHandler
                0x00000000080004c8                DMA1_Channel1_IRQHandler
                0x00000000080004c8                Default_Handler
                0x00000000080004c8                EXTI15_10_IRQHandler
                0x00000000080004c8                EXTI9_5_IRQHandler
                0x00000000080004c8                SPI2_IRQHandler
                0x00000000080004c8                DMA1_Channel5_IRQHandler
                0x00000000080004c8                EXTI4_IRQHandler
                0x00000000080004c8                USB_LP_CAN1_RX0_IRQHandler
                0x00000000080004c8                USB_HP_CAN1_TX_IRQHandler
                0x00000000080004c8                DMA1_Channel3_IRQHandler
                0x00000000080004c8                TIM1_UP_IRQHandler
                0x00000000080004c8                WWDG_IRQHandler
                0x00000000080004c8                TIM2_IRQHandler
                0x00000000080004c8                TIM1_BRK_IRQHandler
                0x00000000080004c8                EXTI1_IRQHandler
                0x00000000080004c8                USART2_IRQHandler
                0x00000000080004c8                I2C2_ER_IRQHandler
                0x00000000080004c8                DMA1_Channel2_IRQHandler
                0x00000000080004c8                CAN1_SCE_IRQHandler
                0x00000000080004c8                FLASH_IRQHandler
                0x00000000080004c8                USART1_IRQHandler
                0x00000000080004c8                I2C1_ER_IRQHandler
                0x00000000080004c8                USBWakeUp_IRQHandler
 *fill*         0x00000000080004ca        0x2 
 .text.HAL_Init
                0x00000000080004cc       0x2c ./Drivers/STM32F1xx_HAL_Driver/Src/stm32f1xx_hal.o
                0x00000000080004cc                HAL_Init
 .text.HAL_InitTick
                0x00000000080004f8       0x60 ./Drivers/STM32F1xx_HAL_Driver/Src/stm32f1xx_hal.o
                0x00000000080004f8                HAL_InitTick
 .text.HAL_IncTick
                0x0000000008000558       0x24 ./Drivers/STM32F1xx_HAL_Driver/Src/stm32f1xx_hal.o
                0x0000000008000558                HAL_IncTick
 .text.HAL_GetTick
                0x000000000800057c       0x14 ./Drivers/STM32F1xx_HAL_Driver/Src/stm32f1xx_hal.o
                0x000000000800057c                HAL_GetTick
 .text.__NVIC_SetPriorityGrouping
                0x0000000008000590       0x48 ./Drivers/STM32F1xx_HAL_Driver/Src/stm32f1xx_hal_cortex.o
 .text.__NVIC_GetPriorityGrouping
                0x00000000080005d8       0x1c ./Drivers/STM32F1xx_HAL_Driver/Src/stm32f1xx_hal_cortex.o
 .text.__NVIC_SetPriority
                0x00000000080005f4       0x54 ./Drivers/STM32F1xx_HAL_Driver/Src/stm32f1xx_hal_cortex.o
 .text.NVIC_EncodePriority
                0x0000000008000648       0x64 ./Drivers/STM32F1xx_HAL_Driver/Src/stm32f1xx_hal_cortex.o
 .text.SysTick_Config
                0x00000000080006ac       0x44 ./Drivers/STM32F1xx_HAL_Driver/Src/stm32f1xx_hal_cortex.o
 .text.HAL_NVIC_SetPriorityGrouping
                0x00000000080006f0       0x16 ./Drivers/STM32F1xx_HAL_Driver/Src/stm32f1xx_hal_cortex.o
                0x00000000080006f0                HAL_NVIC_SetPriorityGrouping
 .text.HAL_NVIC_SetPriority
                0x0000000008000706       0x38 ./Drivers/STM32F1xx_HAL_Driver/Src/stm32f1xx_hal_cortex.o
                0x0000000008000706                HAL_NVIC_SetPriority
 .text.HAL_SYSTICK_Config
                0x000000000800073e       0x18 ./Drivers/STM32F1xx_HAL_Driver/Src/stm32f1xx_hal_cortex.o
                0x000000000800073e                HAL_SYSTICK_Config
 *fill*         0x0000000008000756        0x2 
 .text.HAL_RCC_OscConfig
                0x0000000008000758      0x504 ./Drivers/STM32F1xx_HAL_Driver/Src/stm32f1xx_hal_rcc.o
                0x0000000008000758                HAL_RCC_OscConfig
 .text.HAL_RCC_ClockConfig
                0x0000000008000c5c      0x1d4 ./Drivers/STM32F1xx_HAL_Driver/Src/stm32f1xx_hal_rcc.o
                0x0000000008000c5c                HAL_RCC_ClockConfig
 .text.HAL_RCC_GetSysClockFreq
                0x0000000008000e30       0xbc ./Drivers/STM32F1xx_HAL_Driver/Src/stm32f1xx_hal_rcc.o
                0x0000000008000e30                HAL_RCC_GetSysClockFreq
 .text.RCC_Delay
                0x0000000008000eec       0x3c ./Drivers/STM32F1xx_HAL_Driver/Src/stm32f1xx_hal_rcc.o
 .text.get_index_by_itfnum
                0x0000000008000f28       0x44 ./_Library/tinyusb-master/src/class/hid/hid_device.o
 .text.hidd_init
                0x0000000008000f6c        0xe ./_Library/tinyusb-master/src/class/hid/hid_device.o
                0x0000000008000f6c                hidd_init
 *fill*         0x0000000008000f7a        0x2 
 .text.hidd_reset
                0x0000000008000f7c       0x20 ./_Library/tinyusb-master/src/class/hid/hid_device.o
                0x0000000008000f7c                hidd_reset
 .text.hidd_open
                0x0000000008000f9c      0x1bc ./_Library/tinyusb-master/src/class/hid/hid_device.o
                0x0000000008000f9c                hidd_open
 .text.hidd_control_xfer_cb
                0x0000000008001158      0x3a0 ./_Library/tinyusb-master/src/class/hid/hid_device.o
                0x0000000008001158                hidd_control_xfer_cb
 .text.hidd_xfer_cb
                0x00000000080014f8       0xfc ./_Library/tinyusb-master/src/class/hid/hid_device.o
                0x00000000080014f8                hidd_xfer_cb
 .text._ff_pull
                0x00000000080015f4       0x3e ./_Library/tinyusb-master/src/common/tusb_fifo.o
 .text.advance_index
                0x0000000008001632       0x4a ./_Library/tinyusb-master/src/common/tusb_fifo.o
 .text._tu_fifo_peek
                0x000000000800167c       0xcc ./_Library/tinyusb-master/src/common/tusb_fifo.o
 .text.tu_fifo_read
                0x0000000008001748       0x48 ./_Library/tinyusb-master/src/common/tusb_fifo.o
                0x0000000008001748                tu_fifo_read
 .text.tu_fifo_clear
                0x0000000008001790       0x20 ./_Library/tinyusb-master/src/common/tusb_fifo.o
                0x0000000008001790                tu_fifo_clear
 .text.tu_fifo_advance_read_pointer
                0x00000000080017b0       0x2e ./_Library/tinyusb-master/src/common/tusb_fifo.o
                0x00000000080017b0                tu_fifo_advance_read_pointer
 .text.tu_fifo_get_read_info
                0x00000000080017de      0x140 ./_Library/tinyusb-master/src/common/tusb_fifo.o
                0x00000000080017de                tu_fifo_get_read_info
 *fill*         0x000000000800191e        0x2 
 .text.get_driver
                0x0000000008001920       0x68 ./_Library/tinyusb-master/src/device/usbd.o
 .text.tud_inited
                0x0000000008001988       0x20 ./_Library/tinyusb-master/src/device/usbd.o
                0x0000000008001988                tud_inited
 .text.tud_init
                0x00000000080019a8       0xe8 ./_Library/tinyusb-master/src/device/usbd.o
                0x00000000080019a8                tud_init
 .text.configuration_reset
                0x0000000008001a90       0x8c ./_Library/tinyusb-master/src/device/usbd.o
 .text.usbd_reset
                0x0000000008001b1c       0x1e ./_Library/tinyusb-master/src/device/usbd.o
 *fill*         0x0000000008001b3a        0x2 
 .text.tud_task_ext
                0x0000000008001b3c      0x2a4 ./_Library/tinyusb-master/src/device/usbd.o
                0x0000000008001b3c                tud_task_ext
 .text.invoke_class_control
                0x0000000008001de0       0x2e ./_Library/tinyusb-master/src/device/usbd.o
 *fill*         0x0000000008001e0e        0x2 
 .text.process_control_request
                0x0000000008001e10      0x4d8 ./_Library/tinyusb-master/src/device/usbd.o
 .text.process_set_config
                0x00000000080022e8      0x218 ./_Library/tinyusb-master/src/device/usbd.o
 .text.process_get_descriptor
                0x0000000008002500      0x1d0 ./_Library/tinyusb-master/src/device/usbd.o
 .text.usbd_int_set
                0x00000000080026d0       0x34 ./_Library/tinyusb-master/src/device/usbd.o
                0x00000000080026d0                usbd_int_set
 .text.usbd_open_edpt_pair
                0x0000000008002704       0xd0 ./_Library/tinyusb-master/src/device/usbd.o
                0x0000000008002704                usbd_open_edpt_pair
 .text.usbd_edpt_open
                0x00000000080027d4       0x88 ./_Library/tinyusb-master/src/device/usbd.o
                0x00000000080027d4                usbd_edpt_open
 .text.usbd_edpt_xfer
                0x000000000800285c       0xec ./_Library/tinyusb-master/src/device/usbd.o
                0x000000000800285c                usbd_edpt_xfer
 .text.usbd_edpt_stall
                0x0000000008002948       0x98 ./_Library/tinyusb-master/src/device/usbd.o
                0x0000000008002948                usbd_edpt_stall
 .text.usbd_edpt_clear_stall
                0x00000000080029e0       0x98 ./_Library/tinyusb-master/src/device/usbd.o
                0x00000000080029e0                usbd_edpt_clear_stall
 .text.usbd_edpt_stalled
                0x0000000008002a78       0x58 ./_Library/tinyusb-master/src/device/usbd.o
                0x0000000008002a78                usbd_edpt_stalled
 .text._status_stage_xact
                0x0000000008002ad0       0x38 ./_Library/tinyusb-master/src/device/usbd_control.o
 .text.tud_control_status
                0x0000000008002b08       0x40 ./_Library/tinyusb-master/src/device/usbd_control.o
                0x0000000008002b08                tud_control_status
 .text._data_stage_xact
                0x0000000008002b48       0xa4 ./_Library/tinyusb-master/src/device/usbd_control.o
 .text.tud_control_xfer
                0x0000000008002bec       0xe0 ./_Library/tinyusb-master/src/device/usbd_control.o
                0x0000000008002bec                tud_control_xfer
 .text.usbd_control_reset
                0x0000000008002ccc       0x18 ./_Library/tinyusb-master/src/device/usbd_control.o
                0x0000000008002ccc                usbd_control_reset
 .text.usbd_control_set_complete_callback
                0x0000000008002ce4       0x1c ./_Library/tinyusb-master/src/device/usbd_control.o
                0x0000000008002ce4                usbd_control_set_complete_callback
 .text.usbd_control_set_request
                0x0000000008002d00       0x34 ./_Library/tinyusb-master/src/device/usbd_control.o
                0x0000000008002d00                usbd_control_set_request
 .text.usbd_control_xfer_cb
                0x0000000008002d34      0x170 ./_Library/tinyusb-master/src/device/usbd_control.o
                0x0000000008002d34                usbd_control_xfer_cb
 .text.__NVIC_EnableIRQ
                0x0000000008002ea4       0x38 ./_Library/tinyusb-master/src/portable/st/stm32_fsdev/dcd_stm32_fsdev.o
 .text.__NVIC_DisableIRQ
                0x0000000008002edc       0x48 ./_Library/tinyusb-master/src/portable/st/stm32_fsdev/dcd_stm32_fsdev.o
 .text.dcd_init
                0x0000000008002f24       0xfc ./_Library/tinyusb-master/src/portable/st/stm32_fsdev/dcd_stm32_fsdev.o
                0x0000000008002f24                dcd_init
 .text.dcd_int_enable
                0x0000000008003020       0x30 ./_Library/tinyusb-master/src/portable/st/stm32_fsdev/dcd_stm32_fsdev.o
                0x0000000008003020                dcd_int_enable
 .text.dcd_int_disable
                0x0000000008003050       0x24 ./_Library/tinyusb-master/src/portable/st/stm32_fsdev/dcd_stm32_fsdev.o
                0x0000000008003050                dcd_int_disable
 .text.dcd_set_address
                0x0000000008003074       0x24 ./_Library/tinyusb-master/src/portable/st/stm32_fsdev/dcd_stm32_fsdev.o
                0x0000000008003074                dcd_set_address
 .text.dcd_handle_bus_reset
                0x0000000008003098       0xa4 ./_Library/tinyusb-master/src/portable/st/stm32_fsdev/dcd_stm32_fsdev.o
 .text.dcd_edpt0_status_complete
                0x000000000800313c       0x84 ./_Library/tinyusb-master/src/portable/st/stm32_fsdev/dcd_stm32_fsdev.o
                0x000000000800313c                dcd_edpt0_status_complete
 .text.dcd_pma_alloc_reset
                0x00000000080031c0      0x26c ./_Library/tinyusb-master/src/portable/st/stm32_fsdev/dcd_stm32_fsdev.o
 .text.dcd_pma_alloc
                0x000000000800342c      0x108 ./_Library/tinyusb-master/src/portable/st/stm32_fsdev/dcd_stm32_fsdev.o
 .text.dcd_ep_alloc
                0x0000000008003534      0x140 ./_Library/tinyusb-master/src/portable/st/stm32_fsdev/dcd_stm32_fsdev.o
 .text.dcd_edpt_open
                0x0000000008003674     0x1490 ./_Library/tinyusb-master/src/portable/st/stm32_fsdev/dcd_stm32_fsdev.o
                0x0000000008003674                dcd_edpt_open
 .text.dcd_edpt_close_all
                0x0000000008004b04       0x14 ./_Library/tinyusb-master/src/portable/st/stm32_fsdev/dcd_stm32_fsdev.o
                0x0000000008004b04                dcd_edpt_close_all
 .text.dcd_transmit_packet
                0x0000000008004b18      0x274 ./_Library/tinyusb-master/src/portable/st/stm32_fsdev/dcd_stm32_fsdev.o
 .text.dcd_edpt_xfer
                0x0000000008004d8c      0x3f8 ./_Library/tinyusb-master/src/portable/st/stm32_fsdev/dcd_stm32_fsdev.o
                0x0000000008004d8c                dcd_edpt_xfer
 .text.dcd_edpt_stall
                0x0000000008005184      0x1c0 ./_Library/tinyusb-master/src/portable/st/stm32_fsdev/dcd_stm32_fsdev.o
                0x0000000008005184                dcd_edpt_stall
 .text.dcd_edpt_clear_stall
                0x0000000008005344      0x4d8 ./_Library/tinyusb-master/src/portable/st/stm32_fsdev/dcd_stm32_fsdev.o
                0x0000000008005344                dcd_edpt_clear_stall
 .text.dcd_write_packet_memory
                0x000000000800581c       0x88 ./_Library/tinyusb-master/src/portable/st/stm32_fsdev/dcd_stm32_fsdev.o
 .text.dcd_write_packet_memory_ff
                0x00000000080058a4       0xec ./_Library/tinyusb-master/src/portable/st/stm32_fsdev/dcd_stm32_fsdev.o
 .text.tu_edpt_validate
                0x0000000008005990       0xf8 ./_Library/tinyusb-master/src/tusb.o
                0x0000000008005990                tu_edpt_validate
 .text.tu_edpt_bind_driver
                0x0000000008005a88       0x88 ./_Library/tinyusb-master/src/tusb.o
                0x0000000008005a88                tu_edpt_bind_driver
 .text.__libc_init_array
                0x0000000008005b10       0x48 c:/st/stm32cubeide_1.12.0/stm32cubeide/plugins/com.st.stm32cube.ide.mcu.externaltools.gnu-tools-for-stm32.10.3-2021.10.win32_1.0.200.202301161003/tools/bin/../lib/gcc/arm-none-eabi/10.3.1/../../../../arm-none-eabi/lib/thumb/v7-m/nofp\libc_nano.a(lib_a-init.o)
                0x0000000008005b10                __libc_init_array
 .text.memcpy   0x0000000008005b58       0x1c c:/st/stm32cubeide_1.12.0/stm32cubeide/plugins/com.st.stm32cube.ide.mcu.externaltools.gnu-tools-for-stm32.10.3-2021.10.win32_1.0.200.202301161003/tools/bin/../lib/gcc/arm-none-eabi/10.3.1/../../../../arm-none-eabi/lib/thumb/v7-m/nofp\libc_nano.a(lib_a-memcpy-stub.o)
                0x0000000008005b58                memcpy
 .text.memset   0x0000000008005b74       0x10 c:/st/stm32cubeide_1.12.0/stm32cubeide/plugins/com.st.stm32cube.ide.mcu.externaltools.gnu-tools-for-stm32.10.3-2021.10.win32_1.0.200.202301161003/tools/bin/../lib/gcc/arm-none-eabi/10.3.1/../../../../arm-none-eabi/lib/thumb/v7-m/nofp\libc_nano.a(lib_a-memset.o)
                0x0000000008005b74                memset
 *(.glue_7)
 .glue_7        0x0000000008005b84        0x0 linker stubs
 *(.glue_7t)
 .glue_7t       0x0000000008005b84        0x0 linker stubs
 *(.eh_frame)
 .eh_frame      0x0000000008005b84        0x0 c:/st/stm32cubeide_1.12.0/stm32cubeide/plugins/com.st.stm32cube.ide.mcu.externaltools.gnu-tools-for-stm32.10.3-2021.10.win32_1.0.200.202301161003/tools/bin/../lib/gcc/arm-none-eabi/10.3.1/thumb/v7-m/nofp/crtbegin.o
 *(.init)
 .init          0x0000000008005b84        0x4 c:/st/stm32cubeide_1.12.0/stm32cubeide/plugins/com.st.stm32cube.ide.mcu.externaltools.gnu-tools-for-stm32.10.3-2021.10.win32_1.0.200.202301161003/tools/bin/../lib/gcc/arm-none-eabi/10.3.1/thumb/v7-m/nofp/crti.o
                0x0000000008005b84                _init
 .init          0x0000000008005b88        0x8 c:/st/stm32cubeide_1.12.0/stm32cubeide/plugins/com.st.stm32cube.ide.mcu.externaltools.gnu-tools-for-stm32.10.3-2021.10.win32_1.0.200.202301161003/tools/bin/../lib/gcc/arm-none-eabi/10.3.1/thumb/v7-m/nofp/crtn.o
 *(.fini)
 .fini          0x0000000008005b90        0x4 c:/st/stm32cubeide_1.12.0/stm32cubeide/plugins/com.st.stm32cube.ide.mcu.externaltools.gnu-tools-for-stm32.10.3-2021.10.win32_1.0.200.202301161003/tools/bin/../lib/gcc/arm-none-eabi/10.3.1/thumb/v7-m/nofp/crti.o
                0x0000000008005b90                _fini
 .fini          0x0000000008005b94        0x8 c:/st/stm32cubeide_1.12.0/stm32cubeide/plugins/com.st.stm32cube.ide.mcu.externaltools.gnu-tools-for-stm32.10.3-2021.10.win32_1.0.200.202301161003/tools/bin/../lib/gcc/arm-none-eabi/10.3.1/thumb/v7-m/nofp/crtn.o
                0x0000000008005b9c                . = ALIGN (0x4)
                0x0000000008005b9c                _etext = .

.vfp11_veneer   0x0000000008005b9c        0x0
 .vfp11_veneer  0x0000000008005b9c        0x0 linker stubs

.v4_bx          0x0000000008005b9c        0x0
 .v4_bx         0x0000000008005b9c        0x0 linker stubs

.iplt           0x0000000008005b9c        0x0
 .iplt          0x0000000008005b9c        0x0 c:/st/stm32cubeide_1.12.0/stm32cubeide/plugins/com.st.stm32cube.ide.mcu.externaltools.gnu-tools-for-stm32.10.3-2021.10.win32_1.0.200.202301161003/tools/bin/../lib/gcc/arm-none-eabi/10.3.1/thumb/v7-m/nofp/crtbegin.o

.rodata         0x0000000008005b9c      0x194
                0x0000000008005b9c                . = ALIGN (0x4)
 *(.rodata)
 .rodata        0x0000000008005b9c       0x1f ./Core/Src/usb_descriptors.o
 *fill*         0x0000000008005bbb        0x1 
 .rodata        0x0000000008005bbc       0x10 ./Drivers/STM32F1xx_HAL_Driver/Src/stm32f1xx_hal_rcc.o
 *(.rodata*)
 .rodata.AHBPrescTable
                0x0000000008005bcc       0x10 ./Core/Src/system_stm32f1xx.o
                0x0000000008005bcc                AHBPrescTable
 .rodata.desc_device
                0x0000000008005bdc       0x12 ./Core/Src/usb_descriptors.o
                0x0000000008005bdc                desc_device
 *fill*         0x0000000008005bee        0x2 
 .rodata.desc_hid_report
                0x0000000008005bf0       0xef ./Core/Src/usb_descriptors.o
                0x0000000008005bf0                desc_hid_report
 *fill*         0x0000000008005cdf        0x1 
 .rodata.desc_configuration
                0x0000000008005ce0       0x22 ./Core/Src/usb_descriptors.o
                0x0000000008005ce0                desc_configuration
 *fill*         0x0000000008005d02        0x2 
 .rodata.__compound_literal.0
                0x0000000008005d04        0x2 ./Core/Src/usb_descriptors.o
 *fill*         0x0000000008005d06        0x2 
 .rodata._usbd_driver
                0x0000000008005d08       0x18 ./_Library/tinyusb-master/src/device/usbd.o
 .rodata.ep0OUT_desc
                0x0000000008005d20        0x7 ./_Library/tinyusb-master/src/portable/st/stm32_fsdev/dcd_stm32_fsdev.o
 *fill*         0x0000000008005d27        0x1 
 .rodata.ep0IN_desc
                0x0000000008005d28        0x7 ./_Library/tinyusb-master/src/portable/st/stm32_fsdev/dcd_stm32_fsdev.o
                0x0000000008005d30                . = ALIGN (0x4)
 *fill*         0x0000000008005d2f        0x1 

.rel.dyn        0x0000000008005d30        0x0
 .rel.iplt      0x0000000008005d30        0x0 c:/st/stm32cubeide_1.12.0/stm32cubeide/plugins/com.st.stm32cube.ide.mcu.externaltools.gnu-tools-for-stm32.10.3-2021.10.win32_1.0.200.202301161003/tools/bin/../lib/gcc/arm-none-eabi/10.3.1/thumb/v7-m/nofp/crtbegin.o

.ARM.extab      0x0000000008005d30        0x0
                0x0000000008005d30                . = ALIGN (0x4)
 *(.ARM.extab* .gnu.linkonce.armextab.*)
                0x0000000008005d30                . = ALIGN (0x4)

.ARM            0x0000000008005d30        0x0
                0x0000000008005d30                . = ALIGN (0x4)
                0x0000000008005d30                __exidx_start = .
 *(.ARM.exidx*)
                0x0000000008005d30                __exidx_end = .
                0x0000000008005d30                . = ALIGN (0x4)

.preinit_array  0x0000000008005d30        0x0
                0x0000000008005d30                . = ALIGN (0x4)
                0x0000000008005d30                PROVIDE (__preinit_array_start = .)
 *(.preinit_array*)
                0x0000000008005d30                PROVIDE (__preinit_array_end = .)
                0x0000000008005d30                . = ALIGN (0x4)

.init_array     0x0000000008005d30        0x4
                0x0000000008005d30                . = ALIGN (0x4)
                0x0000000008005d30                PROVIDE (__init_array_start = .)
 *(SORT_BY_NAME(.init_array.*))
 *(.init_array*)
 .init_array    0x0000000008005d30        0x4 c:/st/stm32cubeide_1.12.0/stm32cubeide/plugins/com.st.stm32cube.ide.mcu.externaltools.gnu-tools-for-stm32.10.3-2021.10.win32_1.0.200.202301161003/tools/bin/../lib/gcc/arm-none-eabi/10.3.1/thumb/v7-m/nofp/crtbegin.o
                0x0000000008005d34                PROVIDE (__init_array_end = .)
                0x0000000008005d34                . = ALIGN (0x4)

.fini_array     0x0000000008005d34        0x4
                0x0000000008005d34                . = ALIGN (0x4)
                [!provide]                        PROVIDE (__fini_array_start = .)
 *(SORT_BY_NAME(.fini_array.*))
 *(.fini_array*)
 .fini_array    0x0000000008005d34        0x4 c:/st/stm32cubeide_1.12.0/stm32cubeide/plugins/com.st.stm32cube.ide.mcu.externaltools.gnu-tools-for-stm32.10.3-2021.10.win32_1.0.200.202301161003/tools/bin/../lib/gcc/arm-none-eabi/10.3.1/thumb/v7-m/nofp/crtbegin.o
                [!provide]                        PROVIDE (__fini_array_end = .)
                0x0000000008005d38                . = ALIGN (0x4)
                0x0000000008005d38                _sidata = LOADADDR (.data)

.data           0x0000000020000000       0x2c load address 0x0000000008005d38
                0x0000000020000000                . = ALIGN (0x4)
                0x0000000020000000                _sdata = .
 *(.data)
 *(.data*)
 .data.SystemCoreClock
                0x0000000020000000        0x4 ./Core/Src/system_stm32f1xx.o
                0x0000000020000000                SystemCoreClock
 .data.string_desc_arr
                0x0000000020000004       0x10 ./Core/Src/usb_descriptors.o
                0x0000000020000004                string_desc_arr
 .data.uwTickPrio
                0x0000000020000014        0x4 ./Drivers/STM32F1xx_HAL_Driver/Src/stm32f1xx_hal.o
                0x0000000020000014                uwTickPrio
 .data.uwTickFreq
                0x0000000020000018        0x1 ./Drivers/STM32F1xx_HAL_Driver/Src/stm32f1xx_hal.o
                0x0000000020000018                uwTickFreq
 .data._usbd_rhport
                0x0000000020000019        0x1 ./_Library/tinyusb-master/src/device/usbd.o
 *fill*         0x000000002000001a        0x2 
 .data._usbd_qdef
                0x000000002000001c       0x10 ./_Library/tinyusb-master/src/device/usbd.o
                0x000000002000001c                _usbd_qdef
 *(.RamFunc)
 *(.RamFunc*)
                0x000000002000002c                . = ALIGN (0x4)
                0x000000002000002c                _edata = .

.igot.plt       0x000000002000002c        0x0 load address 0x0000000008005d64
 .igot.plt      0x000000002000002c        0x0 c:/st/stm32cubeide_1.12.0/stm32cubeide/plugins/com.st.stm32cube.ide.mcu.externaltools.gnu-tools-for-stm32.10.3-2021.10.win32_1.0.200.202301161003/tools/bin/../lib/gcc/arm-none-eabi/10.3.1/thumb/v7-m/nofp/crtbegin.o
                0x000000002000002c                . = ALIGN (0x4)

.bss            0x000000002000002c      0x35c load address 0x0000000008005d64
                0x000000002000002c                _sbss = .
                0x000000002000002c                __bss_start__ = _sbss
 *(.bss)
 .bss           0x000000002000002c       0x1c c:/st/stm32cubeide_1.12.0/stm32cubeide/plugins/com.st.stm32cube.ide.mcu.externaltools.gnu-tools-for-stm32.10.3-2021.10.win32_1.0.200.202301161003/tools/bin/../lib/gcc/arm-none-eabi/10.3.1/thumb/v7-m/nofp/crtbegin.o
 *(.bss*)
 .bss._desc_str
                0x0000000020000048       0x40 ./Core/Src/usb_descriptors.o
 .bss.uwTick    0x0000000020000088        0x4 ./Drivers/STM32F1xx_HAL_Driver/Src/stm32f1xx_hal.o
                0x0000000020000088                uwTick
 .bss._hidd_itf
                0x000000002000008c       0x2c ./_Library/tinyusb-master/src/class/hid/hid_device.o
 .bss._usbd_dev
                0x00000000200000b8       0x33 ./_Library/tinyusb-master/src/device/usbd.o
 *fill*         0x00000000200000eb        0x1 
 .bss._app_driver
                0x00000000200000ec        0x4 ./_Library/tinyusb-master/src/device/usbd.o
 .bss._app_driver_count
                0x00000000200000f0        0x1 ./_Library/tinyusb-master/src/device/usbd.o
 *fill*         0x00000000200000f1        0x3 
 .bss._usbd_qdef_buf
                0x00000000200000f4       0xc0 ./_Library/tinyusb-master/src/device/usbd.o
                0x00000000200000f4                _usbd_qdef_buf
 .bss._usbd_q   0x00000000200001b4        0x4 ./_Library/tinyusb-master/src/device/usbd.o
 .bss._ctrl_xfer
                0x00000000200001b8       0x14 ./_Library/tinyusb-master/src/device/usbd_control.o
 .bss._usbd_ctrl_buf
                0x00000000200001cc       0x40 ./_Library/tinyusb-master/src/device/usbd_control.o
 .bss.xfer_status
                0x000000002000020c      0x140 ./_Library/tinyusb-master/src/portable/st/stm32_fsdev/dcd_stm32_fsdev.o
 .bss.ep_alloc_status
                0x000000002000034c       0x20 ./_Library/tinyusb-master/src/portable/st/stm32_fsdev/dcd_stm32_fsdev.o
 .bss._setup_packet
                0x000000002000036c       0x18 ./_Library/tinyusb-master/src/portable/st/stm32_fsdev/dcd_stm32_fsdev.o
 .bss.open_ep_count
                0x0000000020000384        0x1 ./_Library/tinyusb-master/src/portable/st/stm32_fsdev/dcd_stm32_fsdev.o
 *fill*         0x0000000020000385        0x1 
 .bss.ep_buf_ptr
                0x0000000020000386        0x2 ./_Library/tinyusb-master/src/portable/st/stm32_fsdev/dcd_stm32_fsdev.o
 *(COMMON)
                0x0000000020000388                . = ALIGN (0x4)
                0x0000000020000388                _ebss = .
                0x0000000020000388                __bss_end__ = _ebss

._user_heap_stack
                0x0000000020000388      0x600 load address 0x0000000008005d64
                0x0000000020000388                . = ALIGN (0x8)
                [!provide]                        PROVIDE (end = .)
                0x0000000020000388                PROVIDE (_end = .)
                0x0000000020000588                . = (. + _Min_Heap_Size)
 *fill*         0x0000000020000388      0x200 
                0x0000000020000988                . = (. + _Min_Stack_Size)
 *fill*         0x0000000020000588      0x400 
                0x0000000020000988                . = ALIGN (0x8)

/DISCARD/
 libc.a(*)
 libm.a(*)
 libgcc.a(*)

.ARM.attributes
                0x0000000000000000       0x29
 *(.ARM.attributes)
 .ARM.attributes
                0x0000000000000000       0x1d c:/st/stm32cubeide_1.12.0/stm32cubeide/plugins/com.st.stm32cube.ide.mcu.externaltools.gnu-tools-for-stm32.10.3-2021.10.win32_1.0.200.202301161003/tools/bin/../lib/gcc/arm-none-eabi/10.3.1/thumb/v7-m/nofp/crti.o
 .ARM.attributes
                0x000000000000001d       0x2d c:/st/stm32cubeide_1.12.0/stm32cubeide/plugins/com.st.stm32cube.ide.mcu.externaltools.gnu-tools-for-stm32.10.3-2021.10.win32_1.0.200.202301161003/tools/bin/../lib/gcc/arm-none-eabi/10.3.1/thumb/v7-m/nofp/crtbegin.o
 .ARM.attributes
                0x000000000000004a       0x2d ./Core/Src/main.o
 .ARM.attributes
                0x0000000000000077       0x2d ./Core/Src/stm32f1xx_hal_msp.o
 .ARM.attributes
                0x00000000000000a4       0x2d ./Core/Src/stm32f1xx_it.o
 .ARM.attributes
                0x00000000000000d1       0x2d ./Core/Src/system_stm32f1xx.o
 .ARM.attributes
                0x00000000000000fe       0x2d ./Core/Src/usb_descriptors.o
 .ARM.attributes
                0x000000000000012b       0x21 ./Core/Startup/startup_stm32f103c8tx.o
 .ARM.attributes
                0x000000000000014c       0x2d ./Drivers/STM32F1xx_HAL_Driver/Src/stm32f1xx_hal.o
 .ARM.attributes
                0x0000000000000179       0x2d ./Drivers/STM32F1xx_HAL_Driver/Src/stm32f1xx_hal_cortex.o
 .ARM.attributes
                0x00000000000001a6       0x2d ./Drivers/STM32F1xx_HAL_Driver/Src/stm32f1xx_hal_rcc.o
 .ARM.attributes
                0x00000000000001d3       0x2d ./_Library/tinyusb-master/src/class/hid/hid_device.o
 .ARM.attributes
                0x0000000000000200       0x2d ./_Library/tinyusb-master/src/common/tusb_fifo.o
 .ARM.attributes
                0x000000000000022d       0x2d ./_Library/tinyusb-master/src/device/usbd.o
 .ARM.attributes
                0x000000000000025a       0x2d ./_Library/tinyusb-master/src/device/usbd_control.o
 .ARM.attributes
                0x0000000000000287       0x2d ./_Library/tinyusb-master/src/portable/st/stm32_fsdev/dcd_stm32_fsdev.o
 .ARM.attributes
                0x00000000000002b4       0x2d ./_Library/tinyusb-master/src/tusb.o
 .ARM.attributes
                0x00000000000002e1       0x2d c:/st/stm32cubeide_1.12.0/stm32cubeide/plugins/com.st.stm32cube.ide.mcu.externaltools.gnu-tools-for-stm32.10.3-2021.10.win32_1.0.200.202301161003/tools/bin/../lib/gcc/arm-none-eabi/10.3.1/../../../../arm-none-eabi/lib/thumb/v7-m/nofp\libc_nano.a(lib_a-init.o)
 .ARM.attributes
                0x000000000000030e       0x2d c:/st/stm32cubeide_1.12.0/stm32cubeide/plugins/com.st.stm32cube.ide.mcu.externaltools.gnu-tools-for-stm32.10.3-2021.10.win32_1.0.200.202301161003/tools/bin/../lib/gcc/arm-none-eabi/10.3.1/../../../../arm-none-eabi/lib/thumb/v7-m/nofp\libc_nano.a(lib_a-memcpy-stub.o)
 .ARM.attributes
                0x000000000000033b       0x2d c:/st/stm32cubeide_1.12.0/stm32cubeide/plugins/com.st.stm32cube.ide.mcu.externaltools.gnu-tools-for-stm32.10.3-2021.10.win32_1.0.200.202301161003/tools/bin/../lib/gcc/arm-none-eabi/10.3.1/../../../../arm-none-eabi/lib/thumb/v7-m/nofp\libc_nano.a(lib_a-memset.o)
 .ARM.attributes
                0x0000000000000368       0x17 c:/st/stm32cubeide_1.12.0/stm32cubeide/plugins/com.st.stm32cube.ide.mcu.externaltools.gnu-tools-for-stm32.10.3-2021.10.win32_1.0.200.202301161003/tools/bin/../lib/gcc/arm-none-eabi/10.3.1/../../../../arm-none-eabi/lib/thumb/v7-m/nofp\libc_nano.a(lib_a-strlen.o)
 .ARM.attributes
                0x000000000000037f       0x1d c:/st/stm32cubeide_1.12.0/stm32cubeide/plugins/com.st.stm32cube.ide.mcu.externaltools.gnu-tools-for-stm32.10.3-2021.10.win32_1.0.200.202301161003/tools/bin/../lib/gcc/arm-none-eabi/10.3.1/thumb/v7-m/nofp/crtn.o
OUTPUT(STM32Wheel.elf elf32-littlearm)
LOAD linker stubs
LOAD c:/st/stm32cubeide_1.12.0/stm32cubeide/plugins/com.st.stm32cube.ide.mcu.externaltools.gnu-tools-for-stm32.10.3-2021.10.win32_1.0.200.202301161003/tools/bin/../lib/gcc/arm-none-eabi/10.3.1/../../../../arm-none-eabi/lib/thumb/v7-m/nofp\libc.a
LOAD c:/st/stm32cubeide_1.12.0/stm32cubeide/plugins/com.st.stm32cube.ide.mcu.externaltools.gnu-tools-for-stm32.10.3-2021.10.win32_1.0.200.202301161003/tools/bin/../lib/gcc/arm-none-eabi/10.3.1/../../../../arm-none-eabi/lib/thumb/v7-m/nofp\libm.a
LOAD c:/st/stm32cubeide_1.12.0/stm32cubeide/plugins/com.st.stm32cube.ide.mcu.externaltools.gnu-tools-for-stm32.10.3-2021.10.win32_1.0.200.202301161003/tools/bin/../lib/gcc/arm-none-eabi/10.3.1/thumb/v7-m/nofp\libgcc.a

.debug_info     0x0000000000000000     0xf819
 .debug_info    0x0000000000000000      0x584 ./Core/Src/main.o
 .debug_info    0x0000000000000584      0x210 ./Core/Src/stm32f1xx_hal_msp.o
 .debug_info    0x0000000000000794      0x122 ./Core/Src/stm32f1xx_it.o
 .debug_info    0x00000000000008b6      0x23d ./Core/Src/system_stm32f1xx.o
 .debug_info    0x0000000000000af3      0x9ee ./Core/Src/usb_descriptors.o
 .debug_info    0x00000000000014e1       0x22 ./Core/Startup/startup_stm32f103c8tx.o
 .debug_info    0x0000000000001503      0x734 ./Drivers/STM32F1xx_HAL_Driver/Src/stm32f1xx_hal.o
 .debug_info    0x0000000000001c37      0xb20 ./Drivers/STM32F1xx_HAL_Driver/Src/stm32f1xx_hal_cortex.o
 .debug_info    0x0000000000002757      0x860 ./Drivers/STM32F1xx_HAL_Driver/Src/stm32f1xx_hal_rcc.o
 .debug_info    0x0000000000002fb7     0x12ed ./_Library/tinyusb-master/src/class/hid/hid_device.o
 .debug_info    0x00000000000042a4     0x14a2 ./_Library/tinyusb-master/src/common/tusb_fifo.o
 .debug_info    0x0000000000005746     0x2bd0 ./_Library/tinyusb-master/src/device/usbd.o
 .debug_info    0x0000000000008316      0x763 ./_Library/tinyusb-master/src/device/usbd_control.o
 .debug_info    0x0000000000008a79     0x5d29 ./_Library/tinyusb-master/src/portable/st/stm32_fsdev/dcd_stm32_fsdev.o
 .debug_info    0x000000000000e7a2     0x1077 ./_Library/tinyusb-master/src/tusb.o

.debug_abbrev   0x0000000000000000     0x256b
 .debug_abbrev  0x0000000000000000      0x22e ./Core/Src/main.o
 .debug_abbrev  0x000000000000022e       0xd4 ./Core/Src/stm32f1xx_hal_msp.o
 .debug_abbrev  0x0000000000000302       0x74 ./Core/Src/stm32f1xx_it.o
 .debug_abbrev  0x0000000000000376      0x13b ./Core/Src/system_stm32f1xx.o
 .debug_abbrev  0x00000000000004b1      0x18a ./Core/Src/usb_descriptors.o
 .debug_abbrev  0x000000000000063b       0x12 ./Core/Startup/startup_stm32f103c8tx.o
 .debug_abbrev  0x000000000000064d      0x1fb ./Drivers/STM32F1xx_HAL_Driver/Src/stm32f1xx_hal.o
 .debug_abbrev  0x0000000000000848      0x2ed ./Drivers/STM32F1xx_HAL_Driver/Src/stm32f1xx_hal_cortex.o
 .debug_abbrev  0x0000000000000b35      0x2a8 ./Drivers/STM32F1xx_HAL_Driver/Src/stm32f1xx_hal_rcc.o
 .debug_abbrev  0x0000000000000ddd      0x407 ./_Library/tinyusb-master/src/class/hid/hid_device.o
 .debug_abbrev  0x00000000000011e4      0x317 ./_Library/tinyusb-master/src/common/tusb_fifo.o
 .debug_abbrev  0x00000000000014fb      0x4df ./_Library/tinyusb-master/src/device/usbd.o
 .debug_abbrev  0x00000000000019da      0x2b8 ./_Library/tinyusb-master/src/device/usbd_control.o
 .debug_abbrev  0x0000000000001c92      0x563 ./_Library/tinyusb-master/src/portable/st/stm32_fsdev/dcd_stm32_fsdev.o
 .debug_abbrev  0x00000000000021f5      0x376 ./_Library/tinyusb-master/src/tusb.o

.debug_aranges  0x0000000000000000      0x8c0
 .debug_aranges
                0x0000000000000000       0x68 ./Core/Src/main.o
 .debug_aranges
                0x0000000000000068       0x20 ./Core/Src/stm32f1xx_hal_msp.o
 .debug_aranges
                0x0000000000000088       0x60 ./Core/Src/stm32f1xx_it.o
 .debug_aranges
                0x00000000000000e8       0x28 ./Core/Src/system_stm32f1xx.o
 .debug_aranges
                0x0000000000000110       0x38 ./Core/Src/usb_descriptors.o
 .debug_aranges
                0x0000000000000148       0x28 ./Core/Startup/startup_stm32f103c8tx.o
 .debug_aranges
                0x0000000000000170       0xe0 ./Drivers/STM32F1xx_HAL_Driver/Src/stm32f1xx_hal.o
 .debug_aranges
                0x0000000000000250      0x100 ./Drivers/STM32F1xx_HAL_Driver/Src/stm32f1xx_hal_cortex.o
 .debug_aranges
                0x0000000000000350       0x90 ./Drivers/STM32F1xx_HAL_Driver/Src/stm32f1xx_hal_rcc.o
 .debug_aranges
                0x00000000000003e0       0x80 ./_Library/tinyusb-master/src/class/hid/hid_device.o
 .debug_aranges
                0x0000000000000460      0x118 ./_Library/tinyusb-master/src/common/tusb_fifo.o
 .debug_aranges
                0x0000000000000578      0x130 ./_Library/tinyusb-master/src/device/usbd.o
 .debug_aranges
                0x00000000000006a8       0x58 ./_Library/tinyusb-master/src/device/usbd_control.o
 .debug_aranges
                0x0000000000000700      0x128 ./_Library/tinyusb-master/src/portable/st/stm32_fsdev/dcd_stm32_fsdev.o
 .debug_aranges
                0x0000000000000828       0x98 ./_Library/tinyusb-master/src/tusb.o

.debug_ranges   0x0000000000000000      0x990
 .debug_ranges  0x0000000000000000       0x58 ./Core/Src/main.o
 .debug_ranges  0x0000000000000058       0x10 ./Core/Src/stm32f1xx_hal_msp.o
 .debug_ranges  0x0000000000000068       0x50 ./Core/Src/stm32f1xx_it.o
 .debug_ranges  0x00000000000000b8       0x18 ./Core/Src/system_stm32f1xx.o
 .debug_ranges  0x00000000000000d0       0x28 ./Core/Src/usb_descriptors.o
 .debug_ranges  0x00000000000000f8       0x20 ./Core/Startup/startup_stm32f103c8tx.o
 .debug_ranges  0x0000000000000118       0xd0 ./Drivers/STM32F1xx_HAL_Driver/Src/stm32f1xx_hal.o
 .debug_ranges  0x00000000000001e8       0xf0 ./Drivers/STM32F1xx_HAL_Driver/Src/stm32f1xx_hal_cortex.o
 .debug_ranges  0x00000000000002d8       0x80 ./Drivers/STM32F1xx_HAL_Driver/Src/stm32f1xx_hal_rcc.o
 .debug_ranges  0x0000000000000358       0x70 ./_Library/tinyusb-master/src/class/hid/hid_device.o
 .debug_ranges  0x00000000000003c8      0x108 ./_Library/tinyusb-master/src/common/tusb_fifo.o
 .debug_ranges  0x00000000000004d0      0x188 ./_Library/tinyusb-master/src/device/usbd.o
 .debug_ranges  0x0000000000000658       0x48 ./_Library/tinyusb-master/src/device/usbd_control.o
 .debug_ranges  0x00000000000006a0      0x268 ./_Library/tinyusb-master/src/portable/st/stm32_fsdev/dcd_stm32_fsdev.o
 .debug_ranges  0x0000000000000908       0x88 ./_Library/tinyusb-master/src/tusb.o

.debug_macro    0x0000000000000000    0x18e8b
 .debug_macro   0x0000000000000000      0x405 ./Core/Src/main.o
 .debug_macro   0x0000000000000405      0xa72 ./Core/Src/main.o
 .debug_macro   0x0000000000000e77      0x20f ./Core/Src/main.o
 .debug_macro   0x0000000000001086       0x2e ./Core/Src/main.o
 .debug_macro   0x00000000000010b4       0x22 ./Core/Src/main.o
 .debug_macro   0x00000000000010d6       0x22 ./Core/Src/main.o
 .debug_macro   0x00000000000010f8       0x8e ./Core/Src/main.o
 .debug_macro   0x0000000000001186       0x51 ./Core/Src/main.o
 .debug_macro   0x00000000000011d7      0x103 ./Core/Src/main.o
 .debug_macro   0x00000000000012da       0x6a ./Core/Src/main.o
 .debug_macro   0x0000000000001344      0x1df ./Core/Src/main.o
 .debug_macro   0x0000000000001523       0x1c ./Core/Src/main.o
 .debug_macro   0x000000000000153f       0x22 ./Core/Src/main.o
 .debug_macro   0x0000000000001561       0xbd ./Core/Src/main.o
 .debug_macro   0x000000000000161e      0xd23 ./Core/Src/main.o
 .debug_macro   0x0000000000002341     0xe09e ./Core/Src/main.o
 .debug_macro   0x00000000000103df       0x6d ./Core/Src/main.o
 .debug_macro   0x000000000001044c     0x3468 ./Core/Src/main.o
 .debug_macro   0x00000000000138b4      0x174 ./Core/Src/main.o
 .debug_macro   0x0000000000013a28       0x5c ./Core/Src/main.o
 .debug_macro   0x0000000000013a84      0x5be ./Core/Src/main.o
 .debug_macro   0x0000000000014042      0x289 ./Core/Src/main.o
 .debug_macro   0x00000000000142cb      0x1cb ./Core/Src/main.o
 .debug_macro   0x0000000000014496      0x114 ./Core/Src/main.o
 .debug_macro   0x00000000000145aa      0x1b2 ./Core/Src/main.o
 .debug_macro   0x000000000001475c       0x27 ./Core/Src/main.o
 .debug_macro   0x0000000000014783      0x136 ./Core/Src/main.o
 .debug_macro   0x00000000000148b9      0x1bc ./Core/Src/main.o
 .debug_macro   0x0000000000014a75       0x34 ./Core/Src/main.o
 .debug_macro   0x0000000000014aa9       0x3c ./Core/Src/main.o
 .debug_macro   0x0000000000014ae5       0x57 ./Core/Src/main.o
 .debug_macro   0x0000000000014b3c       0x88 ./Core/Src/main.o
 .debug_macro   0x0000000000014bc4      0x241 ./Core/Src/main.o
 .debug_macro   0x0000000000014e05      0x141 ./Core/Src/main.o
 .debug_macro   0x0000000000014f46       0x83 ./Core/Src/main.o
 .debug_macro   0x0000000000014fc9       0x6a ./Core/Src/main.o
 .debug_macro   0x0000000000015033       0x22 ./Core/Src/main.o
 .debug_macro   0x0000000000015055       0x52 ./Core/Src/main.o
 .debug_macro   0x00000000000150a7       0x18 ./Core/Src/main.o
 .debug_macro   0x00000000000150bf       0x3c ./Core/Src/main.o
 .debug_macro   0x00000000000150fb       0x34 ./Core/Src/main.o
 .debug_macro   0x000000000001512f       0x16 ./Core/Src/main.o
 .debug_macro   0x0000000000015145       0x43 ./Core/Src/main.o
 .debug_macro   0x0000000000015188       0x34 ./Core/Src/main.o
 .debug_macro   0x00000000000151bc       0x10 ./Core/Src/main.o
 .debug_macro   0x00000000000151cc       0x58 ./Core/Src/main.o
 .debug_macro   0x0000000000015224       0x71 ./Core/Src/main.o
 .debug_macro   0x0000000000015295       0x1c ./Core/Src/main.o
 .debug_macro   0x00000000000152b1      0x12a ./Core/Src/main.o
 .debug_macro   0x00000000000153db      0x341 ./Core/Src/main.o
 .debug_macro   0x000000000001571c       0x10 ./Core/Src/main.o
 .debug_macro   0x000000000001572c       0x35 ./Core/Src/main.o
 .debug_macro   0x0000000000015761       0x20 ./Core/Src/main.o
 .debug_macro   0x0000000000015781       0x1c ./Core/Src/main.o
 .debug_macro   0x000000000001579d       0x10 ./Core/Src/main.o
 .debug_macro   0x00000000000157ad       0x10 ./Core/Src/main.o
 .debug_macro   0x00000000000157bd       0x1c ./Core/Src/main.o
 .debug_macro   0x00000000000157d9       0x52 ./Core/Src/main.o
 .debug_macro   0x000000000001582b       0x22 ./Core/Src/main.o
 .debug_macro   0x000000000001584d       0x10 ./Core/Src/main.o
 .debug_macro   0x000000000001585d       0x52 ./Core/Src/main.o
 .debug_macro   0x00000000000158af       0xd5 ./Core/Src/main.o
 .debug_macro   0x0000000000015984       0x1c ./Core/Src/main.o
 .debug_macro   0x00000000000159a0       0x3d ./Core/Src/main.o
 .debug_macro   0x00000000000159dd       0x16 ./Core/Src/main.o
 .debug_macro   0x00000000000159f3      0x145 ./Core/Src/main.o
 .debug_macro   0x0000000000015b38      0x153 ./Core/Src/main.o
 .debug_macro   0x0000000000015c8b      0x23d ./Core/Src/main.o
 .debug_macro   0x0000000000015ec8       0x64 ./Core/Src/main.o
 .debug_macro   0x0000000000015f2c       0x3a ./Core/Src/main.o
 .debug_macro   0x0000000000015f66      0x100 ./Core/Src/main.o
 .debug_macro   0x0000000000016066       0x64 ./Core/Src/main.o
 .debug_macro   0x00000000000160ca       0x11 ./Core/Src/main.o
 .debug_macro   0x00000000000160db       0xc7 ./Core/Src/main.o
 .debug_macro   0x00000000000161a2       0x25 ./Core/Src/main.o
 .debug_macro   0x00000000000161c7       0x28 ./Core/Src/main.o
 .debug_macro   0x00000000000161ef       0x1c ./Core/Src/main.o
 .debug_macro   0x000000000001620b       0x1f ./Core/Src/main.o
 .debug_macro   0x000000000001622a      0x6cb ./Core/Src/main.o
 .debug_macro   0x00000000000168f5      0x382 ./Core/Src/main.o
 .debug_macro   0x0000000000016c77       0x35 ./Core/Src/main.o
 .debug_macro   0x0000000000016cac      0x18e ./Core/Src/stm32f1xx_hal_msp.o
 .debug_macro   0x0000000000016e3a      0x198 ./Core/Src/stm32f1xx_it.o
 .debug_macro   0x0000000000016fd2      0x184 ./Core/Src/system_stm32f1xx.o
 .debug_macro   0x0000000000017156      0x303 ./Core/Src/usb_descriptors.o
 .debug_macro   0x0000000000017459      0x1a8 ./Drivers/STM32F1xx_HAL_Driver/Src/stm32f1xx_hal.o
 .debug_macro   0x0000000000017601      0x184 ./Drivers/STM32F1xx_HAL_Driver/Src/stm32f1xx_hal_cortex.o
 .debug_macro   0x0000000000017785      0x196 ./Drivers/STM32F1xx_HAL_Driver/Src/stm32f1xx_hal_rcc.o
 .debug_macro   0x000000000001791b      0x2c9 ./_Library/tinyusb-master/src/class/hid/hid_device.o
 .debug_macro   0x0000000000017be4      0x37c ./_Library/tinyusb-master/src/class/hid/hid_device.o
 .debug_macro   0x0000000000017f60       0x2e ./_Library/tinyusb-master/src/class/hid/hid_device.o
 .debug_macro   0x0000000000017f8e      0x2b4 ./_Library/tinyusb-master/src/common/tusb_fifo.o
 .debug_macro   0x0000000000018242      0x31b ./_Library/tinyusb-master/src/device/usbd.o
 .debug_macro   0x000000000001855d      0x2ed ./_Library/tinyusb-master/src/device/usbd_control.o
 .debug_macro   0x000000000001884a      0x329 ./_Library/tinyusb-master/src/portable/st/stm32_fsdev/dcd_stm32_fsdev.o
 .debug_macro   0x0000000000018b73       0x2b ./_Library/tinyusb-master/src/portable/st/stm32_fsdev/dcd_stm32_fsdev.o
 .debug_macro   0x0000000000018b9e      0x2ed ./_Library/tinyusb-master/src/tusb.o

.debug_line     0x0000000000000000     0xc6cd
 .debug_line    0x0000000000000000      0xbb9 ./Core/Src/main.o
 .debug_line    0x0000000000000bb9      0x631 ./Core/Src/stm32f1xx_hal_msp.o
 .debug_line    0x00000000000011ea      0x6f3 ./Core/Src/stm32f1xx_it.o
 .debug_line    0x00000000000018dd      0x6af ./Core/Src/system_stm32f1xx.o
 .debug_line    0x0000000000001f8c      0x8cd ./Core/Src/usb_descriptors.o
 .debug_line    0x0000000000002859       0x87 ./Core/Startup/startup_stm32f103c8tx.o
 .debug_line    0x00000000000028e0      0x8dc ./Drivers/STM32F1xx_HAL_Driver/Src/stm32f1xx_hal.o
 .debug_line    0x00000000000031bc      0xac4 ./Drivers/STM32F1xx_HAL_Driver/Src/stm32f1xx_hal_cortex.o
 .debug_line    0x0000000000003c80      0xcea ./Drivers/STM32F1xx_HAL_Driver/Src/stm32f1xx_hal_rcc.o
 .debug_line    0x000000000000496a      0xd5a ./_Library/tinyusb-master/src/class/hid/hid_device.o
 .debug_line    0x00000000000056c4     0x10cb ./_Library/tinyusb-master/src/common/tusb_fifo.o
 .debug_line    0x000000000000678f     0x182f ./_Library/tinyusb-master/src/device/usbd.o
 .debug_line    0x0000000000007fbe      0xa75 ./_Library/tinyusb-master/src/device/usbd_control.o
 .debug_line    0x0000000000008a33     0x2e5e ./_Library/tinyusb-master/src/portable/st/stm32_fsdev/dcd_stm32_fsdev.o
 .debug_line    0x000000000000b891      0xe3c ./_Library/tinyusb-master/src/tusb.o

.debug_str      0x0000000000000000    0x90491
 .debug_str     0x0000000000000000    0x8b8e4 ./Core/Src/main.o
                                      0x8bc45 (size before relaxing)
 .debug_str     0x000000000008b8e4       0x5a ./Core/Src/stm32f1xx_hal_msp.o
                                      0x7aab5 (size before relaxing)
 .debug_str     0x000000000008b93e       0xc9 ./Core/Src/stm32f1xx_it.o
                                      0x7aaca (size before relaxing)
 .debug_str     0x000000000008ba07       0x7e ./Core/Src/system_stm32f1xx.o
                                      0x7aae0 (size before relaxing)
 .debug_str     0x000000000008ba85     0x1a98 ./Core/Src/usb_descriptors.o
                                      0x168ab (size before relaxing)
 .debug_str     0x000000000008d51d       0x36 ./Core/Startup/startup_stm32f103c8tx.o
                                         0x5e (size before relaxing)
 .debug_str     0x000000000008d553      0x611 ./Drivers/STM32F1xx_HAL_Driver/Src/stm32f1xx_hal.o
                                      0x7b213 (size before relaxing)
 .debug_str     0x000000000008db64      0x2b1 ./Drivers/STM32F1xx_HAL_Driver/Src/stm32f1xx_hal_cortex.o
                                      0x7b15f (size before relaxing)
 .debug_str     0x000000000008de15      0x26a ./Drivers/STM32F1xx_HAL_Driver/Src/stm32f1xx_hal_rcc.o
                                      0x7af0f (size before relaxing)
 .debug_str     0x000000000008e07f      0x8e7 ./_Library/tinyusb-master/src/class/hid/hid_device.o
                                      0x15a83 (size before relaxing)
 .debug_str     0x000000000008e966      0x452 ./_Library/tinyusb-master/src/common/tusb_fifo.o
                                       0xa994 (size before relaxing)
 .debug_str     0x000000000008edb8      0xb80 ./_Library/tinyusb-master/src/device/usbd.o
                                      0x162ed (size before relaxing)
 .debug_str     0x000000000008f938       0xe2 ./_Library/tinyusb-master/src/device/usbd_control.o
                                      0x151bd (size before relaxing)
 .debug_str     0x000000000008fa1a      0x875 ./_Library/tinyusb-master/src/portable/st/stm32_fsdev/dcd_stm32_fsdev.o
                                      0x5c3f4 (size before relaxing)
 .debug_str     0x000000000009028f      0x202 ./_Library/tinyusb-master/src/tusb.o
                                      0x15647 (size before relaxing)

.comment        0x0000000000000000       0x50
 .comment       0x0000000000000000       0x50 ./Core/Src/main.o
                                         0x51 (size before relaxing)
 .comment       0x0000000000000050       0x51 ./Core/Src/stm32f1xx_hal_msp.o
 .comment       0x0000000000000050       0x51 ./Core/Src/stm32f1xx_it.o
 .comment       0x0000000000000050       0x51 ./Core/Src/system_stm32f1xx.o
 .comment       0x0000000000000050       0x51 ./Core/Src/usb_descriptors.o
 .comment       0x0000000000000050       0x51 ./Drivers/STM32F1xx_HAL_Driver/Src/stm32f1xx_hal.o
 .comment       0x0000000000000050       0x51 ./Drivers/STM32F1xx_HAL_Driver/Src/stm32f1xx_hal_cortex.o
 .comment       0x0000000000000050       0x51 ./Drivers/STM32F1xx_HAL_Driver/Src/stm32f1xx_hal_rcc.o
 .comment       0x0000000000000050       0x51 ./_Library/tinyusb-master/src/class/hid/hid_device.o
 .comment       0x0000000000000050       0x51 ./_Library/tinyusb-master/src/common/tusb_fifo.o
 .comment       0x0000000000000050       0x51 ./_Library/tinyusb-master/src/device/usbd.o
 .comment       0x0000000000000050       0x51 ./_Library/tinyusb-master/src/device/usbd_control.o
 .comment       0x0000000000000050       0x51 ./_Library/tinyusb-master/src/portable/st/stm32_fsdev/dcd_stm32_fsdev.o
 .comment       0x0000000000000050       0x51 ./_Library/tinyusb-master/src/tusb.o

.debug_frame    0x0000000000000000     0x220c
 .debug_frame   0x0000000000000000      0x168 ./Core/Src/main.o
 .debug_frame   0x0000000000000168       0x38 ./Core/Src/stm32f1xx_hal_msp.o
 .debug_frame   0x00000000000001a0      0x104 ./Core/Src/stm32f1xx_it.o
 .debug_frame   0x00000000000002a4       0x58 ./Core/Src/system_stm32f1xx.o
 .debug_frame   0x00000000000002fc       0xa4 ./Core/Src/usb_descriptors.o
 .debug_frame   0x00000000000003a0      0x334 ./Drivers/STM32F1xx_HAL_Driver/Src/stm32f1xx_hal.o
 .debug_frame   0x00000000000006d4      0x428 ./Drivers/STM32F1xx_HAL_Driver/Src/stm32f1xx_hal_cortex.o
 .debug_frame   0x0000000000000afc      0x21c ./Drivers/STM32F1xx_HAL_Driver/Src/stm32f1xx_hal_rcc.o
 .debug_frame   0x0000000000000d18      0x1fc ./_Library/tinyusb-master/src/class/hid/hid_device.o
 .debug_frame   0x0000000000000f14      0x4c8 ./_Library/tinyusb-master/src/common/tusb_fifo.o
 .debug_frame   0x00000000000013dc      0x4e8 ./_Library/tinyusb-master/src/device/usbd.o
 .debug_frame   0x00000000000018c4      0x130 ./_Library/tinyusb-master/src/device/usbd_control.o
 .debug_frame   0x00000000000019f4      0x538 ./_Library/tinyusb-master/src/portable/st/stm32_fsdev/dcd_stm32_fsdev.o
 .debug_frame   0x0000000000001f2c      0x26c ./_Library/tinyusb-master/src/tusb.o
 .debug_frame   0x0000000000002198       0x2c c:/st/stm32cubeide_1.12.0/stm32cubeide/plugins/com.st.stm32cube.ide.mcu.externaltools.gnu-tools-for-stm32.10.3-2021.10.win32_1.0.200.202301161003/tools/bin/../lib/gcc/arm-none-eabi/10.3.1/../../../../arm-none-eabi/lib/thumb/v7-m/nofp\libc_nano.a(lib_a-init.o)
 .debug_frame   0x00000000000021c4       0x28 c:/st/stm32cubeide_1.12.0/stm32cubeide/plugins/com.st.stm32cube.ide.mcu.externaltools.gnu-tools-for-stm32.10.3-2021.10.win32_1.0.200.202301161003/tools/bin/../lib/gcc/arm-none-eabi/10.3.1/../../../../arm-none-eabi/lib/thumb/v7-m/nofp\libc_nano.a(lib_a-memcpy-stub.o)
 .debug_frame   0x00000000000021ec       0x20 c:/st/stm32cubeide_1.12.0/stm32cubeide/plugins/com.st.stm32cube.ide.mcu.externaltools.gnu-tools-for-stm32.10.3-2021.10.win32_1.0.200.202301161003/tools/bin/../lib/gcc/arm-none-eabi/10.3.1/../../../../arm-none-eabi/lib/thumb/v7-m/nofp\libc_nano.a(lib_a-memset.o)
