Archive member included to satisfy reference by file (symbol)

c:/st/stm32cubeide_1.12.0/stm32cubeide/plugins/com.st.stm32cube.ide.mcu.externaltools.gnu-tools-for-stm32.10.3-2021.10.win32_1.0.200.202301161003/tools/bin/../lib/gcc/arm-none-eabi/10.3.1/../../../../arm-none-eabi/lib/thumb/v7-m/nofp\libc_nano.a(lib_a-errno.o)
                              ./Core/Src/syscalls.o (__errno)
c:/st/stm32cubeide_1.12.0/stm32cubeide/plugins/com.st.stm32cube.ide.mcu.externaltools.gnu-tools-for-stm32.10.3-2021.10.win32_1.0.200.202301161003/tools/bin/../lib/gcc/arm-none-eabi/10.3.1/../../../../arm-none-eabi/lib/thumb/v7-m/nofp\libc_nano.a(lib_a-exit.o)
                              c:/st/stm32cubeide_1.12.0/stm32cubeide/plugins/com.st.stm32cube.ide.mcu.externaltools.gnu-tools-for-stm32.10.3-2021.10.win32_1.0.200.202301161003/tools/bin/../lib/gcc/arm-none-eabi/10.3.1/../../../../arm-none-eabi/lib/thumb/v7-m/nofp/crt0.o (exit)
c:/st/stm32cubeide_1.12.0/stm32cubeide/plugins/com.st.stm32cube.ide.mcu.externaltools.gnu-tools-for-stm32.10.3-2021.10.win32_1.0.200.202301161003/tools/bin/../lib/gcc/arm-none-eabi/10.3.1/../../../../arm-none-eabi/lib/thumb/v7-m/nofp\libc_nano.a(lib_a-impure.o)
                              c:/st/stm32cubeide_1.12.0/stm32cubeide/plugins/com.st.stm32cube.ide.mcu.externaltools.gnu-tools-for-stm32.10.3-2021.10.win32_1.0.200.202301161003/tools/bin/../lib/gcc/arm-none-eabi/10.3.1/../../../../arm-none-eabi/lib/thumb/v7-m/nofp\libc_nano.a(lib_a-exit.o) (_global_impure_ptr)
c:/st/stm32cubeide_1.12.0/stm32cubeide/plugins/com.st.stm32cube.ide.mcu.externaltools.gnu-tools-for-stm32.10.3-2021.10.win32_1.0.200.202301161003/tools/bin/../lib/gcc/arm-none-eabi/10.3.1/../../../../arm-none-eabi/lib/thumb/v7-m/nofp\libc_nano.a(lib_a-init.o)
                              c:/st/stm32cubeide_1.12.0/stm32cubeide/plugins/com.st.stm32cube.ide.mcu.externaltools.gnu-tools-for-stm32.10.3-2021.10.win32_1.0.200.202301161003/tools/bin/../lib/gcc/arm-none-eabi/10.3.1/../../../../arm-none-eabi/lib/thumb/v7-m/nofp/crt0.o (__libc_init_array)
c:/st/stm32cubeide_1.12.0/stm32cubeide/plugins/com.st.stm32cube.ide.mcu.externaltools.gnu-tools-for-stm32.10.3-2021.10.win32_1.0.200.202301161003/tools/bin/../lib/gcc/arm-none-eabi/10.3.1/../../../../arm-none-eabi/lib/thumb/v7-m/nofp\libc_nano.a(lib_a-memset.o)
                              c:/st/stm32cubeide_1.12.0/stm32cubeide/plugins/com.st.stm32cube.ide.mcu.externaltools.gnu-tools-for-stm32.10.3-2021.10.win32_1.0.200.202301161003/tools/bin/../lib/gcc/arm-none-eabi/10.3.1/../../../../arm-none-eabi/lib/thumb/v7-m/nofp/crt0.o (memset)

Discarded input sections

 .text          0x0000000000000000        0x0 c:/st/stm32cubeide_1.12.0/stm32cubeide/plugins/com.st.stm32cube.ide.mcu.externaltools.gnu-tools-for-stm32.10.3-2021.10.win32_1.0.200.202301161003/tools/bin/../lib/gcc/arm-none-eabi/10.3.1/thumb/v7-m/nofp/crti.o
 .data          0x0000000000000000        0x0 c:/st/stm32cubeide_1.12.0/stm32cubeide/plugins/com.st.stm32cube.ide.mcu.externaltools.gnu-tools-for-stm32.10.3-2021.10.win32_1.0.200.202301161003/tools/bin/../lib/gcc/arm-none-eabi/10.3.1/thumb/v7-m/nofp/crti.o
 .bss           0x0000000000000000        0x0 c:/st/stm32cubeide_1.12.0/stm32cubeide/plugins/com.st.stm32cube.ide.mcu.externaltools.gnu-tools-for-stm32.10.3-2021.10.win32_1.0.200.202301161003/tools/bin/../lib/gcc/arm-none-eabi/10.3.1/thumb/v7-m/nofp/crti.o
 .data          0x0000000000000000        0x4 c:/st/stm32cubeide_1.12.0/stm32cubeide/plugins/com.st.stm32cube.ide.mcu.externaltools.gnu-tools-for-stm32.10.3-2021.10.win32_1.0.200.202301161003/tools/bin/../lib/gcc/arm-none-eabi/10.3.1/thumb/v7-m/nofp/crtbegin.o
 .rodata        0x0000000000000000       0x24 c:/st/stm32cubeide_1.12.0/stm32cubeide/plugins/com.st.stm32cube.ide.mcu.externaltools.gnu-tools-for-stm32.10.3-2021.10.win32_1.0.200.202301161003/tools/bin/../lib/gcc/arm-none-eabi/10.3.1/thumb/v7-m/nofp/crtbegin.o
 .text          0x0000000000000000       0x7c c:/st/stm32cubeide_1.12.0/stm32cubeide/plugins/com.st.stm32cube.ide.mcu.externaltools.gnu-tools-for-stm32.10.3-2021.10.win32_1.0.200.202301161003/tools/bin/../lib/gcc/arm-none-eabi/10.3.1/../../../../arm-none-eabi/lib/thumb/v7-m/nofp/crt0.o
 .data          0x0000000000000000        0x0 c:/st/stm32cubeide_1.12.0/stm32cubeide/plugins/com.st.stm32cube.ide.mcu.externaltools.gnu-tools-for-stm32.10.3-2021.10.win32_1.0.200.202301161003/tools/bin/../lib/gcc/arm-none-eabi/10.3.1/../../../../arm-none-eabi/lib/thumb/v7-m/nofp/crt0.o
 .bss           0x0000000000000000        0x0 c:/st/stm32cubeide_1.12.0/stm32cubeide/plugins/com.st.stm32cube.ide.mcu.externaltools.gnu-tools-for-stm32.10.3-2021.10.win32_1.0.200.202301161003/tools/bin/../lib/gcc/arm-none-eabi/10.3.1/../../../../arm-none-eabi/lib/thumb/v7-m/nofp/crt0.o
[...]
Memory Configuration

Name             Origin             Length             Attributes
RAM              0x0000000020000000 0x0000000000005000 xrw
FLASH            0x0000000008000000 0x0000000000010000 xr
*default*        0x0000000000000000 0xffffffffffffffff

Linker script and memory map

LOAD c:/st/stm32cubeide_1.12.0/stm32cubeide/plugins/com.st.stm32cube.ide.mcu.externaltools.gnu-tools-for-stm32.10.3-2021.10.win32_1.0.200.202301161003/tools/bin/../lib/gcc/arm-none-eabi/10.3.1/thumb/v7-m/nofp/crti.o
LOAD c:/st/stm32cubeide_1.12.0/stm32cubeide/plugins/com.st.stm32cube.ide.mcu.externaltools.gnu-tools-for-stm32.10.3-2021.10.win32_1.0.200.202301161003/tools/bin/../lib/gcc/arm-none-eabi/10.3.1/thumb/v7-m/nofp/crtbegin.o
LOAD c:/st/stm32cubeide_1.12.0/stm32cubeide/plugins/com.st.stm32cube.ide.mcu.externaltools.gnu-tools-for-stm32.10.3-2021.10.win32_1.0.200.202301161003/tools/bin/../lib/gcc/arm-none-eabi/10.3.1/../../../../arm-none-eabi/lib/thumb/v7-m/nofp/crt0.o
LOAD ./Core/Src/main.o
LOAD ./Core/Src/stm32f1xx_hal_msp.o
LOAD ./Core/Src/stm32f1xx_it.o
LOAD ./Core/Src/syscalls.o
LOAD ./Core/Src/sysmem.o
LOAD ./Core/Src/system_stm32f1xx.o
LOAD ./Core/Startup/startup_stm32f103c8tx.o
LOAD ./Drivers/STM32F1xx_HAL_Driver/Src/stm32f1xx_hal.o
LOAD ./Drivers/STM32F1xx_HAL_Driver/Src/stm32f1xx_hal_cortex.o
LOAD ./Drivers/STM32F1xx_HAL_Driver/Src/stm32f1xx_hal_dma.o
LOAD ./Drivers/STM32F1xx_HAL_Driver/Src/stm32f1xx_hal_exti.o
LOAD ./Drivers/STM32F1xx_HAL_Driver/Src/stm32f1xx_hal_flash.o
LOAD ./Drivers/STM32F1xx_HAL_Driver/Src/stm32f1xx_hal_flash_ex.o
LOAD ./Drivers/STM32F1xx_HAL_Driver/Src/stm32f1xx_hal_gpio.o
LOAD ./Drivers/STM32F1xx_HAL_Driver/Src/stm32f1xx_hal_gpio_ex.o
LOAD ./Drivers/STM32F1xx_HAL_Driver/Src/stm32f1xx_hal_pcd.o
LOAD ./Drivers/STM32F1xx_HAL_Driver/Src/stm32f1xx_hal_pcd_ex.o
LOAD ./Drivers/STM32F1xx_HAL_Driver/Src/stm32f1xx_hal_pwr.o
LOAD ./Drivers/STM32F1xx_HAL_Driver/Src/stm32f1xx_hal_rcc.o
LOAD ./Drivers/STM32F1xx_HAL_Driver/Src/stm32f1xx_hal_rcc_ex.o
LOAD ./Drivers/STM32F1xx_HAL_Driver/Src/stm32f1xx_hal_tim.o
LOAD ./Drivers/STM32F1xx_HAL_Driver/Src/stm32f1xx_hal_tim_ex.o
LOAD ./Drivers/STM32F1xx_HAL_Driver/Src/stm32f1xx_ll_usb.o
LOAD ./Middlewares/ST/STM32_USB_Device_Library/Class/CustomHID/Src/usbd_customhid.o
LOAD ./Middlewares/ST/STM32_USB_Device_Library/Core/Src/usbd_core.o
LOAD ./Middlewares/ST/STM32_USB_Device_Library/Core/Src/usbd_ctlreq.o
LOAD ./Middlewares/ST/STM32_USB_Device_Library/Core/Src/usbd_ioreq.o
LOAD ./USB_DEVICE/App/usb_device.o
LOAD ./USB_DEVICE/App/usbd_custom_hid_if.o
LOAD ./USB_DEVICE/App/usbd_desc.o
LOAD ./USB_DEVICE/Target/usbd_conf.o
START GROUP
LOAD c:/st/stm32cubeide_1.12.0/stm32cubeide/plugins/com.st.stm32cube.ide.mcu.externaltools.gnu-tools-for-stm32.10.3-2021.10.win32_1.0.200.202301161003/tools/bin/../lib/gcc/arm-none-eabi/10.3.1/../../../../arm-none-eabi/lib/thumb/v7-m/nofp\libc_nano.a
LOAD c:/st/stm32cubeide_1.12.0/stm32cubeide/plugins/com.st.stm32cube.ide.mcu.externaltools.gnu-tools-for-stm32.10.3-2021.10.win32_1.0.200.202301161003/tools/bin/../lib/gcc/arm-none-eabi/10.3.1/../../../../arm-none-eabi/lib/thumb/v7-m/nofp\libm.a
END GROUP
START GROUP
LOAD c:/st/stm32cubeide_1.12.0/stm32cubeide/plugins/com.st.stm32cube.ide.mcu.externaltools.gnu-tools-for-stm32.10.3-2021.10.win32_1.0.200.202301161003/tools/bin/../lib/gcc/arm-none-eabi/10.3.1/thumb/v7-m/nofp\libgcc.a
LOAD c:/st/stm32cubeide_1.12.0/stm32cubeide/plugins/com.st.stm32cube.ide.mcu.externaltools.gnu-tools-for-stm32.10.3-2021.10.win32_1.0.200.202301161003/tools/bin/../lib/gcc/arm-none-eabi/10.3.1/../../../../arm-none-eabi/lib/thumb/v7-m/nofp\libc_nano.a
END GROUP
START GROUP
LOAD c:/st/stm32cubeide_1.12.0/stm32cubeide/plugins/com.st.stm32cube.ide.mcu.externaltools.gnu-tools-for-stm32.10.3-2021.10.win32_1.0.200.202301161003/tools/bin/../lib/gcc/arm-none-eabi/10.3.1/thumb/v7-m/nofp\libgcc.a
LOAD c:/st/stm32cubeide_1.12.0/stm32cubeide/plugins/com.st.stm32cube.ide.mcu.externaltools.gnu-tools-for-stm32.10.3-2021.10.win32_1.0.200.202301161003/tools/bin/../lib/gcc/arm-none-eabi/10.3.1/../../../../arm-none-eabi/lib/thumb/v7-m/nofp\libc_nano.a
LOAD c:/st/stm32cubeide_1.12.0/stm32cubeide/plugins/com.st.stm32cube.ide.mcu.externaltools.gnu-tools-for-stm32.10.3-2021.10.win32_1.0.200.202301161003/tools/bin/../lib/gcc/arm-none-eabi/10.3.1/../../../../arm-none-eabi/lib/thumb/v7-m/nofp\libnosys.a
END GROUP
START GROUP
LOAD c:/st/stm32cubeide_1.12.0/stm32cubeide/plugins/com.st.stm32cube.ide.mcu.externaltools.gnu-tools-for-stm32.10.3-2021.10.win32_1.0.200.202301161003/tools/bin/../lib/gcc/arm-none-eabi/10.3.1/thumb/v7-m/nofp\libgcc.a
LOAD c:/st/stm32cubeide_1.12.0/stm32cubeide/plugins/com.st.stm32cube.ide.mcu.externaltools.gnu-tools-for-stm32.10.3-2021.10.win32_1.0.200.202301161003/tools/bin/../lib/gcc/arm-none-eabi/10.3.1/../../../../arm-none-eabi/lib/thumb/v7-m/nofp\libc_nano.a
LOAD c:/st/stm32cubeide_1.12.0/stm32cubeide/plugins/com.st.stm32cube.ide.mcu.externaltools.gnu-tools-for-stm32.10.3-2021.10.win32_1.0.200.202301161003/tools/bin/../lib/gcc/arm-none-eabi/10.3.1/../../../../arm-none-eabi/lib/thumb/v7-m/nofp\libnosys.a
END GROUP
LOAD c:/st/stm32cubeide_1.12.0/stm32cubeide/plugins/com.st.stm32cube.ide.mcu.externaltools.gnu-tools-for-stm32.10.3-2021.10.win32_1.0.200.202301161003/tools/bin/../lib/gcc/arm-none-eabi/10.3.1/thumb/v7-m/nofp/crtend.o
LOAD c:/st/stm32cubeide_1.12.0/stm32cubeide/plugins/com.st.stm32cube.ide.mcu.externaltools.gnu-tools-for-stm32.10.3-2021.10.win32_1.0.200.202301161003/tools/bin/../lib/gcc/arm-none-eabi/10.3.1/thumb/v7-m/nofp/crtn.o
                0x0000000020005000                _estack = (ORIGIN (RAM) + LENGTH (RAM))
                0x0000000000000200                _Min_Heap_Size = 0x200
                0x0000000000000400                _Min_Stack_Size = 0x400

.isr_vector     0x0000000008000000      0x10c
                0x0000000008000000                . = ALIGN (0x4)
 *(.isr_vector)
 .isr_vector    0x0000000008000000      0x10c ./Core/Startup/startup_stm32f103c8tx.o
                0x0000000008000000                g_pfnVectors
                0x000000000800010c                . = ALIGN (0x4)

.text           0x000000000800010c     0x714c
                0x000000000800010c                . = ALIGN (0x4)
 *(.text)
 .text          0x000000000800010c       0x40 c:/st/stm32cubeide_1.12.0/stm32cubeide/plugins/com.st.stm32cube.ide.mcu.externaltools.gnu-tools-for-stm32.10.3-2021.10.win32_1.0.200.202301161003/tools/bin/../lib/gcc/arm-none-eabi/10.3.1/thumb/v7-m/nofp/crtbegin.o
 *(.text*)
 .text.main     0x000000000800014c       0x38 ./Core/Src/main.o
                0x000000000800014c                main
 .text.SystemClock_Config
                0x0000000008000184       0xb4 ./Core/Src/main.o
                0x0000000008000184                SystemClock_Config
 .text.MX_GPIO_Init
                0x0000000008000238       0x44 ./Core/Src/main.o
 .text.Error_Handler
                0x000000000800027c        0xa ./Core/Src/main.o
                0x000000000800027c                Error_Handler
 *fill*         0x0000000008000286        0x2 
 .text.HAL_MspInit
                0x0000000008000288       0x64 ./Core/Src/stm32f1xx_hal_msp.o
                0x0000000008000288                HAL_MspInit
 .text.NMI_Handler
                0x00000000080002ec        0x6 ./Core/Src/stm32f1xx_it.o
                0x00000000080002ec                NMI_Handler
 .text.HardFault_Handler
                0x00000000080002f2        0x6 ./Core/Src/stm32f1xx_it.o
                0x00000000080002f2                HardFault_Handler
 .text.MemManage_Handler
                0x00000000080002f8        0x6 ./Core/Src/stm32f1xx_it.o
                0x00000000080002f8                MemManage_Handler
 .text.BusFault_Handler
                0x00000000080002fe        0x6 ./Core/Src/stm32f1xx_it.o
                0x00000000080002fe                BusFault_Handler
 .text.UsageFault_Handler
                0x0000000008000304        0x6 ./Core/Src/stm32f1xx_it.o
                0x0000000008000304                UsageFault_Handler
 .text.SVC_Handler
                0x000000000800030a        0xc ./Core/Src/stm32f1xx_it.o
                0x000000000800030a                SVC_Handler
 .text.DebugMon_Handler
                0x0000000008000316        0xc ./Core/Src/stm32f1xx_it.o
                0x0000000008000316                DebugMon_Handler
 .text.PendSV_Handler
                0x0000000008000322        0xc ./Core/Src/stm32f1xx_it.o
                0x0000000008000322                PendSV_Handler
 .text.SysTick_Handler
                0x000000000800032e        0xc ./Core/Src/stm32f1xx_it.o
                0x000000000800032e                SysTick_Handler
 *fill*         0x000000000800033a        0x2 
 .text.USB_LP_CAN1_RX0_IRQHandler
                0x000000000800033c       0x14 ./Core/Src/stm32f1xx_it.o
                0x000000000800033c                USB_LP_CAN1_RX0_IRQHandler
 .text.SystemInit
                0x0000000008000350        0xc ./Core/Src/system_stm32f1xx.o
                0x0000000008000350                SystemInit
 .text.Reset_Handler
                0x000000000800035c       0x48 ./Core/Startup/startup_stm32f103c8tx.o
                0x000000000800035c                Reset_Handler
 .text.Default_Handler
                0x00000000080003a4        0x2 ./Core/Startup/startup_stm32f103c8tx.o
                0x00000000080003a4                RTC_Alarm_IRQHandler
                0x00000000080003a4                EXTI2_IRQHandler
                0x00000000080003a4                TIM1_CC_IRQHandler
                0x00000000080003a4                PVD_IRQHandler
                0x00000000080003a4                EXTI3_IRQHandler
                0x00000000080003a4                EXTI0_IRQHandler
                0x00000000080003a4                I2C2_EV_IRQHandler
                0x00000000080003a4                ADC1_2_IRQHandler
                0x00000000080003a4                SPI1_IRQHandler
                0x00000000080003a4                TAMPER_IRQHandler
                0x00000000080003a4                DMA1_Channel4_IRQHandler
                0x00000000080003a4                USART3_IRQHandler
                0x00000000080003a4                RTC_IRQHandler
                0x00000000080003a4                DMA1_Channel7_IRQHandler
                0x00000000080003a4                CAN1_RX1_IRQHandler
                0x00000000080003a4                TIM4_IRQHandler
                0x00000000080003a4                I2C1_EV_IRQHandler
                0x00000000080003a4                DMA1_Channel6_IRQHandler
                0x00000000080003a4                TIM3_IRQHandler
                0x00000000080003a4                RCC_IRQHandler
                0x00000000080003a4                TIM1_TRG_COM_IRQHandler
                0x00000000080003a4                DMA1_Channel1_IRQHandler
                0x00000000080003a4                Default_Handler
                0x00000000080003a4                EXTI15_10_IRQHandler
                0x00000000080003a4                EXTI9_5_IRQHandler
                0x00000000080003a4                SPI2_IRQHandler
                0x00000000080003a4                DMA1_Channel5_IRQHandler
                0x00000000080003a4                EXTI4_IRQHandler
                0x00000000080003a4                USB_HP_CAN1_TX_IRQHandler
                0x00000000080003a4                DMA1_Channel3_IRQHandler
                0x00000000080003a4                TIM1_UP_IRQHandler
                0x00000000080003a4                WWDG_IRQHandler
                0x00000000080003a4                TIM2_IRQHandler
                0x00000000080003a4                TIM1_BRK_IRQHandler
                0x00000000080003a4                EXTI1_IRQHandler
                0x00000000080003a4                USART2_IRQHandler
                0x00000000080003a4                I2C2_ER_IRQHandler
                0x00000000080003a4                DMA1_Channel2_IRQHandler
                0x00000000080003a4                CAN1_SCE_IRQHandler
                0x00000000080003a4                FLASH_IRQHandler
                0x00000000080003a4                USART1_IRQHandler
                0x00000000080003a4                I2C1_ER_IRQHandler
                0x00000000080003a4                USBWakeUp_IRQHandler
 *fill*         0x00000000080003a6        0x2 
 .text.HAL_Init
                0x00000000080003a8       0x2c ./Drivers/STM32F1xx_HAL_Driver/Src/stm32f1xx_hal.o
                0x00000000080003a8                HAL_Init
 .text.HAL_InitTick
                0x00000000080003d4       0x60 ./Drivers/STM32F1xx_HAL_Driver/Src/stm32f1xx_hal.o
                0x00000000080003d4                HAL_InitTick
 .text.HAL_IncTick
                0x0000000008000434       0x24 ./Drivers/STM32F1xx_HAL_Driver/Src/stm32f1xx_hal.o
                0x0000000008000434                HAL_IncTick
 .text.HAL_GetTick
                0x0000000008000458       0x14 ./Drivers/STM32F1xx_HAL_Driver/Src/stm32f1xx_hal.o
                0x0000000008000458                HAL_GetTick
 .text.__NVIC_SetPriorityGrouping
                0x000000000800046c       0x48 ./Drivers/STM32F1xx_HAL_Driver/Src/stm32f1xx_hal_cortex.o
 .text.__NVIC_GetPriorityGrouping
                0x00000000080004b4       0x1c ./Drivers/STM32F1xx_HAL_Driver/Src/stm32f1xx_hal_cortex.o
 .text.__NVIC_EnableIRQ
                0x00000000080004d0       0x38 ./Drivers/STM32F1xx_HAL_Driver/Src/stm32f1xx_hal_cortex.o
 .text.__NVIC_SetPriority
                0x0000000008000508       0x54 ./Drivers/STM32F1xx_HAL_Driver/Src/stm32f1xx_hal_cortex.o
 .text.NVIC_EncodePriority
                0x000000000800055c       0x64 ./Drivers/STM32F1xx_HAL_Driver/Src/stm32f1xx_hal_cortex.o
 .text.SysTick_Config
                0x00000000080005c0       0x44 ./Drivers/STM32F1xx_HAL_Driver/Src/stm32f1xx_hal_cortex.o
 .text.HAL_NVIC_SetPriorityGrouping
                0x0000000008000604       0x16 ./Drivers/STM32F1xx_HAL_Driver/Src/stm32f1xx_hal_cortex.o
                0x0000000008000604                HAL_NVIC_SetPriorityGrouping
 .text.HAL_NVIC_SetPriority
                0x000000000800061a       0x38 ./Drivers/STM32F1xx_HAL_Driver/Src/stm32f1xx_hal_cortex.o
                0x000000000800061a                HAL_NVIC_SetPriority
 .text.HAL_NVIC_EnableIRQ
                0x0000000008000652       0x1c ./Drivers/STM32F1xx_HAL_Driver/Src/stm32f1xx_hal_cortex.o
                0x0000000008000652                HAL_NVIC_EnableIRQ
 .text.HAL_SYSTICK_Config
                0x000000000800066e       0x18 ./Drivers/STM32F1xx_HAL_Driver/Src/stm32f1xx_hal_cortex.o
                0x000000000800066e                HAL_SYSTICK_Config
 .text.HAL_PCD_Init
                0x0000000008000686      0x216 ./Drivers/STM32F1xx_HAL_Driver/Src/stm32f1xx_hal_pcd.o
                0x0000000008000686                HAL_PCD_Init
 .text.HAL_PCD_Start
                0x000000000800089c       0x4c ./Drivers/STM32F1xx_HAL_Driver/Src/stm32f1xx_hal_pcd.o
                0x000000000800089c                HAL_PCD_Start
 .text.HAL_PCD_IRQHandler
                0x00000000080008e8      0x2a6 ./Drivers/STM32F1xx_HAL_Driver/Src/stm32f1xx_hal_pcd.o
                0x00000000080008e8                HAL_PCD_IRQHandler
 .text.HAL_PCD_SetAddress
                0x0000000008000b8e       0x4a ./Drivers/STM32F1xx_HAL_Driver/Src/stm32f1xx_hal_pcd.o
                0x0000000008000b8e                HAL_PCD_SetAddress
 .text.HAL_PCD_EP_Open
                0x0000000008000bd8       0xcc ./Drivers/STM32F1xx_HAL_Driver/Src/stm32f1xx_hal_pcd.o
                0x0000000008000bd8                HAL_PCD_EP_Open
 .text.HAL_PCD_EP_Close
                0x0000000008000ca4       0x90 ./Drivers/STM32F1xx_HAL_Driver/Src/stm32f1xx_hal_pcd.o
                0x0000000008000ca4                HAL_PCD_EP_Close
 .text.HAL_PCD_EP_Receive
                0x0000000008000d34       0x7a ./Drivers/STM32F1xx_HAL_Driver/Src/stm32f1xx_hal_pcd.o
                0x0000000008000d34                HAL_PCD_EP_Receive
 .text.HAL_PCD_EP_Transmit
                0x0000000008000dae       0x86 ./Drivers/STM32F1xx_HAL_Driver/Src/stm32f1xx_hal_pcd.o
                0x0000000008000dae                HAL_PCD_EP_Transmit
 .text.HAL_PCD_EP_SetStall
                0x0000000008000e34       0xc0 ./Drivers/STM32F1xx_HAL_Driver/Src/stm32f1xx_hal_pcd.o
                0x0000000008000e34                HAL_PCD_EP_SetStall
 .text.HAL_PCD_EP_ClrStall
                0x0000000008000ef4       0xa8 ./Drivers/STM32F1xx_HAL_Driver/Src/stm32f1xx_hal_pcd.o
                0x0000000008000ef4                HAL_PCD_EP_ClrStall
 .text.PCD_EP_ISR_Handler
                0x0000000008000f9c      0x600 ./Drivers/STM32F1xx_HAL_Driver/Src/stm32f1xx_hal_pcd.o
 .text.HAL_PCD_EP_DB_Receive
                0x000000000800159c      0x21a ./Drivers/STM32F1xx_HAL_Driver/Src/stm32f1xx_hal_pcd.o
 .text.HAL_PCD_EP_DB_Transmit
                0x00000000080017b6      0x7a4 ./Drivers/STM32F1xx_HAL_Driver/Src/stm32f1xx_hal_pcd.o
 .text.HAL_PCDEx_PMAConfig
                0x0000000008001f5a       0x84 ./Drivers/STM32F1xx_HAL_Driver/Src/stm32f1xx_hal_pcd_ex.o
                0x0000000008001f5a                HAL_PCDEx_PMAConfig
 *fill*         0x0000000008001fde        0x2 
 .text.HAL_RCC_OscConfig
                0x0000000008001fe0      0x504 ./Drivers/STM32F1xx_HAL_Driver/Src/stm32f1xx_hal_rcc.o
                0x0000000008001fe0                HAL_RCC_OscConfig
 .text.HAL_RCC_ClockConfig
                0x00000000080024e4      0x1d4 ./Drivers/STM32F1xx_HAL_Driver/Src/stm32f1xx_hal_rcc.o
                0x00000000080024e4                HAL_RCC_ClockConfig
 .text.HAL_RCC_GetSysClockFreq
                0x00000000080026b8       0xbc ./Drivers/STM32F1xx_HAL_Driver/Src/stm32f1xx_hal_rcc.o
                0x00000000080026b8                HAL_RCC_GetSysClockFreq
 .text.RCC_Delay
                0x0000000008002774       0x3c ./Drivers/STM32F1xx_HAL_Driver/Src/stm32f1xx_hal_rcc.o
 .text.HAL_RCCEx_PeriphCLKConfig
                0x00000000080027b0      0x16c ./Drivers/STM32F1xx_HAL_Driver/Src/stm32f1xx_hal_rcc_ex.o
                0x00000000080027b0                HAL_RCCEx_PeriphCLKConfig
 .text.USB_CoreInit
                0x000000000800291c       0x20 ./Drivers/STM32F1xx_HAL_Driver/Src/stm32f1xx_ll_usb.o
                0x000000000800291c                USB_CoreInit
 .text.USB_EnableGlobalInt
                0x000000000800293c       0x2c ./Drivers/STM32F1xx_HAL_Driver/Src/stm32f1xx_ll_usb.o
                0x000000000800293c                USB_EnableGlobalInt
 .text.USB_DisableGlobalInt
                0x0000000008002968       0x34 ./Drivers/STM32F1xx_HAL_Driver/Src/stm32f1xx_ll_usb.o
                0x0000000008002968                USB_DisableGlobalInt
 .text.USB_SetCurrentMode
                0x000000000800299c       0x18 ./Drivers/STM32F1xx_HAL_Driver/Src/stm32f1xx_ll_usb.o
                0x000000000800299c                USB_SetCurrentMode
 .text.USB_DevInit
                0x00000000080029b4       0x40 ./Drivers/STM32F1xx_HAL_Driver/Src/stm32f1xx_ll_usb.o
                0x00000000080029b4                USB_DevInit
 .text.USB_ActivateEndpoint
                0x00000000080029f4      0x6d4 ./Drivers/STM32F1xx_HAL_Driver/Src/stm32f1xx_ll_usb.o
                0x00000000080029f4                USB_ActivateEndpoint
 .text.USB_DeactivateEndpoint
                0x00000000080030c8      0x3d8 ./Drivers/STM32F1xx_HAL_Driver/Src/stm32f1xx_ll_usb.o
                0x00000000080030c8                USB_DeactivateEndpoint
 .text.USB_EPStartXfer
                0x00000000080034a0     0x1c70 ./Drivers/STM32F1xx_HAL_Driver/Src/stm32f1xx_ll_usb.o
                0x00000000080034a0                USB_EPStartXfer
 .text.USB_EPSetStall
                0x0000000008005110       0xa0 ./Drivers/STM32F1xx_HAL_Driver/Src/stm32f1xx_ll_usb.o
                0x0000000008005110                USB_EPSetStall
 .text.USB_EPClearStall
                0x00000000080051b0      0x15a ./Drivers/STM32F1xx_HAL_Driver/Src/stm32f1xx_ll_usb.o
                0x00000000080051b0                USB_EPClearStall
 .text.USB_SetDevAddress
                0x000000000800530a       0x26 ./Drivers/STM32F1xx_HAL_Driver/Src/stm32f1xx_ll_usb.o
                0x000000000800530a                USB_SetDevAddress
 .text.USB_DevConnect
                0x0000000008005330       0x14 ./Drivers/STM32F1xx_HAL_Driver/Src/stm32f1xx_ll_usb.o
                0x0000000008005330                USB_DevConnect
 .text.USB_DevDisconnect
                0x0000000008005344       0x14 ./Drivers/STM32F1xx_HAL_Driver/Src/stm32f1xx_ll_usb.o
                0x0000000008005344                USB_DevDisconnect
 .text.USB_ReadInterrupts
                0x0000000008005358       0x1e ./Drivers/STM32F1xx_HAL_Driver/Src/stm32f1xx_ll_usb.o
                0x0000000008005358                USB_ReadInterrupts
 .text.USB_EP0_OutStart
                0x0000000008005376       0x16 ./Drivers/STM32F1xx_HAL_Driver/Src/stm32f1xx_ll_usb.o
                0x0000000008005376                USB_EP0_OutStart
 .text.USB_WritePMA
                0x000000000800538c       0x8a ./Drivers/STM32F1xx_HAL_Driver/Src/stm32f1xx_ll_usb.o
                0x000000000800538c                USB_WritePMA
 .text.USB_ReadPMA
                0x0000000008005416       0x9e ./Drivers/STM32F1xx_HAL_Driver/Src/stm32f1xx_ll_usb.o
                0x0000000008005416                USB_ReadPMA
 .text.USBD_CUSTOM_HID_Init
                0x00000000080054b4       0x84 ./Middlewares/ST/STM32_USB_Device_Library/Class/CustomHID/Src/usbd_customhid.o
 .text.USBD_CUSTOM_HID_DeInit
                0x0000000008005538       0x5c ./Middlewares/ST/STM32_USB_Device_Library/Class/CustomHID/Src/usbd_customhid.o
 .text.USBD_CUSTOM_HID_Setup
                0x0000000008005594      0x204 ./Middlewares/ST/STM32_USB_Device_Library/Class/CustomHID/Src/usbd_customhid.o
 .text.USBD_CUSTOM_HID_GetFSCfgDesc
                0x0000000008005798       0x20 ./Middlewares/ST/STM32_USB_Device_Library/Class/CustomHID/Src/usbd_customhid.o
 .text.USBD_CUSTOM_HID_GetHSCfgDesc
                0x00000000080057b8       0x20 ./Middlewares/ST/STM32_USB_Device_Library/Class/CustomHID/Src/usbd_customhid.o
 .text.USBD_CUSTOM_HID_GetOtherSpeedCfgDesc
                0x00000000080057d8       0x20 ./Middlewares/ST/STM32_USB_Device_Library/Class/CustomHID/Src/usbd_customhid.o
 .text.USBD_CUSTOM_HID_DataIn
                0x00000000080057f8       0x24 ./Middlewares/ST/STM32_USB_Device_Library/Class/CustomHID/Src/usbd_customhid.o
 .text.USBD_CUSTOM_HID_DataOut
                0x000000000800581c       0x3e ./Middlewares/ST/STM32_USB_Device_Library/Class/CustomHID/Src/usbd_customhid.o
 .text.USBD_CUSTOM_HID_EP0_RxReady
                0x000000000800585a       0x3c ./Middlewares/ST/STM32_USB_Device_Library/Class/CustomHID/Src/usbd_customhid.o
 *fill*         0x0000000008005896        0x2 
 .text.USBD_CUSTOM_HID_GetDeviceQualifierDesc
                0x0000000008005898       0x20 ./Middlewares/ST/STM32_USB_Device_Library/Class/CustomHID/Src/usbd_customhid.o
 .text.USBD_CUSTOM_HID_RegisterInterface
                0x00000000080058b8       0x2c ./Middlewares/ST/STM32_USB_Device_Library/Class/CustomHID/Src/usbd_customhid.o
                0x00000000080058b8                USBD_CUSTOM_HID_RegisterInterface
 .text.USBD_Init
                0x00000000080058e4       0x56 ./Middlewares/ST/STM32_USB_Device_Library/Core/Src/usbd_core.o
                0x00000000080058e4                USBD_Init
 .text.USBD_RegisterClass
                0x000000000800593a       0x32 ./Middlewares/ST/STM32_USB_Device_Library/Core/Src/usbd_core.o
                0x000000000800593a                USBD_RegisterClass
 .text.USBD_Start
                0x000000000800596c       0x18 ./Middlewares/ST/STM32_USB_Device_Library/Core/Src/usbd_core.o
                0x000000000800596c                USBD_Start
 .text.USBD_RunTestMode
                0x0000000008005984       0x14 ./Middlewares/ST/STM32_USB_Device_Library/Core/Src/usbd_core.o
                0x0000000008005984                USBD_RunTestMode
 .text.USBD_SetClassConfig
                0x0000000008005998       0x3e ./Middlewares/ST/STM32_USB_Device_Library/Core/Src/usbd_core.o
                0x0000000008005998                USBD_SetClassConfig
 .text.USBD_ClrClassConfig
                0x00000000080059d6       0x26 ./Middlewares/ST/STM32_USB_Device_Library/Core/Src/usbd_core.o
                0x00000000080059d6                USBD_ClrClassConfig
 .text.USBD_LL_SetupStage
                0x00000000080059fc       0x9a ./Middlewares/ST/STM32_USB_Device_Library/Core/Src/usbd_core.o
                0x00000000080059fc                USBD_LL_SetupStage
 .text.USBD_LL_DataOutStage
                0x0000000008005a96       0xe2 ./Middlewares/ST/STM32_USB_Device_Library/Core/Src/usbd_core.o
                0x0000000008005a96                USBD_LL_DataOutStage
 .text.USBD_LL_DataInStage
                0x0000000008005b78      0x14a ./Middlewares/ST/STM32_USB_Device_Library/Core/Src/usbd_core.o
                0x0000000008005b78                USBD_LL_DataInStage
 .text.USBD_LL_Reset
                0x0000000008005cc2       0x82 ./Middlewares/ST/STM32_USB_Device_Library/Core/Src/usbd_core.o
                0x0000000008005cc2                USBD_LL_Reset
 .text.USBD_LL_SetSpeed
                0x0000000008005d44       0x1e ./Middlewares/ST/STM32_USB_Device_Library/Core/Src/usbd_core.o
                0x0000000008005d44                USBD_LL_SetSpeed
 .text.USBD_LL_Suspend
                0x0000000008005d62       0x28 ./Middlewares/ST/STM32_USB_Device_Library/Core/Src/usbd_core.o
                0x0000000008005d62                USBD_LL_Suspend
 .text.USBD_LL_Resume
                0x0000000008005d8a       0x2a ./Middlewares/ST/STM32_USB_Device_Library/Core/Src/usbd_core.o
                0x0000000008005d8a                USBD_LL_Resume
 .text.USBD_LL_SOF
                0x0000000008005db4       0x34 ./Middlewares/ST/STM32_USB_Device_Library/Core/Src/usbd_core.o
                0x0000000008005db4                USBD_LL_SOF
 .text.USBD_StdDevReq
                0x0000000008005de8       0xd4 ./Middlewares/ST/STM32_USB_Device_Library/Core/Src/usbd_ctlreq.o
                0x0000000008005de8                USBD_StdDevReq
 .text.USBD_StdItfReq
                0x0000000008005ebc       0x90 ./Middlewares/ST/STM32_USB_Device_Library/Core/Src/usbd_ctlreq.o
                0x0000000008005ebc                USBD_StdItfReq
 .text.USBD_StdEPReq
                0x0000000008005f4c      0x2c6 ./Middlewares/ST/STM32_USB_Device_Library/Core/Src/usbd_ctlreq.o
                0x0000000008005f4c                USBD_StdEPReq
 *fill*         0x0000000008006212        0x2 
 .text.USBD_GetDescriptor
                0x0000000008006214      0x2d0 ./Middlewares/ST/STM32_USB_Device_Library/Core/Src/usbd_ctlreq.o
 .text.USBD_SetAddress
                0x00000000080064e4       0x86 ./Middlewares/ST/STM32_USB_Device_Library/Core/Src/usbd_ctlreq.o
 *fill*         0x000000000800656a        0x2 
 .text.USBD_SetConfig
                0x000000000800656c      0x11c ./Middlewares/ST/STM32_USB_Device_Library/Core/Src/usbd_ctlreq.o
 .text.USBD_GetConfig
                0x0000000008006688       0x6a ./Middlewares/ST/STM32_USB_Device_Library/Core/Src/usbd_ctlreq.o
 .text.USBD_GetStatus
                0x00000000080066f2       0x66 ./Middlewares/ST/STM32_USB_Device_Library/Core/Src/usbd_ctlreq.o
 .text.USBD_SetFeature
                0x0000000008006758       0x28 ./Middlewares/ST/STM32_USB_Device_Library/Core/Src/usbd_ctlreq.o
 .text.USBD_ClrFeature
                0x0000000008006780       0x42 ./Middlewares/ST/STM32_USB_Device_Library/Core/Src/usbd_ctlreq.o
 .text.USBD_ParseSetupRequest
                0x00000000080067c2       0x78 ./Middlewares/ST/STM32_USB_Device_Library/Core/Src/usbd_ctlreq.o
                0x00000000080067c2                USBD_ParseSetupRequest
 .text.USBD_CtlError
                0x000000000800683a       0x22 ./Middlewares/ST/STM32_USB_Device_Library/Core/Src/usbd_ctlreq.o
                0x000000000800683a                USBD_CtlError
 .text.USBD_GetString
                0x000000000800685c       0x84 ./Middlewares/ST/STM32_USB_Device_Library/Core/Src/usbd_ctlreq.o
                0x000000000800685c                USBD_GetString
 .text.USBD_GetLen
                0x00000000080068e0       0x2e ./Middlewares/ST/STM32_USB_Device_Library/Core/Src/usbd_ctlreq.o
 .text.USBD_CtlSendData
                0x000000000800690e       0x38 ./Middlewares/ST/STM32_USB_Device_Library/Core/Src/usbd_ioreq.o
                0x000000000800690e                USBD_CtlSendData
 .text.USBD_CtlContinueSendData
                0x0000000008006946       0x24 ./Middlewares/ST/STM32_USB_Device_Library/Core/Src/usbd_ioreq.o
                0x0000000008006946                USBD_CtlContinueSendData
 .text.USBD_CtlPrepareRx
                0x000000000800696a       0x3c ./Middlewares/ST/STM32_USB_Device_Library/Core/Src/usbd_ioreq.o
                0x000000000800696a                USBD_CtlPrepareRx
 .text.USBD_CtlContinueRx
                0x00000000080069a6       0x24 ./Middlewares/ST/STM32_USB_Device_Library/Core/Src/usbd_ioreq.o
                0x00000000080069a6                USBD_CtlContinueRx
 .text.USBD_CtlSendStatus
                0x00000000080069ca       0x26 ./Middlewares/ST/STM32_USB_Device_Library/Core/Src/usbd_ioreq.o
                0x00000000080069ca                USBD_CtlSendStatus
 .text.USBD_CtlReceiveStatus
                0x00000000080069f0       0x26 ./Middlewares/ST/STM32_USB_Device_Library/Core/Src/usbd_ioreq.o
                0x00000000080069f0                USBD_CtlReceiveStatus
 *fill*         0x0000000008006a16        0x2 
 .text.MX_USB_DEVICE_Init
                0x0000000008006a18       0x60 ./USB_DEVICE/App/usb_device.o
                0x0000000008006a18                MX_USB_DEVICE_Init
 .text.CUSTOM_HID_Init_FS
                0x0000000008006a78        0xe ./USB_DEVICE/App/usbd_custom_hid_if.o
 .text.CUSTOM_HID_DeInit_FS
                0x0000000008006a86        0xe ./USB_DEVICE/App/usbd_custom_hid_if.o
 .text.CUSTOM_HID_OutEvent_FS
                0x0000000008006a94       0x1c ./USB_DEVICE/App/usbd_custom_hid_if.o
 .text.USBD_FS_DeviceDescriptor
                0x0000000008006ab0       0x24 ./USB_DEVICE/App/usbd_desc.o
                0x0000000008006ab0                USBD_FS_DeviceDescriptor
 .text.USBD_FS_LangIDStrDescriptor
                0x0000000008006ad4       0x24 ./USB_DEVICE/App/usbd_desc.o
                0x0000000008006ad4                USBD_FS_LangIDStrDescriptor
 .text.USBD_FS_ProductStrDescriptor
                0x0000000008006af8       0x3c ./USB_DEVICE/App/usbd_desc.o
                0x0000000008006af8                USBD_FS_ProductStrDescriptor
 .text.USBD_FS_ManufacturerStrDescriptor
                0x0000000008006b34       0x28 ./USB_DEVICE/App/usbd_desc.o
                0x0000000008006b34                USBD_FS_ManufacturerStrDescriptor
 .text.USBD_FS_SerialStrDescriptor
                0x0000000008006b5c       0x24 ./USB_DEVICE/App/usbd_desc.o
                0x0000000008006b5c                USBD_FS_SerialStrDescriptor
 .text.USBD_FS_ConfigStrDescriptor
                0x0000000008006b80       0x3c ./USB_DEVICE/App/usbd_desc.o
                0x0000000008006b80                USBD_FS_ConfigStrDescriptor
 .text.USBD_FS_InterfaceStrDescriptor
                0x0000000008006bbc       0x3c ./USB_DEVICE/App/usbd_desc.o
                0x0000000008006bbc                USBD_FS_InterfaceStrDescriptor
 .text.Get_SerialNum
                0x0000000008006bf8       0x58 ./USB_DEVICE/App/usbd_desc.o
 .text.IntToUnicode
                0x0000000008006c50       0x7c ./USB_DEVICE/App/usbd_desc.o
 .text.HAL_PCD_MspInit
                0x0000000008006ccc       0x4c ./USB_DEVICE/Target/usbd_conf.o
                0x0000000008006ccc                HAL_PCD_MspInit
 .text.HAL_PCD_SetupStageCallback
                0x0000000008006d18       0x24 ./USB_DEVICE/Target/usbd_conf.o
                0x0000000008006d18                HAL_PCD_SetupStageCallback
 .text.HAL_PCD_DataOutStageCallback
                0x0000000008006d3c       0x36 ./USB_DEVICE/Target/usbd_conf.o
                0x0000000008006d3c                HAL_PCD_DataOutStageCallback
 .text.HAL_PCD_DataInStageCallback
                0x0000000008006d72       0x34 ./USB_DEVICE/Target/usbd_conf.o
                0x0000000008006d72                HAL_PCD_DataInStageCallback
 .text.HAL_PCD_SOFCallback
                0x0000000008006da6       0x1c ./USB_DEVICE/Target/usbd_conf.o
                0x0000000008006da6                HAL_PCD_SOFCallback
 .text.HAL_PCD_ResetCallback
                0x0000000008006dc2       0x3c ./USB_DEVICE/Target/usbd_conf.o
                0x0000000008006dc2                HAL_PCD_ResetCallback
 *fill*         0x0000000008006dfe        0x2 
 .text.HAL_PCD_SuspendCallback
                0x0000000008006e00       0x34 ./USB_DEVICE/Target/usbd_conf.o
                0x0000000008006e00                HAL_PCD_SuspendCallback
 .text.HAL_PCD_ResumeCallback
                0x0000000008006e34       0x1c ./USB_DEVICE/Target/usbd_conf.o
                0x0000000008006e34                HAL_PCD_ResumeCallback
 .text.USBD_LL_Init
                0x0000000008006e50       0xa0 ./USB_DEVICE/Target/usbd_conf.o
                0x0000000008006e50                USBD_LL_Init
 .text.USBD_LL_Start
                0x0000000008006ef0       0x36 ./USB_DEVICE/Target/usbd_conf.o
                0x0000000008006ef0                USBD_LL_Start
 .text.USBD_LL_OpenEP
                0x0000000008006f26       0x4c ./USB_DEVICE/Target/usbd_conf.o
                0x0000000008006f26                USBD_LL_OpenEP
 .text.USBD_LL_CloseEP
                0x0000000008006f72       0x3e ./USB_DEVICE/Target/usbd_conf.o
                0x0000000008006f72                USBD_LL_CloseEP
 .text.USBD_LL_StallEP
                0x0000000008006fb0       0x3e ./USB_DEVICE/Target/usbd_conf.o
                0x0000000008006fb0                USBD_LL_StallEP
 .text.USBD_LL_ClearStallEP
                0x0000000008006fee       0x3e ./USB_DEVICE/Target/usbd_conf.o
                0x0000000008006fee                USBD_LL_ClearStallEP
 .text.USBD_LL_IsStallEP
                0x000000000800702c       0x58 ./USB_DEVICE/Target/usbd_conf.o
                0x000000000800702c                USBD_LL_IsStallEP
 .text.USBD_LL_SetUSBAddress
                0x0000000008007084       0x3e ./USB_DEVICE/Target/usbd_conf.o
                0x0000000008007084                USBD_LL_SetUSBAddress
 .text.USBD_LL_Transmit
                0x00000000080070c2       0x46 ./USB_DEVICE/Target/usbd_conf.o
                0x00000000080070c2                USBD_LL_Transmit
 .text.USBD_LL_PrepareReceive
                0x0000000008007108       0x46 ./USB_DEVICE/Target/usbd_conf.o
                0x0000000008007108                USBD_LL_PrepareReceive
 *fill*         0x000000000800714e        0x2 
 .text.USBD_static_malloc
                0x0000000008007150       0x18 ./USB_DEVICE/Target/usbd_conf.o
                0x0000000008007150                USBD_static_malloc
 .text.USBD_static_free
                0x0000000008007168       0x12 ./USB_DEVICE/Target/usbd_conf.o
                0x0000000008007168                USBD_static_free
 .text.HAL_PCDEx_SetConnectionState
                0x000000000800717a       0x16 ./USB_DEVICE/Target/usbd_conf.o
                0x000000000800717a                HAL_PCDEx_SetConnectionState
 .text.USBD_Get_USB_Status
                0x0000000008007190       0x58 ./USB_DEVICE/Target/usbd_conf.o
 .text.__libc_init_array
                0x00000000080071e8       0x48 c:/st/stm32cubeide_1.12.0/stm32cubeide/plugins/com.st.stm32cube.ide.mcu.externaltools.gnu-tools-for-stm32.10.3-2021.10.win32_1.0.200.202301161003/tools/bin/../lib/gcc/arm-none-eabi/10.3.1/../../../../arm-none-eabi/lib/thumb/v7-m/nofp\libc_nano.a(lib_a-init.o)
                0x00000000080071e8                __libc_init_array
 .text.memset   0x0000000008007230       0x10 c:/st/stm32cubeide_1.12.0/stm32cubeide/plugins/com.st.stm32cube.ide.mcu.externaltools.gnu-tools-for-stm32.10.3-2021.10.win32_1.0.200.202301161003/tools/bin/../lib/gcc/arm-none-eabi/10.3.1/../../../../arm-none-eabi/lib/thumb/v7-m/nofp\libc_nano.a(lib_a-memset.o)
                0x0000000008007230                memset
 *(.glue_7)
 .glue_7        0x0000000008007240        0x0 linker stubs
 *(.glue_7t)
 .glue_7t       0x0000000008007240        0x0 linker stubs
 *(.eh_frame)
 .eh_frame      0x0000000008007240        0x0 c:/st/stm32cubeide_1.12.0/stm32cubeide/plugins/com.st.stm32cube.ide.mcu.externaltools.gnu-tools-for-stm32.10.3-2021.10.win32_1.0.200.202301161003/tools/bin/../lib/gcc/arm-none-eabi/10.3.1/thumb/v7-m/nofp/crtbegin.o
 *(.init)
 .init          0x0000000008007240        0x4 c:/st/stm32cubeide_1.12.0/stm32cubeide/plugins/com.st.stm32cube.ide.mcu.externaltools.gnu-tools-for-stm32.10.3-2021.10.win32_1.0.200.202301161003/tools/bin/../lib/gcc/arm-none-eabi/10.3.1/thumb/v7-m/nofp/crti.o
                0x0000000008007240                _init
 .init          0x0000000008007244        0x8 c:/st/stm32cubeide_1.12.0/stm32cubeide/plugins/com.st.stm32cube.ide.mcu.externaltools.gnu-tools-for-stm32.10.3-2021.10.win32_1.0.200.202301161003/tools/bin/../lib/gcc/arm-none-eabi/10.3.1/thumb/v7-m/nofp/crtn.o
 *(.fini)
 .fini          0x000000000800724c        0x4 c:/st/stm32cubeide_1.12.0/stm32cubeide/plugins/com.st.stm32cube.ide.mcu.externaltools.gnu-tools-for-stm32.10.3-2021.10.win32_1.0.200.202301161003/tools/bin/../lib/gcc/arm-none-eabi/10.3.1/thumb/v7-m/nofp/crti.o
                0x000000000800724c                _fini
 .fini          0x0000000008007250        0x8 c:/st/stm32cubeide_1.12.0/stm32cubeide/plugins/com.st.stm32cube.ide.mcu.externaltools.gnu-tools-for-stm32.10.3-2021.10.win32_1.0.200.202301161003/tools/bin/../lib/gcc/arm-none-eabi/10.3.1/thumb/v7-m/nofp/crtn.o
                0x0000000008007258                . = ALIGN (0x4)
                0x0000000008007258                _etext = .

.vfp11_veneer   0x0000000008007258        0x0
 .vfp11_veneer  0x0000000008007258        0x0 linker stubs

.v4_bx          0x0000000008007258        0x0
 .v4_bx         0x0000000008007258        0x0 linker stubs

.iplt           0x0000000008007258        0x0
 .iplt          0x0000000008007258        0x0 c:/st/stm32cubeide_1.12.0/stm32cubeide/plugins/com.st.stm32cube.ide.mcu.externaltools.gnu-tools-for-stm32.10.3-2021.10.win32_1.0.200.202301161003/tools/bin/../lib/gcc/arm-none-eabi/10.3.1/thumb/v7-m/nofp/crtbegin.o

.rodata         0x0000000008007258       0x80
                0x0000000008007258                . = ALIGN (0x4)
 *(.rodata)
 .rodata        0x0000000008007258       0x10 ./Drivers/STM32F1xx_HAL_Driver/Src/stm32f1xx_hal_rcc.o
 .rodata        0x0000000008007268       0x5d ./USB_DEVICE/App/usbd_desc.o
 *(.rodata*)
 *fill*         0x00000000080072c5        0x3 
 .rodata.AHBPrescTable
                0x00000000080072c8       0x10 ./Core/Src/system_stm32f1xx.o
                0x00000000080072c8                AHBPrescTable
                0x00000000080072d8                . = ALIGN (0x4)

.rel.dyn        0x00000000080072d8        0x0
 .rel.iplt      0x00000000080072d8        0x0 c:/st/stm32cubeide_1.12.0/stm32cubeide/plugins/com.st.stm32cube.ide.mcu.externaltools.gnu-tools-for-stm32.10.3-2021.10.win32_1.0.200.202301161003/tools/bin/../lib/gcc/arm-none-eabi/10.3.1/thumb/v7-m/nofp/crtbegin.o

.ARM.extab      0x00000000080072d8        0x0
                0x00000000080072d8                . = ALIGN (0x4)
 *(.ARM.extab* .gnu.linkonce.armextab.*)
                0x00000000080072d8                . = ALIGN (0x4)

.ARM            0x00000000080072d8        0x0
                0x00000000080072d8                . = ALIGN (0x4)
                0x00000000080072d8                __exidx_start = .
 *(.ARM.exidx*)
                0x00000000080072d8                __exidx_end = .
                0x00000000080072d8                . = ALIGN (0x4)

.preinit_array  0x00000000080072d8        0x0
                0x00000000080072d8                . = ALIGN (0x4)
                0x00000000080072d8                PROVIDE (__preinit_array_start = .)
 *(.preinit_array*)
                0x00000000080072d8                PROVIDE (__preinit_array_end = .)
                0x00000000080072d8                . = ALIGN (0x4)

.init_array     0x00000000080072d8        0x4
                0x00000000080072d8                . = ALIGN (0x4)
                0x00000000080072d8                PROVIDE (__init_array_start = .)
 *(SORT_BY_NAME(.init_array.*))
 *(.init_array*)
 .init_array    0x00000000080072d8        0x4 c:/st/stm32cubeide_1.12.0/stm32cubeide/plugins/com.st.stm32cube.ide.mcu.externaltools.gnu-tools-for-stm32.10.3-2021.10.win32_1.0.200.202301161003/tools/bin/../lib/gcc/arm-none-eabi/10.3.1/thumb/v7-m/nofp/crtbegin.o
                0x00000000080072dc                PROVIDE (__init_array_end = .)
                0x00000000080072dc                . = ALIGN (0x4)

.fini_array     0x00000000080072dc        0x4
                0x00000000080072dc                . = ALIGN (0x4)
                [!provide]                        PROVIDE (__fini_array_start = .)
 *(SORT_BY_NAME(.fini_array.*))
 *(.fini_array*)
 .fini_array    0x00000000080072dc        0x4 c:/st/stm32cubeide_1.12.0/stm32cubeide/plugins/com.st.stm32cube.ide.mcu.externaltools.gnu-tools-for-stm32.10.3-2021.10.win32_1.0.200.202301161003/tools/bin/../lib/gcc/arm-none-eabi/10.3.1/thumb/v7-m/nofp/crtbegin.o
                [!provide]                        PROVIDE (__fini_array_end = .)
                0x00000000080072e0                . = ALIGN (0x4)
                0x00000000080072e0                _sidata = LOADADDR (.data)

.data           0x0000000020000000      0x5d4 load address 0x00000000080072e0
                0x0000000020000000                . = ALIGN (0x4)
                0x0000000020000000                _sdata = .
 *(.data)
 *(.data*)
 .data.SystemCoreClock
                0x0000000020000000        0x4 ./Core/Src/system_stm32f1xx.o
                0x0000000020000000                SystemCoreClock
 .data.uwTickPrio
                0x0000000020000004        0x4 ./Drivers/STM32F1xx_HAL_Driver/Src/stm32f1xx_hal.o
                0x0000000020000004                uwTickPrio
 .data.uwTickFreq
                0x0000000020000008        0x1 ./Drivers/STM32F1xx_HAL_Driver/Src/stm32f1xx_hal.o
                0x0000000020000008                uwTickFreq
 *fill*         0x0000000020000009        0x3 
 .data.USBD_CUSTOM_HID
                0x000000002000000c       0x38 ./Middlewares/ST/STM32_USB_Device_Library/Class/CustomHID/Src/usbd_customhid.o
                0x000000002000000c                USBD_CUSTOM_HID
 .data.USBD_CUSTOM_HID_CfgFSDesc
                0x0000000020000044       0x29 ./Middlewares/ST/STM32_USB_Device_Library/Class/CustomHID/Src/usbd_customhid.o
 *fill*         0x000000002000006d        0x3 
 .data.USBD_CUSTOM_HID_CfgHSDesc
                0x0000000020000070       0x29 ./Middlewares/ST/STM32_USB_Device_Library/Class/CustomHID/Src/usbd_customhid.o
 *fill*         0x0000000020000099        0x3 
 .data.USBD_CUSTOM_HID_OtherSpeedCfgDesc
                0x000000002000009c       0x29 ./Middlewares/ST/STM32_USB_Device_Library/Class/CustomHID/Src/usbd_customhid.o
 *fill*         0x00000000200000c5        0x3 
 .data.USBD_CUSTOM_HID_Desc
                0x00000000200000c8        0x9 ./Middlewares/ST/STM32_USB_Device_Library/Class/CustomHID/Src/usbd_customhid.o
 *fill*         0x00000000200000d1        0x3 
 .data.USBD_CUSTOM_HID_DeviceQualifierDesc
                0x00000000200000d4        0xa ./Middlewares/ST/STM32_USB_Device_Library/Class/CustomHID/Src/usbd_customhid.o
 *fill*         0x00000000200000de        0x2 
 .data.CUSTOM_HID_ReportDesc_FS
                0x00000000200000e0      0x491 ./USB_DEVICE/App/usbd_custom_hid_if.o
 *fill*         0x0000000020000571        0x3 
 .data.USBD_CustomHID_fops_FS
                0x0000000020000574       0x10 ./USB_DEVICE/App/usbd_custom_hid_if.o
                0x0000000020000574                USBD_CustomHID_fops_FS
 .data.FS_Desc  0x0000000020000584       0x1c ./USB_DEVICE/App/usbd_desc.o
                0x0000000020000584                FS_Desc
 .data.USBD_FS_DeviceDesc
                0x00000000200005a0       0x12 ./USB_DEVICE/App/usbd_desc.o
                0x00000000200005a0                USBD_FS_DeviceDesc
 *fill*         0x00000000200005b2        0x2 
 .data.USBD_LangIDDesc
                0x00000000200005b4        0x4 ./USB_DEVICE/App/usbd_desc.o
                0x00000000200005b4                USBD_LangIDDesc
 .data.USBD_StringSerial
                0x00000000200005b8       0x1a ./USB_DEVICE/App/usbd_desc.o
                0x00000000200005b8                USBD_StringSerial
 *(.RamFunc)
 *(.RamFunc*)
                0x00000000200005d4                . = ALIGN (0x4)
 *fill*         0x00000000200005d2        0x2 
                0x00000000200005d4                _edata = .

.igot.plt       0x00000000200005d4        0x0 load address 0x00000000080078b4
 .igot.plt      0x00000000200005d4        0x0 c:/st/stm32cubeide_1.12.0/stm32cubeide/plugins/com.st.stm32cube.ide.mcu.externaltools.gnu-tools-for-stm32.10.3-2021.10.win32_1.0.200.202301161003/tools/bin/../lib/gcc/arm-none-eabi/10.3.1/thumb/v7-m/nofp/crtbegin.o
                0x00000000200005d4                . = ALIGN (0x4)

.bss            0x00000000200005d4      0x86c load address 0x00000000080078b4
                0x00000000200005d4                _sbss = .
                0x00000000200005d4                __bss_start__ = _sbss
 *(.bss)
 .bss           0x00000000200005d4       0x1c c:/st/stm32cubeide_1.12.0/stm32cubeide/plugins/com.st.stm32cube.ide.mcu.externaltools.gnu-tools-for-stm32.10.3-2021.10.win32_1.0.200.202301161003/tools/bin/../lib/gcc/arm-none-eabi/10.3.1/thumb/v7-m/nofp/crtbegin.o
 *(.bss*)
 .bss.tx_buffer
                0x00000000200005f0       0x40 ./Core/Src/main.o
                0x00000000200005f0                tx_buffer
 .bss.uwTick    0x0000000020000630        0x4 ./Drivers/STM32F1xx_HAL_Driver/Src/stm32f1xx_hal.o
                0x0000000020000630                uwTick
 .bss.cfgidx.0  0x0000000020000634        0x1 ./Middlewares/ST/STM32_USB_Device_Library/Core/Src/usbd_ctlreq.o
 *fill*         0x0000000020000635        0x3 
 .bss.hUsbDeviceFS
                0x0000000020000638      0x2c4 ./USB_DEVICE/App/usb_device.o
                0x0000000020000638                hUsbDeviceFS
 .bss.USBD_StrDesc
                0x00000000200008fc      0x200 ./USB_DEVICE/App/usbd_desc.o
                0x00000000200008fc                USBD_StrDesc
 .bss.hpcd_USB_FS
                0x0000000020000afc      0x2ec ./USB_DEVICE/Target/usbd_conf.o
                0x0000000020000afc                hpcd_USB_FS
 .bss.mem.0     0x0000000020000de8       0x58 ./USB_DEVICE/Target/usbd_conf.o
 *(COMMON)
                0x0000000020000e40                . = ALIGN (0x4)
                0x0000000020000e40                _ebss = .
                0x0000000020000e40                __bss_end__ = _ebss

._user_heap_stack
                0x0000000020000e40      0x600 load address 0x00000000080078b4
                0x0000000020000e40                . = ALIGN (0x8)
                [!provide]                        PROVIDE (end = .)
                0x0000000020000e40                PROVIDE (_end = .)
                0x0000000020001040                . = (. + _Min_Heap_Size)
 *fill*         0x0000000020000e40      0x200 
                0x0000000020001440                . = (. + _Min_Stack_Size)
 *fill*         0x0000000020001040      0x400 
                0x0000000020001440                . = ALIGN (0x8)

/DISCARD/
 libc.a(*)
 libm.a(*)
 libgcc.a(*)

.ARM.attributes
                0x0000000000000000       0x29
 *(.ARM.attributes)
 .ARM.attributes
                0x0000000000000000       0x1d c:/st/stm32cubeide_1.12.0/stm32cubeide/plugins/com.st.stm32cube.ide.mcu.externaltools.gnu-tools-for-stm32.10.3-2021.10.win32_1.0.200.202301161003/tools/bin/../lib/gcc/arm-none-eabi/10.3.1/thumb/v7-m/nofp/crti.o
 .ARM.attributes
                0x000000000000001d       0x2d c:/st/stm32cubeide_1.12.0/stm32cubeide/plugins/com.st.stm32cube.ide.mcu.externaltools.gnu-tools-for-stm32.10.3-2021.10.win32_1.0.200.202301161003/tools/bin/../lib/gcc/arm-none-eabi/10.3.1/thumb/v7-m/nofp/crtbegin.o
 .ARM.attributes
                0x000000000000004a       0x2d ./Core/Src/main.o
 .ARM.attributes
                0x0000000000000077       0x2d ./Core/Src/stm32f1xx_hal_msp.o
 .ARM.attributes
                0x00000000000000a4       0x2d ./Core/Src/stm32f1xx_it.o
 .ARM.attributes
                0x00000000000000d1       0x2d ./Core/Src/system_stm32f1xx.o
 .ARM.attributes
                0x00000000000000fe       0x21 ./Core/Startup/startup_stm32f103c8tx.o
 .ARM.attributes
                0x000000000000011f       0x2d ./Drivers/STM32F1xx_HAL_Driver/Src/stm32f1xx_hal.o
 .ARM.attributes
                0x000000000000014c       0x2d ./Drivers/STM32F1xx_HAL_Driver/Src/stm32f1xx_hal_cortex.o
 .ARM.attributes
                0x0000000000000179       0x2d ./Drivers/STM32F1xx_HAL_Driver/Src/stm32f1xx_hal_pcd.o
 .ARM.attributes
                0x00000000000001a6       0x2d ./Drivers/STM32F1xx_HAL_Driver/Src/stm32f1xx_hal_pcd_ex.o
 .ARM.attributes
                0x00000000000001d3       0x2d ./Drivers/STM32F1xx_HAL_Driver/Src/stm32f1xx_hal_rcc.o
 .ARM.attributes
                0x0000000000000200       0x2d ./Drivers/STM32F1xx_HAL_Driver/Src/stm32f1xx_hal_rcc_ex.o
 .ARM.attributes
                0x000000000000022d       0x2d ./Drivers/STM32F1xx_HAL_Driver/Src/stm32f1xx_ll_usb.o
 .ARM.attributes
                0x000000000000025a       0x2d ./Middlewares/ST/STM32_USB_Device_Library/Class/CustomHID/Src/usbd_customhid.o
 .ARM.attributes
                0x0000000000000287       0x2d ./Middlewares/ST/STM32_USB_Device_Library/Core/Src/usbd_core.o
 .ARM.attributes
                0x00000000000002b4       0x2d ./Middlewares/ST/STM32_USB_Device_Library/Core/Src/usbd_ctlreq.o
 .ARM.attributes
                0x00000000000002e1       0x2d ./Middlewares/ST/STM32_USB_Device_Library/Core/Src/usbd_ioreq.o
 .ARM.attributes
                0x000000000000030e       0x2d ./USB_DEVICE/App/usb_device.o
 .ARM.attributes
                0x000000000000033b       0x2d ./USB_DEVICE/App/usbd_custom_hid_if.o
 .ARM.attributes
                0x0000000000000368       0x2d ./USB_DEVICE/App/usbd_desc.o
 .ARM.attributes
                0x0000000000000395       0x2d ./USB_DEVICE/Target/usbd_conf.o
 .ARM.attributes
                0x00000000000003c2       0x2d c:/st/stm32cubeide_1.12.0/stm32cubeide/plugins/com.st.stm32cube.ide.mcu.externaltools.gnu-tools-for-stm32.10.3-2021.10.win32_1.0.200.202301161003/tools/bin/../lib/gcc/arm-none-eabi/10.3.1/../../../../arm-none-eabi/lib/thumb/v7-m/nofp\libc_nano.a(lib_a-init.o)
 .ARM.attributes
                0x00000000000003ef       0x2d c:/st/stm32cubeide_1.12.0/stm32cubeide/plugins/com.st.stm32cube.ide.mcu.externaltools.gnu-tools-for-stm32.10.3-2021.10.win32_1.0.200.202301161003/tools/bin/../lib/gcc/arm-none-eabi/10.3.1/../../../../arm-none-eabi/lib/thumb/v7-m/nofp\libc_nano.a(lib_a-memset.o)
 .ARM.attributes
                0x000000000000041c       0x1d c:/st/stm32cubeide_1.12.0/stm32cubeide/plugins/com.st.stm32cube.ide.mcu.externaltools.gnu-tools-for-stm32.10.3-2021.10.win32_1.0.200.202301161003/tools/bin/../lib/gcc/arm-none-eabi/10.3.1/thumb/v7-m/nofp/crtn.o
OUTPUT(STM32Wheel.elf elf32-littlearm)
LOAD linker stubs
LOAD c:/st/stm32cubeide_1.12.0/stm32cubeide/plugins/com.st.stm32cube.ide.mcu.externaltools.gnu-tools-for-stm32.10.3-2021.10.win32_1.0.200.202301161003/tools/bin/../lib/gcc/arm-none-eabi/10.3.1/../../../../arm-none-eabi/lib/thumb/v7-m/nofp\libc.a
LOAD c:/st/stm32cubeide_1.12.0/stm32cubeide/plugins/com.st.stm32cube.ide.mcu.externaltools.gnu-tools-for-stm32.10.3-2021.10.win32_1.0.200.202301161003/tools/bin/../lib/gcc/arm-none-eabi/10.3.1/../../../../arm-none-eabi/lib/thumb/v7-m/nofp\libm.a
LOAD c:/st/stm32cubeide_1.12.0/stm32cubeide/plugins/com.st.stm32cube.ide.mcu.externaltools.gnu-tools-for-stm32.10.3-2021.10.win32_1.0.200.202301161003/tools/bin/../lib/gcc/arm-none-eabi/10.3.1/thumb/v7-m/nofp\libgcc.a

.debug_info     0x0000000000000000     0xb1e3
 .debug_info    0x0000000000000000      0x4ab ./Core/Src/main.o
 .debug_info    0x00000000000004ab      0x210 ./Core/Src/stm32f1xx_hal_msp.o
 .debug_info    0x00000000000006bb      0x661 ./Core/Src/stm32f1xx_it.o
 .debug_info    0x0000000000000d1c      0x23d ./Core/Src/system_stm32f1xx.o
 .debug_info    0x0000000000000f59       0x22 ./Core/Startup/startup_stm32f103c8tx.o
 .debug_info    0x0000000000000f7b      0x734 ./Drivers/STM32F1xx_HAL_Driver/Src/stm32f1xx_hal.o
 .debug_info    0x00000000000016af      0xb20 ./Drivers/STM32F1xx_HAL_Driver/Src/stm32f1xx_hal_cortex.o
 .debug_info    0x00000000000021cf     0x16ab ./Drivers/STM32F1xx_HAL_Driver/Src/stm32f1xx_hal_pcd.o
 .debug_info    0x000000000000387a      0x728 ./Drivers/STM32F1xx_HAL_Driver/Src/stm32f1xx_hal_pcd_ex.o
 .debug_info    0x0000000000003fa2      0x860 ./Drivers/STM32F1xx_HAL_Driver/Src/stm32f1xx_hal_rcc.o
 .debug_info    0x0000000000004802      0x3e0 ./Drivers/STM32F1xx_HAL_Driver/Src/stm32f1xx_hal_rcc_ex.o
 .debug_info    0x0000000000004be2     0x190d ./Drivers/STM32F1xx_HAL_Driver/Src/stm32f1xx_ll_usb.o
 .debug_info    0x00000000000064ef      0xb29 ./Middlewares/ST/STM32_USB_Device_Library/Class/CustomHID/Src/usbd_customhid.o
 .debug_info    0x0000000000007018      0xb02 ./Middlewares/ST/STM32_USB_Device_Library/Core/Src/usbd_core.o
 .debug_info    0x0000000000007b1a      0x9b6 ./Middlewares/ST/STM32_USB_Device_Library/Core/Src/usbd_ctlreq.o
 .debug_info    0x00000000000084d0      0x715 ./Middlewares/ST/STM32_USB_Device_Library/Core/Src/usbd_ioreq.o
 .debug_info    0x0000000000008be5      0x654 ./USB_DEVICE/App/usb_device.o
 .debug_info    0x0000000000009239      0x1f1 ./USB_DEVICE/App/usbd_custom_hid_if.o
 .debug_info    0x000000000000942a      0x484 ./USB_DEVICE/App/usbd_desc.o
 .debug_info    0x00000000000098ae     0x1935 ./USB_DEVICE/Target/usbd_conf.o

.debug_abbrev   0x0000000000000000     0x24db
 .debug_abbrev  0x0000000000000000      0x1fb ./Core/Src/main.o
 .debug_abbrev  0x00000000000001fb       0xd4 ./Core/Src/stm32f1xx_hal_msp.o
 .debug_abbrev  0x00000000000002cf      0x188 ./Core/Src/stm32f1xx_it.o
 .debug_abbrev  0x0000000000000457      0x13b ./Core/Src/system_stm32f1xx.o
 .debug_abbrev  0x0000000000000592       0x12 ./Core/Startup/startup_stm32f103c8tx.o
 .debug_abbrev  0x00000000000005a4      0x1fb ./Drivers/STM32F1xx_HAL_Driver/Src/stm32f1xx_hal.o
 .debug_abbrev  0x000000000000079f      0x2ed ./Drivers/STM32F1xx_HAL_Driver/Src/stm32f1xx_hal_cortex.o
 .debug_abbrev  0x0000000000000a8c      0x2b9 ./Drivers/STM32F1xx_HAL_Driver/Src/stm32f1xx_hal_pcd.o
 .debug_abbrev  0x0000000000000d45      0x17f ./Drivers/STM32F1xx_HAL_Driver/Src/stm32f1xx_hal_pcd_ex.o
 .debug_abbrev  0x0000000000000ec4      0x2a8 ./Drivers/STM32F1xx_HAL_Driver/Src/stm32f1xx_hal_rcc.o
 .debug_abbrev  0x000000000000116c      0x182 ./Drivers/STM32F1xx_HAL_Driver/Src/stm32f1xx_hal_rcc_ex.o
 .debug_abbrev  0x00000000000012ee      0x1cd ./Drivers/STM32F1xx_HAL_Driver/Src/stm32f1xx_ll_usb.o
 .debug_abbrev  0x00000000000014bb      0x261 ./Middlewares/ST/STM32_USB_Device_Library/Class/CustomHID/Src/usbd_customhid.o
 .debug_abbrev  0x000000000000171c      0x236 ./Middlewares/ST/STM32_USB_Device_Library/Core/Src/usbd_core.o
 .debug_abbrev  0x0000000000001952      0x257 ./Middlewares/ST/STM32_USB_Device_Library/Core/Src/usbd_ctlreq.o
 .debug_abbrev  0x0000000000001ba9      0x183 ./Middlewares/ST/STM32_USB_Device_Library/Core/Src/usbd_ioreq.o
 .debug_abbrev  0x0000000000001d2c      0x183 ./USB_DEVICE/App/usb_device.o
 .debug_abbrev  0x0000000000001eaf      0x12d ./USB_DEVICE/App/usbd_custom_hid_if.o
 .debug_abbrev  0x0000000000001fdc      0x1fa ./USB_DEVICE/App/usbd_desc.o
 .debug_abbrev  0x00000000000021d6      0x305 ./USB_DEVICE/Target/usbd_conf.o

.debug_aranges  0x0000000000000000      0x9e0
 .debug_aranges
                0x0000000000000000       0x38 ./Core/Src/main.o
 .debug_aranges
                0x0000000000000038       0x20 ./Core/Src/stm32f1xx_hal_msp.o
 .debug_aranges
                0x0000000000000058       0x68 ./Core/Src/stm32f1xx_it.o
 .debug_aranges
                0x00000000000000c0       0x28 ./Core/Src/system_stm32f1xx.o
 .debug_aranges
                0x00000000000000e8       0x28 ./Core/Startup/startup_stm32f103c8tx.o
 .debug_aranges
                0x0000000000000110       0xe0 ./Drivers/STM32F1xx_HAL_Driver/Src/stm32f1xx_hal.o
 .debug_aranges
                0x00000000000001f0      0x100 ./Drivers/STM32F1xx_HAL_Driver/Src/stm32f1xx_hal_cortex.o
 .debug_aranges
                0x00000000000002f0      0x138 ./Drivers/STM32F1xx_HAL_Driver/Src/stm32f1xx_hal_pcd.o
 .debug_aranges
                0x0000000000000428       0x38 ./Drivers/STM32F1xx_HAL_Driver/Src/stm32f1xx_hal_pcd_ex.o
 .debug_aranges
                0x0000000000000460       0x90 ./Drivers/STM32F1xx_HAL_Driver/Src/stm32f1xx_hal_rcc.o
 .debug_aranges
                0x00000000000004f0       0x30 ./Drivers/STM32F1xx_HAL_Driver/Src/stm32f1xx_hal_rcc_ex.o
 .debug_aranges
                0x0000000000000520       0xf0 ./Drivers/STM32F1xx_HAL_Driver/Src/stm32f1xx_ll_usb.o
 .debug_aranges
                0x0000000000000610       0x78 ./Middlewares/ST/STM32_USB_Device_Library/Class/CustomHID/Src/usbd_customhid.o
 .debug_aranges
                0x0000000000000688       0xb8 ./Middlewares/ST/STM32_USB_Device_Library/Core/Src/usbd_core.o
 .debug_aranges
                0x0000000000000740       0x88 ./Middlewares/ST/STM32_USB_Device_Library/Core/Src/usbd_ctlreq.o
 .debug_aranges
                0x00000000000007c8       0x50 ./Middlewares/ST/STM32_USB_Device_Library/Core/Src/usbd_ioreq.o
 .debug_aranges
                0x0000000000000818       0x20 ./USB_DEVICE/App/usb_device.o
 .debug_aranges
                0x0000000000000838       0x30 ./USB_DEVICE/App/usbd_custom_hid_if.o
 .debug_aranges
                0x0000000000000868       0x60 ./USB_DEVICE/App/usbd_desc.o
 .debug_aranges
                0x00000000000008c8      0x118 ./USB_DEVICE/Target/usbd_conf.o

.debug_ranges   0x0000000000000000      0x8a8
 .debug_ranges  0x0000000000000000       0x28 ./Core/Src/main.o
 .debug_ranges  0x0000000000000028       0x10 ./Core/Src/stm32f1xx_hal_msp.o
 .debug_ranges  0x0000000000000038       0x58 ./Core/Src/stm32f1xx_it.o
 .debug_ranges  0x0000000000000090       0x18 ./Core/Src/system_stm32f1xx.o
 .debug_ranges  0x00000000000000a8       0x20 ./Core/Startup/startup_stm32f103c8tx.o
 .debug_ranges  0x00000000000000c8       0xd0 ./Drivers/STM32F1xx_HAL_Driver/Src/stm32f1xx_hal.o
 .debug_ranges  0x0000000000000198       0xf0 ./Drivers/STM32F1xx_HAL_Driver/Src/stm32f1xx_hal_cortex.o
 .debug_ranges  0x0000000000000288      0x128 ./Drivers/STM32F1xx_HAL_Driver/Src/stm32f1xx_hal_pcd.o
 .debug_ranges  0x00000000000003b0       0x28 ./Drivers/STM32F1xx_HAL_Driver/Src/stm32f1xx_hal_pcd_ex.o
 .debug_ranges  0x00000000000003d8       0x80 ./Drivers/STM32F1xx_HAL_Driver/Src/stm32f1xx_hal_rcc.o
 .debug_ranges  0x0000000000000458       0x20 ./Drivers/STM32F1xx_HAL_Driver/Src/stm32f1xx_hal_rcc_ex.o
 .debug_ranges  0x0000000000000478       0xe0 ./Drivers/STM32F1xx_HAL_Driver/Src/stm32f1xx_ll_usb.o
 .debug_ranges  0x0000000000000558       0x68 ./Middlewares/ST/STM32_USB_Device_Library/Class/CustomHID/Src/usbd_customhid.o
 .debug_ranges  0x00000000000005c0       0xa8 ./Middlewares/ST/STM32_USB_Device_Library/Core/Src/usbd_core.o
 .debug_ranges  0x0000000000000668       0x78 ./Middlewares/ST/STM32_USB_Device_Library/Core/Src/usbd_ctlreq.o
 .debug_ranges  0x00000000000006e0       0x40 ./Middlewares/ST/STM32_USB_Device_Library/Core/Src/usbd_ioreq.o
 .debug_ranges  0x0000000000000720       0x10 ./USB_DEVICE/App/usb_device.o
 .debug_ranges  0x0000000000000730       0x20 ./USB_DEVICE/App/usbd_custom_hid_if.o
 .debug_ranges  0x0000000000000750       0x50 ./USB_DEVICE/App/usbd_desc.o
 .debug_ranges  0x00000000000007a0      0x108 ./USB_DEVICE/Target/usbd_conf.o

.debug_macro    0x0000000000000000    0x19326
 .debug_macro   0x0000000000000000      0x39d ./Core/Src/main.o
 .debug_macro   0x000000000000039d      0xa6c ./Core/Src/main.o
 .debug_macro   0x0000000000000e09      0x215 ./Core/Src/main.o
 .debug_macro   0x000000000000101e       0x2e ./Core/Src/main.o
 .debug_macro   0x000000000000104c       0x22 ./Core/Src/main.o
 .debug_macro   0x000000000000106e       0x22 ./Core/Src/main.o
 .debug_macro   0x0000000000001090       0x8e ./Core/Src/main.o
 .debug_macro   0x000000000000111e       0x51 ./Core/Src/main.o
 .debug_macro   0x000000000000116f      0x103 ./Core/Src/main.o
 .debug_macro   0x0000000000001272       0x6a ./Core/Src/main.o
 .debug_macro   0x00000000000012dc      0x1df ./Core/Src/main.o
 .debug_macro   0x00000000000014bb       0x1c ./Core/Src/main.o
 .debug_macro   0x00000000000014d7       0x22 ./Core/Src/main.o
 .debug_macro   0x00000000000014f9       0xbd ./Core/Src/main.o
 .debug_macro   0x00000000000015b6      0xd23 ./Core/Src/main.o
 .debug_macro   0x00000000000022d9     0xe09e ./Core/Src/main.o
 .debug_macro   0x0000000000010377       0x6d ./Core/Src/main.o
 .debug_macro   0x00000000000103e4     0x3468 ./Core/Src/main.o
 .debug_macro   0x000000000001384c      0x174 ./Core/Src/main.o
 .debug_macro   0x00000000000139c0       0x5c ./Core/Src/main.o
 .debug_macro   0x0000000000013a1c      0x5be ./Core/Src/main.o
 .debug_macro   0x0000000000013fda      0x289 ./Core/Src/main.o
 .debug_macro   0x0000000000014263      0x1cb ./Core/Src/main.o
 .debug_macro   0x000000000001442e      0x114 ./Core/Src/main.o
 .debug_macro   0x0000000000014542      0x1b2 ./Core/Src/main.o
 .debug_macro   0x00000000000146f4       0x27 ./Core/Src/main.o
 .debug_macro   0x000000000001471b      0x136 ./Core/Src/main.o
 .debug_macro   0x0000000000014851      0x1bc ./Core/Src/main.o
 .debug_macro   0x0000000000014a0d       0x34 ./Core/Src/main.o
 .debug_macro   0x0000000000014a41       0x3c ./Core/Src/main.o
 .debug_macro   0x0000000000014a7d       0x57 ./Core/Src/main.o
 .debug_macro   0x0000000000014ad4       0x88 ./Core/Src/main.o
 .debug_macro   0x0000000000014b5c      0x241 ./Core/Src/main.o
 .debug_macro   0x0000000000014d9d      0x141 ./Core/Src/main.o
 .debug_macro   0x0000000000014ede       0x65 ./Core/Src/main.o
 .debug_macro   0x0000000000014f43      0x249 ./Core/Src/main.o
 .debug_macro   0x000000000001518c       0x83 ./Core/Src/main.o
 .debug_macro   0x000000000001520f       0x52 ./Core/Src/main.o
 .debug_macro   0x0000000000015261       0x18 ./Core/Src/main.o
 .debug_macro   0x0000000000015279       0x3c ./Core/Src/main.o
 .debug_macro   0x00000000000152b5       0x34 ./Core/Src/main.o
 .debug_macro   0x00000000000152e9       0x16 ./Core/Src/main.o
 .debug_macro   0x00000000000152ff       0x35 ./Core/Src/main.o
 .debug_macro   0x0000000000015334      0x341 ./Core/Src/main.o
 .debug_macro   0x0000000000015675       0x10 ./Core/Src/main.o
 .debug_macro   0x0000000000015685       0x16 ./Core/Src/main.o
 .debug_macro   0x000000000001569b       0x43 ./Core/Src/main.o
 .debug_macro   0x00000000000156de       0x34 ./Core/Src/main.o
 .debug_macro   0x0000000000015712       0x10 ./Core/Src/main.o
 .debug_macro   0x0000000000015722       0x58 ./Core/Src/main.o
 .debug_macro   0x000000000001577a       0x71 ./Core/Src/main.o
 .debug_macro   0x00000000000157eb       0x1c ./Core/Src/main.o
 .debug_macro   0x0000000000015807      0x12a ./Core/Src/main.o
 .debug_macro   0x0000000000015931       0x10 ./Core/Src/main.o
 .debug_macro   0x0000000000015941       0x1c ./Core/Src/main.o
 .debug_macro   0x000000000001595d       0x52 ./Core/Src/main.o
 .debug_macro   0x00000000000159af       0x22 ./Core/Src/main.o
 .debug_macro   0x00000000000159d1       0x10 ./Core/Src/main.o
 .debug_macro   0x00000000000159e1       0x52 ./Core/Src/main.o
 .debug_macro   0x0000000000015a33       0xd5 ./Core/Src/main.o
 .debug_macro   0x0000000000015b08       0x1c ./Core/Src/main.o
 .debug_macro   0x0000000000015b24       0x3d ./Core/Src/main.o
 .debug_macro   0x0000000000015b61       0x16 ./Core/Src/main.o
 .debug_macro   0x0000000000015b77      0x145 ./Core/Src/main.o
 .debug_macro   0x0000000000015cbc       0x16 ./Core/Src/main.o
 .debug_macro   0x0000000000015cd2       0x16 ./Core/Src/main.o
 .debug_macro   0x0000000000015ce8       0x29 ./Core/Src/main.o
 .debug_macro   0x0000000000015d11       0x16 ./Core/Src/main.o
 .debug_macro   0x0000000000015d27       0x20 ./Core/Src/main.o
 .debug_macro   0x0000000000015d47       0x6c ./Core/Src/main.o
 .debug_macro   0x0000000000015db3      0x1c8 ./Core/Src/main.o
 .debug_macro   0x0000000000015f7b      0x1b2 ./Core/Src/stm32f1xx_hal_msp.o
 .debug_macro   0x000000000001612d      0x1bc ./Core/Src/stm32f1xx_it.o
 .debug_macro   0x00000000000162e9      0x1a8 ./Core/Src/system_stm32f1xx.o
 .debug_macro   0x0000000000016491      0x1cc ./Drivers/STM32F1xx_HAL_Driver/Src/stm32f1xx_hal.o
 .debug_macro   0x000000000001665d      0x1a8 ./Drivers/STM32F1xx_HAL_Driver/Src/stm32f1xx_hal_cortex.o
 .debug_macro   0x0000000000016805      0x1b4 ./Drivers/STM32F1xx_HAL_Driver/Src/stm32f1xx_hal_pcd.o
 .debug_macro   0x00000000000169b9      0x1a8 ./Drivers/STM32F1xx_HAL_Driver/Src/stm32f1xx_hal_pcd_ex.o
 .debug_macro   0x0000000000016b61      0x1ba ./Drivers/STM32F1xx_HAL_Driver/Src/stm32f1xx_hal_rcc.o
 .debug_macro   0x0000000000016d1b      0x1a8 ./Drivers/STM32F1xx_HAL_Driver/Src/stm32f1xx_hal_rcc_ex.o
 .debug_macro   0x0000000000016ec3      0x1a8 ./Drivers/STM32F1xx_HAL_Driver/Src/stm32f1xx_ll_usb.o
 .debug_macro   0x000000000001706b      0x3c8 ./Middlewares/ST/STM32_USB_Device_Library/Class/CustomHID/Src/usbd_customhid.o
 .debug_macro   0x0000000000017433       0x97 ./Middlewares/ST/STM32_USB_Device_Library/Class/CustomHID/Src/usbd_customhid.o
 .debug_macro   0x00000000000174ca       0xfd ./Middlewares/ST/STM32_USB_Device_Library/Class/CustomHID/Src/usbd_customhid.o
 .debug_macro   0x00000000000175c7       0x56 ./Middlewares/ST/STM32_USB_Device_Library/Class/CustomHID/Src/usbd_customhid.o
 .debug_macro   0x000000000001761d       0x65 ./Middlewares/ST/STM32_USB_Device_Library/Class/CustomHID/Src/usbd_customhid.o
 .debug_macro   0x0000000000017682      0x3af ./Middlewares/ST/STM32_USB_Device_Library/Core/Src/usbd_core.o
 .debug_macro   0x0000000000017a31      0x1ce ./Middlewares/ST/STM32_USB_Device_Library/Core/Src/usbd_core.o
 .debug_macro   0x0000000000017bff      0x3b9 ./Middlewares/ST/STM32_USB_Device_Library/Core/Src/usbd_ctlreq.o
 .debug_macro   0x0000000000017fb8      0x3b5 ./Middlewares/ST/STM32_USB_Device_Library/Core/Src/usbd_ioreq.o
 .debug_macro   0x000000000001836d      0x3ef ./USB_DEVICE/App/usb_device.o
 .debug_macro   0x000000000001875c       0x22 ./USB_DEVICE/App/usb_device.o
 .debug_macro   0x000000000001877e      0x3ce ./USB_DEVICE/App/usbd_custom_hid_if.o
 .debug_macro   0x0000000000018b4c      0x3ec ./USB_DEVICE/App/usbd_desc.o
 .debug_macro   0x0000000000018f38       0x1c ./USB_DEVICE/App/usbd_desc.o
 .debug_macro   0x0000000000018f54      0x3d2 ./USB_DEVICE/Target/usbd_conf.o

.debug_line     0x0000000000000000     0xd338
 .debug_line    0x0000000000000000      0x9f2 ./Core/Src/main.o
 .debug_line    0x00000000000009f2      0x678 ./Core/Src/stm32f1xx_hal_msp.o
 .debug_line    0x000000000000106a      0x752 ./Core/Src/stm32f1xx_it.o
 .debug_line    0x00000000000017bc      0x6f6 ./Core/Src/system_stm32f1xx.o
 .debug_line    0x0000000000001eb2       0x87 ./Core/Startup/startup_stm32f103c8tx.o
 .debug_line    0x0000000000001f39      0x923 ./Drivers/STM32F1xx_HAL_Driver/Src/stm32f1xx_hal.o
 .debug_line    0x000000000000285c      0xb0b ./Drivers/STM32F1xx_HAL_Driver/Src/stm32f1xx_hal_cortex.o
 .debug_line    0x0000000000003367     0x1311 ./Drivers/STM32F1xx_HAL_Driver/Src/stm32f1xx_hal_pcd.o
 .debug_line    0x0000000000004678      0x6f1 ./Drivers/STM32F1xx_HAL_Driver/Src/stm32f1xx_hal_pcd_ex.o
 .debug_line    0x0000000000004d69      0xd31 ./Drivers/STM32F1xx_HAL_Driver/Src/stm32f1xx_hal_rcc.o
 .debug_line    0x0000000000005a9a      0x86f ./Drivers/STM32F1xx_HAL_Driver/Src/stm32f1xx_hal_rcc_ex.o
 .debug_line    0x0000000000006309     0x1056 ./Drivers/STM32F1xx_HAL_Driver/Src/stm32f1xx_ll_usb.o
 .debug_line    0x000000000000735f      0xc5b ./Middlewares/ST/STM32_USB_Device_Library/Class/CustomHID/Src/usbd_customhid.o
 .debug_line    0x0000000000007fba      0xd84 ./Middlewares/ST/STM32_USB_Device_Library/Core/Src/usbd_core.o
 .debug_line    0x0000000000008d3e      0xfa6 ./Middlewares/ST/STM32_USB_Device_Library/Core/Src/usbd_ctlreq.o
 .debug_line    0x0000000000009ce4      0xa1a ./Middlewares/ST/STM32_USB_Device_Library/Core/Src/usbd_ioreq.o
 .debug_line    0x000000000000a6fe      0x9ed ./USB_DEVICE/App/usb_device.o
 .debug_line    0x000000000000b0eb      0x9e5 ./USB_DEVICE/App/usbd_custom_hid_if.o
 .debug_line    0x000000000000bad0      0xaa3 ./USB_DEVICE/App/usbd_desc.o
 .debug_line    0x000000000000c573      0xdc5 ./USB_DEVICE/Target/usbd_conf.o

.debug_str      0x0000000000000000    0x84565
 .debug_str     0x0000000000000000    0x81af4 ./Core/Src/main.o
                                      0x81e83 (size before relaxing)
 .debug_str     0x0000000000081af4       0x5a ./Core/Src/stm32f1xx_hal_msp.o
                                      0x7d3ab (size before relaxing)
 .debug_str     0x0000000000081b4e      0x413 ./Core/Src/stm32f1xx_it.o
                                      0x7d77f (size before relaxing)
 .debug_str     0x0000000000081f61       0x7e ./Core/Src/system_stm32f1xx.o
                                      0x7d3d6 (size before relaxing)
 .debug_str     0x0000000000081fdf       0x36 ./Core/Startup/startup_stm32f103c8tx.o
                                         0x5e (size before relaxing)
 .debug_str     0x0000000000082015      0x607 ./Drivers/STM32F1xx_HAL_Driver/Src/stm32f1xx_hal.o
                                      0x7db09 (size before relaxing)
 .debug_str     0x000000000008261c      0x293 ./Drivers/STM32F1xx_HAL_Driver/Src/stm32f1xx_hal_cortex.o
                                      0x7da55 (size before relaxing)
 .debug_str     0x00000000000828af      0x590 ./Drivers/STM32F1xx_HAL_Driver/Src/stm32f1xx_hal_pcd.o
                                      0x7dcae (size before relaxing)
 .debug_str     0x0000000000082e3f      0x170 ./Drivers/STM32F1xx_HAL_Driver/Src/stm32f1xx_hal_pcd_ex.o
                                      0x7d84a (size before relaxing)
 .debug_str     0x0000000000082faf      0x264 ./Drivers/STM32F1xx_HAL_Driver/Src/stm32f1xx_hal_rcc.o
                                      0x7d805 (size before relaxing)
 .debug_str     0x0000000000083213       0x9f ./Drivers/STM32F1xx_HAL_Driver/Src/stm32f1xx_hal_rcc_ex.o
                                      0x7d555 (size before relaxing)
 .debug_str     0x00000000000832b2      0x12e ./Drivers/STM32F1xx_HAL_Driver/Src/stm32f1xx_ll_usb.o
                                      0x7d87d (size before relaxing)
 .debug_str     0x00000000000833e0      0x934 ./Middlewares/ST/STM32_USB_Device_Library/Class/CustomHID/Src/usbd_customhid.o
                                      0x825a9 (size before relaxing)
 .debug_str     0x0000000000083d14      0x281 ./Middlewares/ST/STM32_USB_Device_Library/Core/Src/usbd_core.o
                                      0x8227b (size before relaxing)
 .debug_str     0x0000000000083f95      0x11b ./Middlewares/ST/STM32_USB_Device_Library/Core/Src/usbd_ctlreq.o
                                      0x82195 (size before relaxing)
 .debug_str     0x00000000000840b0       0x67 ./Middlewares/ST/STM32_USB_Device_Library/Core/Src/usbd_ioreq.o
                                      0x820c2 (size before relaxing)
 .debug_str     0x0000000000084117       0xe0 ./USB_DEVICE/App/usb_device.o
                                      0x8236a (size before relaxing)
 .debug_str     0x00000000000841f7       0x89 ./USB_DEVICE/App/usbd_custom_hid_if.o
                                      0x81f07 (size before relaxing)
 .debug_str     0x0000000000084280      0x26d ./USB_DEVICE/App/usbd_desc.o
                                      0x82013 (size before relaxing)
 .debug_str     0x00000000000844ed       0x78 ./USB_DEVICE/Target/usbd_conf.o
                                      0x82df2 (size before relaxing)

.comment        0x0000000000000000       0x50
 .comment       0x0000000000000000       0x50 ./Core/Src/main.o
                                         0x51 (size before relaxing)
 .comment       0x0000000000000050       0x51 ./Core/Src/stm32f1xx_hal_msp.o
 .comment       0x0000000000000050       0x51 ./Core/Src/stm32f1xx_it.o
 .comment       0x0000000000000050       0x51 ./Core/Src/system_stm32f1xx.o
 .comment       0x0000000000000050       0x51 ./Drivers/STM32F1xx_HAL_Driver/Src/stm32f1xx_hal.o
 .comment       0x0000000000000050       0x51 ./Drivers/STM32F1xx_HAL_Driver/Src/stm32f1xx_hal_cortex.o
 .comment       0x0000000000000050       0x51 ./Drivers/STM32F1xx_HAL_Driver/Src/stm32f1xx_hal_pcd.o
 .comment       0x0000000000000050       0x51 ./Drivers/STM32F1xx_HAL_Driver/Src/stm32f1xx_hal_pcd_ex.o
 .comment       0x0000000000000050       0x51 ./Drivers/STM32F1xx_HAL_Driver/Src/stm32f1xx_hal_rcc.o
 .comment       0x0000000000000050       0x51 ./Drivers/STM32F1xx_HAL_Driver/Src/stm32f1xx_hal_rcc_ex.o
 .comment       0x0000000000000050       0x51 ./Drivers/STM32F1xx_HAL_Driver/Src/stm32f1xx_ll_usb.o
 .comment       0x0000000000000050       0x51 ./Middlewares/ST/STM32_USB_Device_Library/Class/CustomHID/Src/usbd_customhid.o
 .comment       0x0000000000000050       0x51 ./Middlewares/ST/STM32_USB_Device_Library/Core/Src/usbd_core.o
 .comment       0x0000000000000050       0x51 ./Middlewares/ST/STM32_USB_Device_Library/Core/Src/usbd_ctlreq.o
 .comment       0x0000000000000050       0x51 ./Middlewares/ST/STM32_USB_Device_Library/Core/Src/usbd_ioreq.o
 .comment       0x0000000000000050       0x51 ./USB_DEVICE/App/usb_device.o
 .comment       0x0000000000000050       0x51 ./USB_DEVICE/App/usbd_custom_hid_if.o
 .comment       0x0000000000000050       0x51 ./USB_DEVICE/App/usbd_desc.o
 .comment       0x0000000000000050       0x51 ./USB_DEVICE/Target/usbd_conf.o

.debug_frame    0x0000000000000000     0x25a8
 .debug_frame   0x0000000000000000       0x94 ./Core/Src/main.o
 .debug_frame   0x0000000000000094       0x38 ./Core/Src/stm32f1xx_hal_msp.o
 .debug_frame   0x00000000000000cc      0x120 ./Core/Src/stm32f1xx_it.o
 .debug_frame   0x00000000000001ec       0x58 ./Core/Src/system_stm32f1xx.o
 .debug_frame   0x0000000000000244      0x334 ./Drivers/STM32F1xx_HAL_Driver/Src/stm32f1xx_hal.o
 .debug_frame   0x0000000000000578      0x428 ./Drivers/STM32F1xx_HAL_Driver/Src/stm32f1xx_hal_cortex.o
 .debug_frame   0x00000000000009a0      0x578 ./Drivers/STM32F1xx_HAL_Driver/Src/stm32f1xx_hal_pcd.o
 .debug_frame   0x0000000000000f18       0xb0 ./Drivers/STM32F1xx_HAL_Driver/Src/stm32f1xx_hal_pcd_ex.o
 .debug_frame   0x0000000000000fc8      0x21c ./Drivers/STM32F1xx_HAL_Driver/Src/stm32f1xx_hal_rcc.o
 .debug_frame   0x00000000000011e4       0x84 ./Drivers/STM32F1xx_HAL_Driver/Src/stm32f1xx_hal_rcc_ex.o
 .debug_frame   0x0000000000001268      0x450 ./Drivers/STM32F1xx_HAL_Driver/Src/stm32f1xx_ll_usb.o
 .debug_frame   0x00000000000016b8      0x1d8 ./Middlewares/ST/STM32_USB_Device_Library/Class/CustomHID/Src/usbd_customhid.o
 .debug_frame   0x0000000000001890      0x300 ./Middlewares/ST/STM32_USB_Device_Library/Core/Src/usbd_core.o
 .debug_frame   0x0000000000001b90      0x218 ./Middlewares/ST/STM32_USB_Device_Library/Core/Src/usbd_ctlreq.o
 .debug_frame   0x0000000000001da8      0x10c ./Middlewares/ST/STM32_USB_Device_Library/Core/Src/usbd_ioreq.o
 .debug_frame   0x0000000000001eb4       0x2c ./USB_DEVICE/App/usb_device.o
 .debug_frame   0x0000000000001ee0       0x78 ./USB_DEVICE/App/usbd_custom_hid_if.o
 .debug_frame   0x0000000000001f58      0x160 ./USB_DEVICE/App/usbd_desc.o
 .debug_frame   0x00000000000020b8      0x4a4 ./USB_DEVICE/Target/usbd_conf.o
 .debug_frame   0x000000000000255c       0x2c c:/st/stm32cubeide_1.12.0/stm32cubeide/plugins/com.st.stm32cube.ide.mcu.externaltools.gnu-tools-for-stm32.10.3-2021.10.win32_1.0.200.202301161003/tools/bin/../lib/gcc/arm-none-eabi/10.3.1/../../../../arm-none-eabi/lib/thumb/v7-m/nofp\libc_nano.a(lib_a-init.o)
 .debug_frame   0x0000000000002588       0x20 c:/st/stm32cubeide_1.12.0/stm32cubeide/plugins/com.st.stm32cube.ide.mcu.externaltools.gnu-tools-for-stm32.10.3-2021.10.win32_1.0.200.202301161003/tools/bin/../lib/gcc/arm-none-eabi/10.3.1/../../../../arm-none-eabi/lib/thumb/v7-m/nofp\libc_nano.a(lib_a-memset.o)
