D:/projects/STM32Wheel/STM32Wheel/_Library/Arduino_STM32-master/STM32F1/system/libmaple/stm32f1/include/series/nvic.h:159:20:nvic_irq_disable_all	4	static
D:/projects/STM32Wheel/STM32Wheel/_Library/Arduino_STM32-master/STM32F1/system/libmaple/include/libmaple/nvic.h:127:20:nvic_irq_enable	16	static
D:/projects/STM32Wheel/STM32Wheel/_Library/Arduino_STM32-master/STM32F1/system/libmaple/include/libmaple/bitband.h:90:32:bb_perip	16	static
D:/projects/STM32Wheel/STM32Wheel/_Library/Arduino_STM32-master/STM32F1/system/libmaple/include/libmaple/bitband.h:116:32:__bb_addr	24	static
D:/projects/STM32Wheel/STM32Wheel/_Library/Arduino_STM32-master/STM32F1/system/libmaple/include/libmaple/timer.h:641:20:timer_disable_all	8	static
D:/projects/STM32Wheel/STM32Wheel/_Library/Arduino_STM32-master/STM32F1/system/libmaple/include/libmaple/adc.h:336:20:adc_disable	16	static
D:/projects/STM32Wheel/STM32Wheel/_Library/Arduino_STM32-master/STM32F1/system/libmaple/include/libmaple/adc.h:343:20:adc_disable_all	8	static
D:/projects/STM32Wheel/STM32Wheel/_Library/Arduino_STM32-master/STM32F1/system/libmaple/include/libmaple/usart.h:435:20:usart_disable_all	8	static
../_Library/Arduino_STM32-master/STM32F1/cores/maple/stm32f1/util_hooks.c:55:6:__lm_error	8	static
../_Library/Arduino_STM32-master/STM32F1/cores/maple/stm32f1/util_hooks.c:78:12:__lm_enable_error_usart	8	static
