../_Library/Arduino_STM32-master/STM32F1/cores/maple/libmaple/usb/usb_lib/usb_regs.c:34:6:SetCNTR	16	static
../_Library/Arduino_STM32-master/STM32F1/cores/maple/libmaple/usb/usb_lib/usb_regs.c:46:5:GetCNTR	4	static
../_Library/Arduino_STM32-master/STM32F1/cores/maple/libmaple/usb/usb_lib/usb_regs.c:58:6:SetISTR	16	static
../_Library/Arduino_STM32-master/STM32F1/cores/maple/libmaple/usb/usb_lib/usb_regs.c:70:5:GetISTR	4	static
../_Library/Arduino_STM32-master/STM32F1/cores/maple/libmaple/usb/usb_lib/usb_regs.c:82:5:GetFNR	4	static
../_Library/Arduino_STM32-master/STM32F1/cores/maple/libmaple/usb/usb_lib/usb_regs.c:94:6:SetDADDR	16	static
../_Library/Arduino_STM32-master/STM32F1/cores/maple/libmaple/usb/usb_lib/usb_regs.c:106:5:GetDADDR	4	static
../_Library/Arduino_STM32-master/STM32F1/cores/maple/libmaple/usb/usb_lib/usb_regs.c:118:6:SetBTABLE	16	static
../_Library/Arduino_STM32-master/STM32F1/cores/maple/libmaple/usb/usb_lib/usb_regs.c:130:5:GetBTABLE	4	static
../_Library/Arduino_STM32-master/STM32F1/cores/maple/libmaple/usb/usb_lib/usb_regs.c:143:6:SetENDPOINT	16	static
../_Library/Arduino_STM32-master/STM32F1/cores/maple/libmaple/usb/usb_lib/usb_regs.c:155:5:GetENDPOINT	16	static
../_Library/Arduino_STM32-master/STM32F1/cores/maple/libmaple/usb/usb_lib/usb_regs.c:168:6:SetEPType	16	static
../_Library/Arduino_STM32-master/STM32F1/cores/maple/libmaple/usb/usb_lib/usb_regs.c:180:5:GetEPType	16	static
../_Library/Arduino_STM32-master/STM32F1/cores/maple/libmaple/usb/usb_lib/usb_regs.c:193:6:SetEPTxStatus	16	static
../_Library/Arduino_STM32-master/STM32F1/cores/maple/libmaple/usb/usb_lib/usb_regs.c:206:6:SetEPRxStatus	16	static
../_Library/Arduino_STM32-master/STM32F1/cores/maple/libmaple/usb/usb_lib/usb_regs.c:219:6:SetDouBleBuffEPStall	24	static
../_Library/Arduino_STM32-master/STM32F1/cores/maple/libmaple/usb/usb_lib/usb_regs.c:240:5:GetEPTxStatus	16	static
../_Library/Arduino_STM32-master/STM32F1/cores/maple/libmaple/usb/usb_lib/usb_regs.c:252:5:GetEPRxStatus	16	static
../_Library/Arduino_STM32-master/STM32F1/cores/maple/libmaple/usb/usb_lib/usb_regs.c:264:6:SetEPTxValid	16	static
../_Library/Arduino_STM32-master/STM32F1/cores/maple/libmaple/usb/usb_lib/usb_regs.c:276:6:SetEPRxValid	16	static
../_Library/Arduino_STM32-master/STM32F1/cores/maple/libmaple/usb/usb_lib/usb_regs.c:288:6:SetEP_KIND	16	static
../_Library/Arduino_STM32-master/STM32F1/cores/maple/libmaple/usb/usb_lib/usb_regs.c:300:6:ClearEP_KIND	16	static
../_Library/Arduino_STM32-master/STM32F1/cores/maple/libmaple/usb/usb_lib/usb_regs.c:311:6:Clear_Status_Out	16	static
../_Library/Arduino_STM32-master/STM32F1/cores/maple/libmaple/usb/usb_lib/usb_regs.c:322:6:Set_Status_Out	16	static
../_Library/Arduino_STM32-master/STM32F1/cores/maple/libmaple/usb/usb_lib/usb_regs.c:333:6:SetEPDoubleBuff	16	static
../_Library/Arduino_STM32-master/STM32F1/cores/maple/libmaple/usb/usb_lib/usb_regs.c:344:6:ClearEPDoubleBuff	16	static
../_Library/Arduino_STM32-master/STM32F1/cores/maple/libmaple/usb/usb_lib/usb_regs.c:355:5:GetTxStallStatus	16	static
../_Library/Arduino_STM32-master/STM32F1/cores/maple/libmaple/usb/usb_lib/usb_regs.c:366:5:GetRxStallStatus	16	static
../_Library/Arduino_STM32-master/STM32F1/cores/maple/libmaple/usb/usb_lib/usb_regs.c:377:6:ClearEP_CTR_RX	16	static
../_Library/Arduino_STM32-master/STM32F1/cores/maple/libmaple/usb/usb_lib/usb_regs.c:388:6:ClearEP_CTR_TX	16	static
../_Library/Arduino_STM32-master/STM32F1/cores/maple/libmaple/usb/usb_lib/usb_regs.c:399:6:ToggleDTOG_RX	16	static
../_Library/Arduino_STM32-master/STM32F1/cores/maple/libmaple/usb/usb_lib/usb_regs.c:410:6:ToggleDTOG_TX	16	static
../_Library/Arduino_STM32-master/STM32F1/cores/maple/libmaple/usb/usb_lib/usb_regs.c:421:6:ClearDTOG_RX	16	static
../_Library/Arduino_STM32-master/STM32F1/cores/maple/libmaple/usb/usb_lib/usb_regs.c:432:6:ClearDTOG_TX	16	static
../_Library/Arduino_STM32-master/STM32F1/cores/maple/libmaple/usb/usb_lib/usb_regs.c:444:6:SetEPAddress	16	static
../_Library/Arduino_STM32-master/STM32F1/cores/maple/libmaple/usb/usb_lib/usb_regs.c:455:4:GetEPAddress	16	static
../_Library/Arduino_STM32-master/STM32F1/cores/maple/libmaple/usb/usb_lib/usb_regs.c:467:6:SetEPTxAddr	16	static
../_Library/Arduino_STM32-master/STM32F1/cores/maple/libmaple/usb/usb_lib/usb_regs.c:479:6:SetEPRxAddr	16	static
../_Library/Arduino_STM32-master/STM32F1/cores/maple/libmaple/usb/usb_lib/usb_regs.c:490:5:GetEPTxAddr	16	static
../_Library/Arduino_STM32-master/STM32F1/cores/maple/libmaple/usb/usb_lib/usb_regs.c:501:5:GetEPRxAddr	16	static
../_Library/Arduino_STM32-master/STM32F1/cores/maple/libmaple/usb/usb_lib/usb_regs.c:513:6:SetEPTxCount	16	static
../_Library/Arduino_STM32-master/STM32F1/cores/maple/libmaple/usb/usb_lib/usb_regs.c:525:6:SetEPCountRxReg	24	static
../_Library/Arduino_STM32-master/STM32F1/cores/maple/libmaple/usb/usb_lib/usb_regs.c:537:6:SetEPRxCount	24	static
../_Library/Arduino_STM32-master/STM32F1/cores/maple/libmaple/usb/usb_lib/usb_regs.c:548:5:GetEPTxCount	16	static
../_Library/Arduino_STM32-master/STM32F1/cores/maple/libmaple/usb/usb_lib/usb_regs.c:559:5:GetEPRxCount	16	static
../_Library/Arduino_STM32-master/STM32F1/cores/maple/libmaple/usb/usb_lib/usb_regs.c:572:6:SetEPDblBuffAddr	16	static
../_Library/Arduino_STM32-master/STM32F1/cores/maple/libmaple/usb/usb_lib/usb_regs.c:584:6:SetEPDblBuf0Addr	16	static
../_Library/Arduino_STM32-master/STM32F1/cores/maple/libmaple/usb/usb_lib/usb_regs.c:596:6:SetEPDblBuf1Addr	16	static
../_Library/Arduino_STM32-master/STM32F1/cores/maple/libmaple/usb/usb_lib/usb_regs.c:607:5:GetEPDblBuf0Addr	16	static
../_Library/Arduino_STM32-master/STM32F1/cores/maple/libmaple/usb/usb_lib/usb_regs.c:618:5:GetEPDblBuf1Addr	16	static
../_Library/Arduino_STM32-master/STM32F1/cores/maple/libmaple/usb/usb_lib/usb_regs.c:630:6:SetEPDblBuffCount	32	static
../_Library/Arduino_STM32-master/STM32F1/cores/maple/libmaple/usb/usb_lib/usb_regs.c:642:6:SetEPDblBuf0Count	24	static
../_Library/Arduino_STM32-master/STM32F1/cores/maple/libmaple/usb/usb_lib/usb_regs.c:654:6:SetEPDblBuf1Count	24	static
../_Library/Arduino_STM32-master/STM32F1/cores/maple/libmaple/usb/usb_lib/usb_regs.c:666:5:GetEPDblBuf0Count	16	static
../_Library/Arduino_STM32-master/STM32F1/cores/maple/libmaple/usb/usb_lib/usb_regs.c:678:5:GetEPDblBuf1Count	16	static
../_Library/Arduino_STM32-master/STM32F1/cores/maple/libmaple/usb/usb_lib/usb_regs.c:690:13:GetEPDblBufDir	16	static
../_Library/Arduino_STM32-master/STM32F1/cores/maple/libmaple/usb/usb_lib/usb_regs.c:707:6:FreeUserBuffer	16	static
../_Library/Arduino_STM32-master/STM32F1/cores/maple/libmaple/usb/usb_lib/usb_regs.c:726:5:ToWord	24	static
../_Library/Arduino_STM32-master/STM32F1/cores/maple/libmaple/usb/usb_lib/usb_regs.c:739:5:ByteSwap	24	static
