../_Library/Arduino_STM32-master/STM32F1/cores/maple/libmaple/usb/usb_lib/usb_core.c:53:5:Standard_GetConfiguration	16	static
../_Library/Arduino_STM32-master/STM32F1/cores/maple/libmaple/usb/usb_lib/usb_core.c:74:8:Standard_SetConfiguration	8	static
../_Library/Arduino_STM32-master/STM32F1/cores/maple/libmaple/usb/usb_lib/usb_core.c:99:5:Standard_GetInterface	16	static
../_Library/Arduino_STM32-master/STM32F1/cores/maple/libmaple/usb/usb_lib/usb_core.c:120:8:Standard_SetInterface	16	static
../_Library/Arduino_STM32-master/STM32F1/cores/maple/libmaple/usb/usb_lib/usb_core.c:155:5:Standard_GetStatus	24	static
../_Library/Arduino_STM32-master/STM32F1/cores/maple/libmaple/usb/usb_lib/usb_core.c:233:8:Standard_ClearFeature	40	static
../_Library/Arduino_STM32-master/STM32F1/cores/maple/libmaple/usb/usb_lib/usb_core.c:322:8:Standard_SetEndPointFeature	32	static
../_Library/Arduino_STM32-master/STM32F1/cores/maple/libmaple/usb/usb_lib/usb_core.c:376:8:Standard_SetDeviceFeature	8	static
../_Library/Arduino_STM32-master/STM32F1/cores/maple/libmaple/usb/usb_lib/usb_core.c:402:5:Standard_GetDescriptorData	24	static
../_Library/Arduino_STM32-master/STM32F1/cores/maple/libmaple/usb/usb_lib/usb_core.c:423:6:DataStageOut	24	static
../_Library/Arduino_STM32-master/STM32F1/cores/maple/libmaple/usb/usb_lib/usb_core.c:480:6:DataStageIn	32	static
../_Library/Arduino_STM32-master/STM32F1/cores/maple/libmaple/usb/usb_lib/usb_core.c:539:6:NoData_Setup0	24	static
../_Library/Arduino_STM32-master/STM32F1/cores/maple/libmaple/usb/usb_lib/usb_core.c:663:6:Data_Setup0	48	static
../_Library/Arduino_STM32-master/STM32F1/cores/maple/libmaple/usb/usb_lib/usb_core.c:841:4:Setup0_Process	16	static
../_Library/Arduino_STM32-master/STM32F1/cores/maple/libmaple/usb/usb_lib/usb_core.c:885:4:In0_Process	16	static
../_Library/Arduino_STM32-master/STM32F1/cores/maple/libmaple/usb/usb_lib/usb_core.c:925:4:Out0_Process	16	static
../_Library/Arduino_STM32-master/STM32F1/cores/maple/libmaple/usb/usb_lib/usb_core.c:966:4:Post0_Process	8	static
../_Library/Arduino_STM32-master/STM32F1/cores/maple/libmaple/usb/usb_lib/usb_core.c:986:6:SetDeviceAddress	24	static
../_Library/Arduino_STM32-master/STM32F1/cores/maple/libmaple/usb/usb_lib/usb_core.c:1006:6:NOP_Process	4	static
