D:/projects/STM32Wheel/STM32Wheel/_Library/Arduino_STM32-master/STM32F1/system/libmaple/include/libmaple/gpio.h:92:20:gpio_write_bit	16	static
D:/projects/STM32Wheel/STM32Wheel/_Library/Arduino_STM32-master/STM32F1/system/libmaple/include/libmaple/nvic.h:127:20:nvic_irq_enable	16	static
D:/projects/STM32Wheel/STM32Wheel/_Library/Arduino_STM32-master/STM32F1/system/libmaple/include/libmaple/nvic.h:138:20:nvic_irq_disable	16	static
D:/projects/STM32Wheel/STM32Wheel/_Library/Arduino_STM32-master/STM32F1/system/libmaple/usb/stm32f1/usb_reg_map.h:289:20:usb_set_ep_rx_stat	24	static
D:/projects/STM32Wheel/STM32Wheel/_Library/Arduino_STM32-master/STM32F1/system/libmaple/usb/stm32f1/usb_reg_map.h:297:20:usb_set_ep_tx_stat	24	static
D:/projects/STM32Wheel/STM32Wheel/_Library/Arduino_STM32-master/STM32F1/system/libmaple/usb/stm32f1/usb_reg_map.h:305:20:usb_set_ep_type	24	static
D:/projects/STM32Wheel/STM32Wheel/_Library/Arduino_STM32-master/STM32F1/system/libmaple/usb/stm32f1/usb_reg_map.h:312:20:usb_set_ep_kind	24	static
D:/projects/STM32Wheel/STM32Wheel/_Library/Arduino_STM32-master/STM32F1/system/libmaple/usb/stm32f1/usb_reg_map.h:330:20:usb_clear_status_out	16	static
D:/projects/STM32Wheel/STM32Wheel/_Library/Arduino_STM32-master/STM32F1/system/libmaple/usb/stm32f1/usb_reg_map.h:352:24:usb_pma_ptr	16	static
D:/projects/STM32Wheel/STM32Wheel/_Library/Arduino_STM32-master/STM32F1/system/libmaple/usb/stm32f1/usb_reg_map.h:427:23:usb_btable_ptr	16	static
D:/projects/STM32Wheel/STM32Wheel/_Library/Arduino_STM32-master/STM32F1/system/libmaple/usb/stm32f1/usb_reg_map.h:433:23:usb_ep_tx_addr_ptr	16	static
D:/projects/STM32Wheel/STM32Wheel/_Library/Arduino_STM32-master/STM32F1/system/libmaple/usb/stm32f1/usb_reg_map.h:441:20:usb_set_ep_tx_addr	24	static
D:/projects/STM32Wheel/STM32Wheel/_Library/Arduino_STM32-master/STM32F1/system/libmaple/usb/stm32f1/usb_reg_map.h:448:23:usb_ep_rx_addr_ptr	16	static
D:/projects/STM32Wheel/STM32Wheel/_Library/Arduino_STM32-master/STM32F1/system/libmaple/usb/stm32f1/usb_reg_map.h:456:20:usb_set_ep_rx_addr	24	static
D:/projects/STM32Wheel/STM32Wheel/_Library/Arduino_STM32-master/STM32F1/system/libmaple/usb/stm32f1/usb_reg_map.h:463:23:usb_ep_tx_count_ptr	16	static
D:/projects/STM32Wheel/STM32Wheel/_Library/Arduino_STM32-master/STM32F1/system/libmaple/usb/stm32f1/usb_reg_map.h:473:20:usb_set_ep_tx_count	24	static
D:/projects/STM32Wheel/STM32Wheel/_Library/Arduino_STM32-master/STM32F1/system/libmaple/usb/stm32f1/usb_reg_map.h:480:23:usb_ep_rx_count_ptr	16	static
D:/projects/STM32Wheel/STM32Wheel/_Library/Arduino_STM32-master/STM32F1/system/libmaple/usb/stm32f1/usb_reg_map.h:484:22:usb_get_ep_rx_count	16	static
../_Library/Arduino_STM32-master/STM32F1/cores/maple/libmaple/usb/stm32f1/usb_cdcacm.c:369:6:usb_cdcacm_set_hooks	16	static
../_Library/Arduino_STM32-master/STM32F1/cores/maple/libmaple/usb/stm32f1/usb_cdcacm.c:382:6:usb_cdcacm_enable	16	static
../_Library/Arduino_STM32-master/STM32F1/cores/maple/libmaple/usb/stm32f1/usb_cdcacm.c:399:6:usb_cdcacm_disable	16	static
../_Library/Arduino_STM32-master/STM32F1/cores/maple/libmaple/usb/stm32f1/usb_cdcacm.c:412:6:usb_cdcacm_putc	16	static
../_Library/Arduino_STM32-master/STM32F1/cores/maple/libmaple/usb/stm32f1/usb_cdcacm.c:421:8:usb_cdcacm_tx	32	static
../_Library/Arduino_STM32-master/STM32F1/cores/maple/libmaple/usb/stm32f1/usb_cdcacm.c:451:8:usb_cdcacm_data_available	4	static
../_Library/Arduino_STM32-master/STM32F1/cores/maple/libmaple/usb/stm32f1/usb_cdcacm.c:455:7:usb_cdcacm_is_transmitting	4	static
../_Library/Arduino_STM32-master/STM32F1/cores/maple/libmaple/usb/stm32f1/usb_cdcacm.c:459:5:usb_cdcacm_tx_available	8	static
../_Library/Arduino_STM32-master/STM32F1/cores/maple/libmaple/usb/stm32f1/usb_cdcacm.c:464:8:usb_cdcacm_get_pending	4	static
../_Library/Arduino_STM32-master/STM32F1/cores/maple/libmaple/usb/stm32f1/usb_cdcacm.c:472:8:usb_cdcacm_rx	32	static
../_Library/Arduino_STM32-master/STM32F1/cores/maple/libmaple/usb/stm32f1/usb_cdcacm.c:493:8:usb_cdcacm_peek	32	static
../_Library/Arduino_STM32-master/STM32F1/cores/maple/libmaple/usb/stm32f1/usb_cdcacm.c:511:8:usb_cdcacm_peek_ex	40	static
../_Library/Arduino_STM32-master/STM32F1/cores/maple/libmaple/usb/stm32f1/usb_cdcacm.c:530:5:usb_cdcacm_peek_char	8	static
../_Library/Arduino_STM32-master/STM32F1/cores/maple/libmaple/usb/stm32f1/usb_cdcacm.c:540:7:usb_cdcacm_get_dtr	4	static
../_Library/Arduino_STM32-master/STM32F1/cores/maple/libmaple/usb/stm32f1/usb_cdcacm.c:544:7:usb_cdcacm_get_rts	4	static
../_Library/Arduino_STM32-master/STM32F1/cores/maple/libmaple/usb/stm32f1/usb_cdcacm.c:548:6:usb_cdcacm_get_line_coding	16	static
../_Library/Arduino_STM32-master/STM32F1/cores/maple/libmaple/usb/stm32f1/usb_cdcacm.c:555:5:usb_cdcacm_get_baud	4	static
../_Library/Arduino_STM32-master/STM32F1/cores/maple/libmaple/usb/stm32f1/usb_cdcacm.c:559:5:usb_cdcacm_get_stop_bits	4	static
../_Library/Arduino_STM32-master/STM32F1/cores/maple/libmaple/usb/stm32f1/usb_cdcacm.c:563:5:usb_cdcacm_get_parity	4	static
../_Library/Arduino_STM32-master/STM32F1/cores/maple/libmaple/usb/stm32f1/usb_cdcacm.c:567:5:usb_cdcacm_get_n_data_bits	4	static
../_Library/Arduino_STM32-master/STM32F1/cores/maple/libmaple/usb/stm32f1/usb_cdcacm.c:574:13:vcomDataTxCb	32	static
../_Library/Arduino_STM32-master/STM32F1/cores/maple/libmaple/usb/stm32f1/usb_cdcacm.c:612:13:vcomDataRxCb	32	static
../_Library/Arduino_STM32-master/STM32F1/cores/maple/libmaple/usb/stm32f1/usb_cdcacm.c:646:15:vcomGetSetLineCoding	16	static
../_Library/Arduino_STM32-master/STM32F1/cores/maple/libmaple/usb/stm32f1/usb_cdcacm.c:653:13:usbInit	8	static
../_Library/Arduino_STM32-master/STM32F1/cores/maple/libmaple/usb/stm32f1/usb_cdcacm.c:674:13:usbReset	8	static
../_Library/Arduino_STM32-master/STM32F1/cores/maple/libmaple/usb/stm32f1/usb_cdcacm.c:725:15:usbDataSetup	24	static
../_Library/Arduino_STM32-master/STM32F1/cores/maple/libmaple/usb/stm32f1/usb_cdcacm.c:757:15:usbNoDataSetup	24	static
../_Library/Arduino_STM32-master/STM32F1/cores/maple/libmaple/usb/stm32f1/usb_cdcacm.c:784:15:usbGetInterfaceSetting	16	static
../_Library/Arduino_STM32-master/STM32F1/cores/maple/libmaple/usb/stm32f1/usb_cdcacm.c:794:15:usbGetDeviceDescriptor	16	static
../_Library/Arduino_STM32-master/STM32F1/cores/maple/libmaple/usb/stm32f1/usb_cdcacm.c:798:15:usbGetConfigDescriptor	16	static
../_Library/Arduino_STM32-master/STM32F1/cores/maple/libmaple/usb/stm32f1/usb_cdcacm.c:802:15:usbGetStringDescriptor	24	static
../_Library/Arduino_STM32-master/STM32F1/cores/maple/libmaple/usb/stm32f1/usb_cdcacm.c:811:13:usbSetConfiguration	4	static
../_Library/Arduino_STM32-master/STM32F1/cores/maple/libmaple/usb/stm32f1/usb_cdcacm.c:817:13:usbSetDeviceAddress	4	static
