../_Library/libusb_stm32-master/src/usbd_stm32f103_devfs.c:76:30:EPT	16	static
../_Library/libusb_stm32-master/src/usbd_stm32f103_devfs.c:80:29:PMA	16	static
../_Library/libusb_stm32-master/src/usbd_stm32f103_devfs.c:104:20:set_gpiox	4	static
../_Library/libusb_stm32-master/src/usbd_stm32f103_devfs.c:139:34:EPR	16	static
../_Library/libusb_stm32-master/src/usbd_stm32f103_devfs.c:149:17:get_next_pma	32	static
../_Library/libusb_stm32-master/src/usbd_stm32f103_devfs.c:159:17:getinfo	4	static
../_Library/libusb_stm32-master/src/usbd_stm32f103_devfs.c:169:13:ep_setstall	24	static
../_Library/libusb_stm32-master/src/usbd_stm32f103_devfs.c:206:13:ep_isstalled	16	static
../_Library/libusb_stm32-master/src/usbd_stm32f103_devfs.c:214:16:connect	16	static
../_Library/libusb_stm32-master/src/usbd_stm32f103_devfs.c:246:13:enable	16	static
../_Library/libusb_stm32-master/src/usbd_stm32f103_devfs.c:265:13:setaddr	16	static
../_Library/libusb_stm32-master/src/usbd_stm32f103_devfs.c:269:13:ep_config	32	static
../_Library/libusb_stm32-master/src/usbd_stm32f103_devfs.c:338:13:ep_deconfig	24	static
../_Library/libusb_stm32-master/src/usbd_stm32f103_devfs.c:347:17:pma_read	40	static
../_Library/libusb_stm32-master/src/usbd_stm32f103_devfs.c:367:16:ep_read	32	static
../_Library/libusb_stm32-master/src/usbd_stm32f103_devfs.c:410:13:pma_write	40	static
../_Library/libusb_stm32-master/src/usbd_stm32f103_devfs.c:424:16:ep_write	24	static
../_Library/libusb_stm32-master/src/usbd_stm32f103_devfs.c:459:17:get_frame	4	static
../_Library/libusb_stm32-master/src/usbd_stm32f103_devfs.c:463:13:evt_poll	32	static
../_Library/libusb_stm32-master/src/usbd_stm32f103_devfs.c:507:17:fnv1a32_turn	24	static
../_Library/libusb_stm32-master/src/usbd_stm32f103_devfs.c:516:17:get_serialno_desc	40	static
